[ 10%] Built target rogilink_flex_interfaces__rosidl_generator_c
[ 12%] Built target rogilink_flex_interfaces__cpp
[ 12%] Built target ament_cmake_python_copy_rogilink_flex_interfaces
[ 31%] Built target rogilink_flex_interfaces__rosidl_typesupport_fastrtps_cpp
[ 34%] Built target rogilink_flex_interfaces__rosidl_typesupport_fastrtps_c
[ 55%] Built target rogilink_flex_interfaces__rosidl_typesupport_cpp
[ 44%] Built target rogilink_flex_interfaces__rosidl_typesupport_introspection_c
[ 65%] Built target rogilink_flex_interfaces__rosidl_typesupport_introspection_cpp
[ 76%] Built target rogilink_flex_interfaces__rosidl_typesupport_c
[ 76%] Built target rogilink_flex_interfaces
[ 78%] Built target rogilink_flex_interfaces__py
[ 87%] Built target rogilink_flex_interfaces__rosidl_generator_py
[ 95%] Built target rogilink_flex_interfaces__rosidl_typesupport_introspection_c__pyext
[ 95%] Built target rogilink_flex_interfaces__rosidl_typesupport_c__pyext
[100%] Built target rogilink_flex_interfaces__rosidl_typesupport_fastrtps_c__pyext
running egg_info
writing rogilink_flex_interfaces.egg-info/PKG-INFO
writing dependency_links to rogilink_flex_interfaces.egg-info/dependency_links.txt
writing top-level names to rogilink_flex_interfaces.egg-info/top_level.txt
reading manifest file 'rogilink_flex_interfaces.egg-info/SOURCES.txt'
writing manifest file 'rogilink_flex_interfaces.egg-info/SOURCES.txt'
[100%] Built target ament_cmake_python_build_rogilink_flex_interfaces_egg
