[0.263s] Invoking command in '/home/a/ws_moveit2/build/rogilink_flex_interfaces': CMAKE_PREFIX_PATH=${CMAKE_PREFIX_PATH}:/home/a/ws_moveit2/install/trac_ik_lib:/home/a/ws_moveit2/install/mavlink_controller_client:/home/a/ws_moveit2/install/moveit_configs_utils:/home/a/ws_moveit2/install/srdfdom:/home/a/ws_moveit2/install/ros_tcp_endpoint:/home/a/ws_moveit2/install/rogilink_flex_example_py:/home/a/ws_moveit2/install/rogilink_flex_gui:/home/a/ws_moveit2/install/realsense2_ros_mqtt_bridge:/home/a/ws_moveit2/install/realsense2_camera_msgs:/home/a/ws_moveit2/install/moveit_task_constructor_msgs:/home/a/ws_moveit2/install/moveit_resources_prbt_support:/home/a/ws_moveit2/install/moveit_resources_pr2_description:/home/a/ws_moveit2/install/moveit_resources_panda_description:/home/a/ws_moveit2/install/moveit_resources_fanuc_description:/home/a/ws_moveit2/install/moveit_common:/home/a/ws_moveit2/install/launch_param_builder:/home/a/ws_moveit2/install/dynamixel_sdk_custom_interfaces:/home/a/ws_moveit2/install/dynamixel_controller_gui:/home/a/ws_moveit2/install/dynamixel_sdk:/home/a/ws_moveit2/install/dynamixel_controller_client:/home/a/ws_moveit2/install/d415_rgb_depth_3d:/home/a/ws_moveit2/install/catch_gazebo_ros2_control:/home/a/ws_moveit2/install/blue_seiretu_description:/opt/ros/humble /usr/bin/cmake --build /home/a/ws_moveit2/build/rogilink_flex_interfaces -- -j22 -l22
[0.939s] [ 10%] Built target rogilink_flex_interfaces__rosidl_generator_c
[0.940s] [ 12%] Built target rogilink_flex_interfaces__cpp
[0.940s] [ 12%] Built target ament_cmake_python_copy_rogilink_flex_interfaces
[0.940s] [ 31%] Built target rogilink_flex_interfaces__rosidl_typesupport_fastrtps_cpp
[0.940s] [ 34%] Built target rogilink_flex_interfaces__rosidl_typesupport_fastrtps_c
[0.940s] [ 55%] Built target rogilink_flex_interfaces__rosidl_typesupport_cpp
[0.940s] [ 44%] Built target rogilink_flex_interfaces__rosidl_typesupport_introspection_c
[0.940s] [ 65%] Built target rogilink_flex_interfaces__rosidl_typesupport_introspection_cpp
[0.940s] [ 76%] Built target rogilink_flex_interfaces__rosidl_typesupport_c
[0.940s] [ 76%] Built target rogilink_flex_interfaces
[0.940s] [ 78%] Built target rogilink_flex_interfaces__py
[0.940s] [ 87%] Built target rogilink_flex_interfaces__rosidl_generator_py
[0.940s] [ 95%] Built target rogilink_flex_interfaces__rosidl_typesupport_introspection_c__pyext
[0.940s] [ 95%] Built target rogilink_flex_interfaces__rosidl_typesupport_c__pyext
[0.940s] [100%] Built target rogilink_flex_interfaces__rosidl_typesupport_fastrtps_c__pyext
[0.940s] running egg_info
[0.940s] writing rogilink_flex_interfaces.egg-info/PKG-INFO
[0.940s] writing dependency_links to rogilink_flex_interfaces.egg-info/dependency_links.txt
[0.940s] writing top-level names to rogilink_flex_interfaces.egg-info/top_level.txt
[0.940s] reading manifest file 'rogilink_flex_interfaces.egg-info/SOURCES.txt'
[0.940s] writing manifest file 'rogilink_flex_interfaces.egg-info/SOURCES.txt'
[0.940s] [100%] Built target ament_cmake_python_build_rogilink_flex_interfaces_egg
[0.992s] Invoked command in '/home/a/ws_moveit2/build/rogilink_flex_interfaces' returned '0': CMAKE_PREFIX_PATH=${CMAKE_PREFIX_PATH}:/home/a/ws_moveit2/install/trac_ik_lib:/home/a/ws_moveit2/install/mavlink_controller_client:/home/a/ws_moveit2/install/moveit_configs_utils:/home/a/ws_moveit2/install/srdfdom:/home/a/ws_moveit2/install/ros_tcp_endpoint:/home/a/ws_moveit2/install/rogilink_flex_example_py:/home/a/ws_moveit2/install/rogilink_flex_gui:/home/a/ws_moveit2/install/realsense2_ros_mqtt_bridge:/home/a/ws_moveit2/install/realsense2_camera_msgs:/home/a/ws_moveit2/install/moveit_task_constructor_msgs:/home/a/ws_moveit2/install/moveit_resources_prbt_support:/home/a/ws_moveit2/install/moveit_resources_pr2_description:/home/a/ws_moveit2/install/moveit_resources_panda_description:/home/a/ws_moveit2/install/moveit_resources_fanuc_description:/home/a/ws_moveit2/install/moveit_common:/home/a/ws_moveit2/install/launch_param_builder:/home/a/ws_moveit2/install/dynamixel_sdk_custom_interfaces:/home/a/ws_moveit2/install/dynamixel_controller_gui:/home/a/ws_moveit2/install/dynamixel_sdk:/home/a/ws_moveit2/install/dynamixel_controller_client:/home/a/ws_moveit2/install/d415_rgb_depth_3d:/home/a/ws_moveit2/install/catch_gazebo_ros2_control:/home/a/ws_moveit2/install/blue_seiretu_description:/opt/ros/humble /usr/bin/cmake --build /home/a/ws_moveit2/build/rogilink_flex_interfaces -- -j22 -l22
[0.993s] Invoking command in '/home/a/ws_moveit2/build/rogilink_flex_interfaces': CMAKE_PREFIX_PATH=${CMAKE_PREFIX_PATH}:/home/a/ws_moveit2/install/trac_ik_lib:/home/a/ws_moveit2/install/mavlink_controller_client:/home/a/ws_moveit2/install/moveit_configs_utils:/home/a/ws_moveit2/install/srdfdom:/home/a/ws_moveit2/install/ros_tcp_endpoint:/home/a/ws_moveit2/install/rogilink_flex_example_py:/home/a/ws_moveit2/install/rogilink_flex_gui:/home/a/ws_moveit2/install/realsense2_ros_mqtt_bridge:/home/a/ws_moveit2/install/realsense2_camera_msgs:/home/a/ws_moveit2/install/moveit_task_constructor_msgs:/home/a/ws_moveit2/install/moveit_resources_prbt_support:/home/a/ws_moveit2/install/moveit_resources_pr2_description:/home/a/ws_moveit2/install/moveit_resources_panda_description:/home/a/ws_moveit2/install/moveit_resources_fanuc_description:/home/a/ws_moveit2/install/moveit_common:/home/a/ws_moveit2/install/launch_param_builder:/home/a/ws_moveit2/install/dynamixel_sdk_custom_interfaces:/home/a/ws_moveit2/install/dynamixel_controller_gui:/home/a/ws_moveit2/install/dynamixel_sdk:/home/a/ws_moveit2/install/dynamixel_controller_client:/home/a/ws_moveit2/install/d415_rgb_depth_3d:/home/a/ws_moveit2/install/catch_gazebo_ros2_control:/home/a/ws_moveit2/install/blue_seiretu_description:/opt/ros/humble /usr/bin/cmake --install /home/a/ws_moveit2/build/rogilink_flex_interfaces
