[0.000000] (-) TimerEvent: {}
[0.000540] (-) JobUnselected: {'identifier': 'MAVLink_f446re'}
[0.000590] (-) JobUnselected: {'identifier': 'blue_seiretu_description'}
[0.000617] (-) JobUnselected: {'identifier': 'catch_gazebo_ros2_control'}
[0.000640] (-) JobUnselected: {'identifier': 'chomp_motion_planner'}
[0.000662] (-) JobUnselected: {'identifier': 'd415_rgb_depth_3d'}
[0.000684] (-) JobUnselected: {'identifier': 'dynamixel_controller'}
[0.000706] (-) JobUnselected: {'identifier': 'dynamixel_controller_client'}
[0.000727] (-) JobUnselected: {'identifier': 'dynamixel_controller_gui'}
[0.000748] (-) JobUnselected: {'identifier': 'dynamixel_sdk'}
[0.000770] (-) JobUnselected: {'identifier': 'dynamixel_sdk_custom_interfaces'}
[0.000791] (-) JobUnselected: {'identifier': 'dynamixel_sdk_examples'}
[0.000812] (-) JobUnselected: {'identifier': 'field_description'}
[0.000833] (-) JobUnselected: {'identifier': 'hello_moveit'}
[0.000854] (-) JobUnselected: {'identifier': 'launch_param_builder'}
[0.000875] (-) JobUnselected: {'identifier': 'mavlink_controller_client'}
[0.000896] (-) JobUnselected: {'identifier': 'mavlink_gui_tester'}
[0.000917] (-) JobUnselected: {'identifier': 'moveit'}
[0.000940] (-) JobUnselected: {'identifier': 'moveit2_tutorials'}
[0.000963] (-) JobUnselected: {'identifier': 'moveit_chomp_optimizer_adapter'}
[0.000988] (-) JobUnselected: {'identifier': 'moveit_common'}
[0.001011] (-) JobUnselected: {'identifier': 'moveit_configs_utils'}
[0.001035] (-) JobUnselected: {'identifier': 'moveit_core'}
[0.001058] (-) JobUnselected: {'identifier': 'moveit_hybrid_planning'}
[0.001081] (-) JobUnselected: {'identifier': 'moveit_kinematics'}
[0.001105] (-) JobUnselected: {'identifier': 'moveit_planners'}
[0.001128] (-) JobUnselected: {'identifier': 'moveit_planners_chomp'}
[0.001151] (-) JobUnselected: {'identifier': 'moveit_planners_ompl'}
[0.001175] (-) JobUnselected: {'identifier': 'moveit_plugins'}
[0.001198] (-) JobUnselected: {'identifier': 'moveit_resources'}
[0.001221] (-) JobUnselected: {'identifier': 'moveit_resources_fanuc_description'}
[0.001244] (-) JobUnselected: {'identifier': 'moveit_resources_fanuc_moveit_config'}
[0.001268] (-) JobUnselected: {'identifier': 'moveit_resources_panda_description'}
[0.001291] (-) JobUnselected: {'identifier': 'moveit_resources_panda_moveit_config'}
[0.001315] (-) JobUnselected: {'identifier': 'moveit_resources_pr2_description'}
[0.001394] (-) JobUnselected: {'identifier': 'moveit_resources_prbt_ikfast_manipulator_plugin'}
[0.001448] (-) JobUnselected: {'identifier': 'moveit_resources_prbt_moveit_config'}
[0.001469] (-) JobUnselected: {'identifier': 'moveit_resources_prbt_pg70_support'}
[0.001486] (-) JobUnselected: {'identifier': 'moveit_resources_prbt_support'}
[0.001503] (-) JobUnselected: {'identifier': 'moveit_ros'}
[0.001518] (-) JobUnselected: {'identifier': 'moveit_ros_benchmarks'}
[0.001533] (-) JobUnselected: {'identifier': 'moveit_ros_control_interface'}
[0.001549] (-) JobUnselected: {'identifier': 'moveit_ros_move_group'}
[0.001564] (-) JobUnselected: {'identifier': 'moveit_ros_occupancy_map_monitor'}
[0.001579] (-) JobUnselected: {'identifier': 'moveit_ros_perception'}
[0.001594] (-) JobUnselected: {'identifier': 'moveit_ros_planning'}
[0.001608] (-) JobUnselected: {'identifier': 'moveit_ros_planning_interface'}
[0.001623] (-) JobUnselected: {'identifier': 'moveit_ros_robot_interaction'}
[0.001638] (-) JobUnselected: {'identifier': 'moveit_ros_visualization'}
[0.001653] (-) JobUnselected: {'identifier': 'moveit_ros_warehouse'}
[0.001667] (-) JobUnselected: {'identifier': 'moveit_runtime'}
[0.001682] (-) JobUnselected: {'identifier': 'moveit_servo'}
[0.001696] (-) JobUnselected: {'identifier': 'moveit_setup_app_plugins'}
[0.001710] (-) JobUnselected: {'identifier': 'moveit_setup_assistant'}
[0.001726] (-) JobUnselected: {'identifier': 'moveit_setup_controllers'}
[0.001740] (-) JobUnselected: {'identifier': 'moveit_setup_core_plugins'}
[0.001754] (-) JobUnselected: {'identifier': 'moveit_setup_framework'}
[0.001769] (-) JobUnselected: {'identifier': 'moveit_setup_srdf_plugins'}
[0.001798] (-) JobUnselected: {'identifier': 'moveit_simple_controller_manager'}
[0.001814] (-) JobUnselected: {'identifier': 'moveit_task_constructor_capabilities'}
[0.001828] (-) JobUnselected: {'identifier': 'moveit_task_constructor_core'}
[0.001843] (-) JobUnselected: {'identifier': 'moveit_task_constructor_demo'}
[0.001858] (-) JobUnselected: {'identifier': 'moveit_task_constructor_msgs'}
[0.001873] (-) JobUnselected: {'identifier': 'moveit_task_constructor_visualization'}
[0.001888] (-) JobUnselected: {'identifier': 'moveit_visual_tools'}
[0.001903] (-) JobUnselected: {'identifier': 'mtc_tutorial'}
[0.001918] (-) JobUnselected: {'identifier': 'object_description'}
[0.001933] (-) JobUnselected: {'identifier': 'pilz_industrial_motion_planner'}
[0.001947] (-) JobUnselected: {'identifier': 'pilz_industrial_motion_planner_testutils'}
[0.001962] (-) JobUnselected: {'identifier': 'realsense2_camera'}
[0.001977] (-) JobUnselected: {'identifier': 'realsense2_camera_msgs'}
[0.001991] (-) JobUnselected: {'identifier': 'realsense2_description'}
[0.002006] (-) JobUnselected: {'identifier': 'realsense2_ros_mqtt_bridge'}
[0.002021] (-) JobUnselected: {'identifier': 'red_seiretu_description'}
[0.002037] (-) JobUnselected: {'identifier': 'robot_config'}
[0.002051] (-) JobUnselected: {'identifier': 'ros_tcp_endpoint'}
[0.002066] (-) JobUnselected: {'identifier': 'rosparam_shortcuts'}
[0.002081] (-) JobUnselected: {'identifier': 'rviz_marker_tools'}
[0.002106] (-) JobUnselected: {'identifier': 'srdfdom'}
[0.002122] (-) JobUnselected: {'identifier': 'stm32_mavlink_interface'}
[0.002137] (-) JobUnselected: {'identifier': 'trac_ik'}
[0.002151] (-) JobUnselected: {'identifier': 'trac_ik_kinematics_plugin'}
[0.002166] (-) JobUnselected: {'identifier': 'trac_ik_lib'}
[0.002180] (-) JobUnselected: {'identifier': 'urdf_0816_description'}
[0.002195] (-) EventReactorShutdown: {}
