[0.436s] Invoking command in '/home/a/ws_moveit2/src/rogilinkFlex-ros2/rogilink_flex_gui': PYTHONPATH=/home/a/ws_moveit2/build/rogilink_flex_gui/prefix_override:/usr/lib/python3/dist-packages/colcon_core/task/python/colcon_distutils_commands:/home/a/ws_moveit2/install/rogilink_flex_gui/lib/python3.10/site-packages:${PYTHONPATH} /usr/bin/python3 -W ignore:setup.py install is deprecated -W ignore:easy_install command is deprecated setup.py egg_info --egg-base ../../../build/rogilink_flex_gui build --build-base /home/a/ws_moveit2/build/rogilink_flex_gui/build install --record /home/a/ws_moveit2/build/rogilink_flex_gui/install.log --single-version-externally-managed install_data
[0.612s] running egg_info
[0.613s] creating ../../../build/rogilink_flex_gui/rogilink_flex_gui.egg-info
[0.613s] writing ../../../build/rogilink_flex_gui/rogilink_flex_gui.egg-info/PKG-INFO
[0.613s] writing dependency_links to ../../../build/rogilink_flex_gui/rogilink_flex_gui.egg-info/dependency_links.txt
[0.613s] writing entry points to ../../../build/rogilink_flex_gui/rogilink_flex_gui.egg-info/entry_points.txt
[0.613s] writing requirements to ../../../build/rogilink_flex_gui/rogilink_flex_gui.egg-info/requires.txt
[0.613s] writing top-level names to ../../../build/rogilink_flex_gui/rogilink_flex_gui.egg-info/top_level.txt
[0.613s] writing manifest file '../../../build/rogilink_flex_gui/rogilink_flex_gui.egg-info/SOURCES.txt'
[0.614s] reading manifest file '../../../build/rogilink_flex_gui/rogilink_flex_gui.egg-info/SOURCES.txt'
[0.615s] writing manifest file '../../../build/rogilink_flex_gui/rogilink_flex_gui.egg-info/SOURCES.txt'
[0.615s] running build
[0.615s] running build_py
[0.615s] creating /home/a/ws_moveit2/build/rogilink_flex_gui/build
[0.615s] creating /home/a/ws_moveit2/build/rogilink_flex_gui/build/lib
[0.616s] creating /home/a/ws_moveit2/build/rogilink_flex_gui/build/lib/rogilink_flex_gui
[0.616s] copying rogilink_flex_gui/gui.py -> /home/a/ws_moveit2/build/rogilink_flex_gui/build/lib/rogilink_flex_gui
[0.616s] copying rogilink_flex_gui/__init__.py -> /home/a/ws_moveit2/build/rogilink_flex_gui/build/lib/rogilink_flex_gui
[0.616s] creating /home/a/ws_moveit2/build/rogilink_flex_gui/build/lib/rogilink_flex_gui/modules
[0.616s] copying rogilink_flex_gui/modules/transmission_widget.py -> /home/a/ws_moveit2/build/rogilink_flex_gui/build/lib/rogilink_flex_gui/modules
[0.616s] copying rogilink_flex_gui/modules/console.py -> /home/a/ws_moveit2/build/rogilink_flex_gui/build/lib/rogilink_flex_gui/modules
[0.616s] copying rogilink_flex_gui/modules/main_widget.py -> /home/a/ws_moveit2/build/rogilink_flex_gui/build/lib/rogilink_flex_gui/modules
[0.616s] copying rogilink_flex_gui/modules/__init__.py -> /home/a/ws_moveit2/build/rogilink_flex_gui/build/lib/rogilink_flex_gui/modules
[0.616s] copying rogilink_flex_gui/modules/style_sheet.py -> /home/a/ws_moveit2/build/rogilink_flex_gui/build/lib/rogilink_flex_gui/modules
[0.616s] copying rogilink_flex_gui/modules/reception_widget.py -> /home/a/ws_moveit2/build/rogilink_flex_gui/build/lib/rogilink_flex_gui/modules
[0.616s] running install
[0.616s] running install_lib
[0.616s] creating /home/a/ws_moveit2/install/rogilink_flex_gui/lib/python3.10/site-packages/rogilink_flex_gui
[0.617s] creating /home/a/ws_moveit2/install/rogilink_flex_gui/lib/python3.10/site-packages/rogilink_flex_gui/modules
[0.617s] copying /home/a/ws_moveit2/build/rogilink_flex_gui/build/lib/rogilink_flex_gui/modules/transmission_widget.py -> /home/a/ws_moveit2/install/rogilink_flex_gui/lib/python3.10/site-packages/rogilink_flex_gui/modules
[0.617s] copying /home/a/ws_moveit2/build/rogilink_flex_gui/build/lib/rogilink_flex_gui/modules/console.py -> /home/a/ws_moveit2/install/rogilink_flex_gui/lib/python3.10/site-packages/rogilink_flex_gui/modules
[0.617s] copying /home/a/ws_moveit2/build/rogilink_flex_gui/build/lib/rogilink_flex_gui/modules/main_widget.py -> /home/a/ws_moveit2/install/rogilink_flex_gui/lib/python3.10/site-packages/rogilink_flex_gui/modules
[0.617s] copying /home/a/ws_moveit2/build/rogilink_flex_gui/build/lib/rogilink_flex_gui/modules/__init__.py -> /home/a/ws_moveit2/install/rogilink_flex_gui/lib/python3.10/site-packages/rogilink_flex_gui/modules
[0.617s] copying /home/a/ws_moveit2/build/rogilink_flex_gui/build/lib/rogilink_flex_gui/modules/style_sheet.py -> /home/a/ws_moveit2/install/rogilink_flex_gui/lib/python3.10/site-packages/rogilink_flex_gui/modules
[0.617s] copying /home/a/ws_moveit2/build/rogilink_flex_gui/build/lib/rogilink_flex_gui/modules/reception_widget.py -> /home/a/ws_moveit2/install/rogilink_flex_gui/lib/python3.10/site-packages/rogilink_flex_gui/modules
[0.617s] copying /home/a/ws_moveit2/build/rogilink_flex_gui/build/lib/rogilink_flex_gui/gui.py -> /home/a/ws_moveit2/install/rogilink_flex_gui/lib/python3.10/site-packages/rogilink_flex_gui
[0.617s] copying /home/a/ws_moveit2/build/rogilink_flex_gui/build/lib/rogilink_flex_gui/__init__.py -> /home/a/ws_moveit2/install/rogilink_flex_gui/lib/python3.10/site-packages/rogilink_flex_gui
[0.617s] byte-compiling /home/a/ws_moveit2/install/rogilink_flex_gui/lib/python3.10/site-packages/rogilink_flex_gui/modules/transmission_widget.py to transmission_widget.cpython-310.pyc
[0.618s] byte-compiling /home/a/ws_moveit2/install/rogilink_flex_gui/lib/python3.10/site-packages/rogilink_flex_gui/modules/console.py to console.cpython-310.pyc
[0.618s] byte-compiling /home/a/ws_moveit2/install/rogilink_flex_gui/lib/python3.10/site-packages/rogilink_flex_gui/modules/main_widget.py to main_widget.cpython-310.pyc
[0.619s] byte-compiling /home/a/ws_moveit2/install/rogilink_flex_gui/lib/python3.10/site-packages/rogilink_flex_gui/modules/__init__.py to __init__.cpython-310.pyc
[0.619s] byte-compiling /home/a/ws_moveit2/install/rogilink_flex_gui/lib/python3.10/site-packages/rogilink_flex_gui/modules/style_sheet.py to style_sheet.cpython-310.pyc
[0.619s] byte-compiling /home/a/ws_moveit2/install/rogilink_flex_gui/lib/python3.10/site-packages/rogilink_flex_gui/modules/reception_widget.py to reception_widget.cpython-310.pyc
[0.619s] byte-compiling /home/a/ws_moveit2/install/rogilink_flex_gui/lib/python3.10/site-packages/rogilink_flex_gui/gui.py to gui.cpython-310.pyc
[0.620s] byte-compiling /home/a/ws_moveit2/install/rogilink_flex_gui/lib/python3.10/site-packages/rogilink_flex_gui/__init__.py to __init__.cpython-310.pyc
[0.620s] running install_data
[0.620s] creating /home/a/ws_moveit2/install/rogilink_flex_gui/share/ament_index
[0.620s] creating /home/a/ws_moveit2/install/rogilink_flex_gui/share/ament_index/resource_index
[0.620s] creating /home/a/ws_moveit2/install/rogilink_flex_gui/share/ament_index/resource_index/packages
[0.620s] copying resource/rogilink_flex_gui -> /home/a/ws_moveit2/install/rogilink_flex_gui/share/ament_index/resource_index/packages
[0.620s] copying package.xml -> /home/a/ws_moveit2/install/rogilink_flex_gui/share/rogilink_flex_gui
[0.620s] copying launch/gui.launch.py -> /home/a/ws_moveit2/install/rogilink_flex_gui/share/rogilink_flex_gui
[0.620s] running install_egg_info
[0.621s] Copying ../../../build/rogilink_flex_gui/rogilink_flex_gui.egg-info to /home/a/ws_moveit2/install/rogilink_flex_gui/lib/python3.10/site-packages/rogilink_flex_gui-0.0.0-py3.10.egg-info
[0.622s] running install_scripts
[0.636s] Installing gui script to /home/a/ws_moveit2/install/rogilink_flex_gui/lib/rogilink_flex_gui
[0.636s] writing list of installed files to '/home/a/ws_moveit2/build/rogilink_flex_gui/install.log'
[0.651s] Invoked command in '/home/a/ws_moveit2/src/rogilinkFlex-ros2/rogilink_flex_gui' returned '0': PYTHONPATH=/home/a/ws_moveit2/build/rogilink_flex_gui/prefix_override:/usr/lib/python3/dist-packages/colcon_core/task/python/colcon_distutils_commands:/home/a/ws_moveit2/install/rogilink_flex_gui/lib/python3.10/site-packages:${PYTHONPATH} /usr/bin/python3 -W ignore:setup.py install is deprecated -W ignore:easy_install command is deprecated setup.py egg_info --egg-base ../../../build/rogilink_flex_gui build --build-base /home/a/ws_moveit2/build/rogilink_flex_gui/build install --record /home/a/ws_moveit2/build/rogilink_flex_gui/install.log --single-version-externally-managed install_data
