running egg_info
creating ../../../build/rogilink_flex_example_py/rogilink_flex_example_py.egg-info
writing ../../../build/rogilink_flex_example_py/rogilink_flex_example_py.egg-info/PKG-INFO
writing dependency_links to ../../../build/rogilink_flex_example_py/rogilink_flex_example_py.egg-info/dependency_links.txt
writing entry points to ../../../build/rogilink_flex_example_py/rogilink_flex_example_py.egg-info/entry_points.txt
writing requirements to ../../../build/rogilink_flex_example_py/rogilink_flex_example_py.egg-info/requires.txt
writing top-level names to ../../../build/rogilink_flex_example_py/rogilink_flex_example_py.egg-info/top_level.txt
writing manifest file '../../../build/rogilink_flex_example_py/rogilink_flex_example_py.egg-info/SOURCES.txt'
reading manifest file '../../../build/rogilink_flex_example_py/rogilink_flex_example_py.egg-info/SOURCES.txt'
writing manifest file '../../../build/rogilink_flex_example_py/rogilink_flex_example_py.egg-info/SOURCES.txt'
running build
running build_py
creating /home/a/ws_moveit2/build/rogilink_flex_example_py/build
creating /home/a/ws_moveit2/build/rogilink_flex_example_py/build/lib
creating /home/a/ws_moveit2/build/rogilink_flex_example_py/build/lib/rogilink_flex_example_py
copying rogilink_flex_example_py/example_node.py -> /home/a/ws_moveit2/build/rogilink_flex_example_py/build/lib/rogilink_flex_example_py
copying rogilink_flex_example_py/__init__.py -> /home/a/ws_moveit2/build/rogilink_flex_example_py/build/lib/rogilink_flex_example_py
running install
running install_lib
creating /home/a/ws_moveit2/install/rogilink_flex_example_py/lib/python3.10/site-packages/rogilink_flex_example_py
copying /home/a/ws_moveit2/build/rogilink_flex_example_py/build/lib/rogilink_flex_example_py/example_node.py -> /home/a/ws_moveit2/install/rogilink_flex_example_py/lib/python3.10/site-packages/rogilink_flex_example_py
copying /home/a/ws_moveit2/build/rogilink_flex_example_py/build/lib/rogilink_flex_example_py/__init__.py -> /home/a/ws_moveit2/install/rogilink_flex_example_py/lib/python3.10/site-packages/rogilink_flex_example_py
byte-compiling /home/a/ws_moveit2/install/rogilink_flex_example_py/lib/python3.10/site-packages/rogilink_flex_example_py/example_node.py to example_node.cpython-310.pyc
byte-compiling /home/a/ws_moveit2/install/rogilink_flex_example_py/lib/python3.10/site-packages/rogilink_flex_example_py/__init__.py to __init__.cpython-310.pyc
running install_data
creating /home/a/ws_moveit2/install/rogilink_flex_example_py/share/ament_index
creating /home/a/ws_moveit2/install/rogilink_flex_example_py/share/ament_index/resource_index
creating /home/a/ws_moveit2/install/rogilink_flex_example_py/share/ament_index/resource_index/packages
copying resource/rogilink_flex_example_py -> /home/a/ws_moveit2/install/rogilink_flex_example_py/share/ament_index/resource_index/packages
copying package.xml -> /home/a/ws_moveit2/install/rogilink_flex_example_py/share/rogilink_flex_example_py
copying launch/example.launch.py -> /home/a/ws_moveit2/install/rogilink_flex_example_py/share/rogilink_flex_example_py
running install_egg_info
Copying ../../../build/rogilink_flex_example_py/rogilink_flex_example_py.egg-info to /home/a/ws_moveit2/install/rogilink_flex_example_py/lib/python3.10/site-packages/rogilink_flex_example_py-0.0.0-py3.10.egg-info
running install_scripts
Installing example_node script to /home/a/ws_moveit2/install/rogilink_flex_example_py/lib/rogilink_flex_example_py
writing list of installed files to '/home/a/ws_moveit2/build/rogilink_flex_example_py/install.log'
