[35m[1mConsolidate compiler generated dependencies of target rogilink_flex_interfaces__rosidl_generator_c[0m
[  2%] Built target rogilink_flex_interfaces__cpp
[ 12%] Built target rogilink_flex_interfaces__rosidl_generator_c
[35m[1mConsolidate compiler generated dependencies of target rogilink_flex_interfaces__rosidl_typesupport_fastrtps_cpp[0m
[ 12%] Built target ament_cmake_python_copy_rogilink_flex_interfaces
[35m[1mConsolidate compiler generated dependencies of target rogilink_flex_interfaces__rosidl_typesupport_cpp[0m
[35m[1mConsolidate compiler generated dependencies of target rogilink_flex_interfaces__rosidl_typesupport_introspection_cpp[0m
[35m[1mConsolidate compiler generated dependencies of target rogilink_flex_interfaces__rosidl_typesupport_introspection_c[0m
[35m[1mConsolidate compiler generated dependencies of target rogilink_flex_interfaces__rosidl_typesupport_c[0m
[35m[1mConsolidate compiler generated dependencies of target rogilink_flex_interfaces__rosidl_typesupport_fastrtps_c[0m
[ 27%] Built target rogilink_flex_interfaces__rosidl_typesupport_fastrtps_cpp
[ 34%] Built target rogilink_flex_interfaces__rosidl_typesupport_cpp
[ 53%] Built target rogilink_flex_interfaces__rosidl_typesupport_c
[ 55%] Built target rogilink_flex_interfaces__rosidl_typesupport_fastrtps_c
[ 65%] Built target rogilink_flex_interfaces__rosidl_typesupport_introspection_cpp
[ 76%] Built target rogilink_flex_interfaces__rosidl_typesupport_introspection_c
[ 76%] Built target rogilink_flex_interfaces
[ 78%] Built target rogilink_flex_interfaces__py
[35m[1mConsolidate compiler generated dependencies of target rogilink_flex_interfaces__rosidl_generator_py[0m
[ 87%] Built target rogilink_flex_interfaces__rosidl_generator_py
[35m[1mConsolidate compiler generated dependencies of target rogilink_flex_interfaces__rosidl_typesupport_introspection_c__pyext[0m
[35m[1mConsolidate compiler generated dependencies of target rogilink_flex_interfaces__rosidl_typesupport_fastrtps_c__pyext[0m
[35m[1mConsolidate compiler generated dependencies of target rogilink_flex_interfaces__rosidl_typesupport_c__pyext[0m
[ 91%] Built target rogilink_flex_interfaces__rosidl_typesupport_fastrtps_c__pyext
[ 95%] Built target rogilink_flex_interfaces__rosidl_typesupport_c__pyext
[100%] Built target rogilink_flex_interfaces__rosidl_typesupport_introspection_c__pyext
running egg_info
writing rogilink_flex_interfaces.egg-info/PKG-INFO
writing dependency_links to rogilink_flex_interfaces.egg-info/dependency_links.txt
writing top-level names to rogilink_flex_interfaces.egg-info/top_level.txt
reading manifest file 'rogilink_flex_interfaces.egg-info/SOURCES.txt'
writing manifest file 'rogilink_flex_interfaces.egg-info/SOURCES.txt'
[100%] Built target ament_cmake_python_build_rogilink_flex_interfaces_egg
-- Install configuration: ""
-- Up-to-date: /home/a/ws_moveit2/install/rogilink_flex_interfaces/share/ament_index/resource_index/rosidl_interfaces/rogilink_flex_interfaces
-- Up-to-date: /home/a/ws_moveit2/install/rogilink_flex_interfaces/include/rogilink_flex_interfaces/rogilink_flex_interfaces
-- Up-to-date: /home/a/ws_moveit2/install/rogilink_flex_interfaces/include/rogilink_flex_interfaces/rogilink_flex_interfaces/msg
-- Up-to-date: /home/a/ws_moveit2/install/rogilink_flex_interfaces/include/rogilink_flex_interfaces/rogilink_flex_interfaces/msg/frame.h
-- Up-to-date: /home/a/ws_moveit2/install/rogilink_flex_interfaces/include/rogilink_flex_interfaces/rogilink_flex_interfaces/msg/rosidl_generator_c__visibility_control.h
-- Up-to-date: /home/a/ws_moveit2/install/rogilink_flex_interfaces/include/rogilink_flex_interfaces/rogilink_flex_interfaces/msg/detail
-- Up-to-date: /home/a/ws_moveit2/install/rogilink_flex_interfaces/include/rogilink_flex_interfaces/rogilink_flex_interfaces/msg/detail/frame__functions.h
-- Up-to-date: /home/a/ws_moveit2/install/rogilink_flex_interfaces/include/rogilink_flex_interfaces/rogilink_flex_interfaces/msg/detail/frame__type_support.h
-- Up-to-date: /home/a/ws_moveit2/install/rogilink_flex_interfaces/include/rogilink_flex_interfaces/rogilink_flex_interfaces/msg/detail/frame__functions.c
-- Up-to-date: /home/a/ws_moveit2/install/rogilink_flex_interfaces/include/rogilink_flex_interfaces/rogilink_flex_interfaces/msg/detail/frame__struct.h
-- Up-to-date: /home/a/ws_moveit2/install/rogilink_flex_interfaces/include/rogilink_flex_interfaces/rogilink_flex_interfaces/srv
-- Up-to-date: /home/a/ws_moveit2/install/rogilink_flex_interfaces/include/rogilink_flex_interfaces/rogilink_flex_interfaces/srv/get_config.h
-- Up-to-date: /home/a/ws_moveit2/install/rogilink_flex_interfaces/include/rogilink_flex_interfaces/rogilink_flex_interfaces/srv/detail
-- Up-to-date: /home/a/ws_moveit2/install/rogilink_flex_interfaces/include/rogilink_flex_interfaces/rogilink_flex_interfaces/srv/detail/get_config__functions.h
-- Up-to-date: /home/a/ws_moveit2/install/rogilink_flex_interfaces/include/rogilink_flex_interfaces/rogilink_flex_interfaces/srv/detail/is_connected__type_support.h
-- Up-to-date: /home/a/ws_moveit2/install/rogilink_flex_interfaces/include/rogilink_flex_interfaces/rogilink_flex_interfaces/srv/detail/is_connected__struct.h
-- Up-to-date: /home/a/ws_moveit2/install/rogilink_flex_interfaces/include/rogilink_flex_interfaces/rogilink_flex_interfaces/srv/detail/get_config__struct.h
-- Up-to-date: /home/a/ws_moveit2/install/rogilink_flex_interfaces/include/rogilink_flex_interfaces/rogilink_flex_interfaces/srv/detail/get_config__type_support.h
-- Up-to-date: /home/a/ws_moveit2/install/rogilink_flex_interfaces/include/rogilink_flex_interfaces/rogilink_flex_interfaces/srv/detail/get_config__functions.c
-- Up-to-date: /home/a/ws_moveit2/install/rogilink_flex_interfaces/include/rogilink_flex_interfaces/rogilink_flex_interfaces/srv/detail/is_connected__functions.c
-- Up-to-date: /home/a/ws_moveit2/install/rogilink_flex_interfaces/include/rogilink_flex_interfaces/rogilink_flex_interfaces/srv/detail/is_connected__functions.h
-- Up-to-date: /home/a/ws_moveit2/install/rogilink_flex_interfaces/include/rogilink_flex_interfaces/rogilink_flex_interfaces/srv/is_connected.h
-- Up-to-date: /home/a/ws_moveit2/install/rogilink_flex_interfaces/share/rogilink_flex_interfaces/environment/library_path.sh
-- Up-to-date: /home/a/ws_moveit2/install/rogilink_flex_interfaces/share/rogilink_flex_interfaces/environment/library_path.dsv
-- Up-to-date: /home/a/ws_moveit2/install/rogilink_flex_interfaces/lib/librogilink_flex_interfaces__rosidl_generator_c.so
-- Up-to-date: /home/a/ws_moveit2/install/rogilink_flex_interfaces/include/rogilink_flex_interfaces/rogilink_flex_interfaces
-- Up-to-date: /home/a/ws_moveit2/install/rogilink_flex_interfaces/include/rogilink_flex_interfaces/rogilink_flex_interfaces/msg
-- Up-to-date: /home/a/ws_moveit2/install/rogilink_flex_interfaces/include/rogilink_flex_interfaces/rogilink_flex_interfaces/msg/rosidl_typesupport_fastrtps_c__visibility_control.h
-- Up-to-date: /home/a/ws_moveit2/install/rogilink_flex_interfaces/include/rogilink_flex_interfaces/rogilink_flex_interfaces/msg/detail
-- Up-to-date: /home/a/ws_moveit2/install/rogilink_flex_interfaces/include/rogilink_flex_interfaces/rogilink_flex_interfaces/msg/detail/frame__rosidl_typesupport_fastrtps_c.h
-- Up-to-date: /home/a/ws_moveit2/install/rogilink_flex_interfaces/include/rogilink_flex_interfaces/rogilink_flex_interfaces/srv
-- Up-to-date: /home/a/ws_moveit2/install/rogilink_flex_interfaces/include/rogilink_flex_interfaces/rogilink_flex_interfaces/srv/detail
-- Up-to-date: /home/a/ws_moveit2/install/rogilink_flex_interfaces/include/rogilink_flex_interfaces/rogilink_flex_interfaces/srv/detail/is_connected__rosidl_typesupport_fastrtps_c.h
-- Up-to-date: /home/a/ws_moveit2/install/rogilink_flex_interfaces/include/rogilink_flex_interfaces/rogilink_flex_interfaces/srv/detail/get_config__rosidl_typesupport_fastrtps_c.h
-- Up-to-date: /home/a/ws_moveit2/install/rogilink_flex_interfaces/lib/librogilink_flex_interfaces__rosidl_typesupport_fastrtps_c.so
-- Up-to-date: /home/a/ws_moveit2/install/rogilink_flex_interfaces/include/rogilink_flex_interfaces/rogilink_flex_interfaces
-- Up-to-date: /home/a/ws_moveit2/install/rogilink_flex_interfaces/include/rogilink_flex_interfaces/rogilink_flex_interfaces/msg
-- Up-to-date: /home/a/ws_moveit2/install/rogilink_flex_interfaces/include/rogilink_flex_interfaces/rogilink_flex_interfaces/msg/rosidl_typesupport_introspection_c__visibility_control.h
-- Up-to-date: /home/a/ws_moveit2/install/rogilink_flex_interfaces/include/rogilink_flex_interfaces/rogilink_flex_interfaces/msg/detail
-- Up-to-date: /home/a/ws_moveit2/install/rogilink_flex_interfaces/include/rogilink_flex_interfaces/rogilink_flex_interfaces/msg/detail/frame__rosidl_typesupport_introspection_c.h
-- Up-to-date: /home/a/ws_moveit2/install/rogilink_flex_interfaces/include/rogilink_flex_interfaces/rogilink_flex_interfaces/msg/detail/frame__type_support.c
-- Up-to-date: /home/a/ws_moveit2/install/rogilink_flex_interfaces/include/rogilink_flex_interfaces/rogilink_flex_interfaces/srv
-- Up-to-date: /home/a/ws_moveit2/install/rogilink_flex_interfaces/include/rogilink_flex_interfaces/rogilink_flex_interfaces/srv/detail
-- Up-to-date: /home/a/ws_moveit2/install/rogilink_flex_interfaces/include/rogilink_flex_interfaces/rogilink_flex_interfaces/srv/detail/get_config__rosidl_typesupport_introspection_c.h
-- Up-to-date: /home/a/ws_moveit2/install/rogilink_flex_interfaces/include/rogilink_flex_interfaces/rogilink_flex_interfaces/srv/detail/is_connected__type_support.c
-- Up-to-date: /home/a/ws_moveit2/install/rogilink_flex_interfaces/include/rogilink_flex_interfaces/rogilink_flex_interfaces/srv/detail/get_config__type_support.c
-- Up-to-date: /home/a/ws_moveit2/install/rogilink_flex_interfaces/include/rogilink_flex_interfaces/rogilink_flex_interfaces/srv/detail/is_connected__rosidl_typesupport_introspection_c.h
-- Up-to-date: /home/a/ws_moveit2/install/rogilink_flex_interfaces/lib/librogilink_flex_interfaces__rosidl_typesupport_introspection_c.so
-- Up-to-date: /home/a/ws_moveit2/install/rogilink_flex_interfaces/lib/librogilink_flex_interfaces__rosidl_typesupport_c.so
-- Up-to-date: /home/a/ws_moveit2/install/rogilink_flex_interfaces/include/rogilink_flex_interfaces/rogilink_flex_interfaces
-- Up-to-date: /home/a/ws_moveit2/install/rogilink_flex_interfaces/include/rogilink_flex_interfaces/rogilink_flex_interfaces/msg
-- Up-to-date: /home/a/ws_moveit2/install/rogilink_flex_interfaces/include/rogilink_flex_interfaces/rogilink_flex_interfaces/msg/frame.hpp
-- Up-to-date: /home/a/ws_moveit2/install/rogilink_flex_interfaces/include/rogilink_flex_interfaces/rogilink_flex_interfaces/msg/rosidl_generator_cpp__visibility_control.hpp
-- Up-to-date: /home/a/ws_moveit2/install/rogilink_flex_interfaces/include/rogilink_flex_interfaces/rogilink_flex_interfaces/msg/detail
-- Up-to-date: /home/a/ws_moveit2/install/rogilink_flex_interfaces/include/rogilink_flex_interfaces/rogilink_flex_interfaces/msg/detail/frame__builder.hpp
-- Up-to-date: /home/a/ws_moveit2/install/rogilink_flex_interfaces/include/rogilink_flex_interfaces/rogilink_flex_interfaces/msg/detail/frame__traits.hpp
-- Up-to-date: /home/a/ws_moveit2/install/rogilink_flex_interfaces/include/rogilink_flex_interfaces/rogilink_flex_interfaces/msg/detail/frame__type_support.hpp
-- Up-to-date: /home/a/ws_moveit2/install/rogilink_flex_interfaces/include/rogilink_flex_interfaces/rogilink_flex_interfaces/msg/detail/frame__struct.hpp
-- Up-to-date: /home/a/ws_moveit2/install/rogilink_flex_interfaces/include/rogilink_flex_interfaces/rogilink_flex_interfaces/srv
-- Up-to-date: /home/a/ws_moveit2/install/rogilink_flex_interfaces/include/rogilink_flex_interfaces/rogilink_flex_interfaces/srv/get_config.hpp
-- Up-to-date: /home/a/ws_moveit2/install/rogilink_flex_interfaces/include/rogilink_flex_interfaces/rogilink_flex_interfaces/srv/is_connected.hpp
-- Up-to-date: /home/a/ws_moveit2/install/rogilink_flex_interfaces/include/rogilink_flex_interfaces/rogilink_flex_interfaces/srv/detail
-- Up-to-date: /home/a/ws_moveit2/install/rogilink_flex_interfaces/include/rogilink_flex_interfaces/rogilink_flex_interfaces/srv/detail/get_config__traits.hpp
-- Up-to-date: /home/a/ws_moveit2/install/rogilink_flex_interfaces/include/rogilink_flex_interfaces/rogilink_flex_interfaces/srv/detail/is_connected__struct.hpp
-- Up-to-date: /home/a/ws_moveit2/install/rogilink_flex_interfaces/include/rogilink_flex_interfaces/rogilink_flex_interfaces/srv/detail/get_config__struct.hpp
-- Up-to-date: /home/a/ws_moveit2/install/rogilink_flex_interfaces/include/rogilink_flex_interfaces/rogilink_flex_interfaces/srv/detail/get_config__type_support.hpp
-- Up-to-date: /home/a/ws_moveit2/install/rogilink_flex_interfaces/include/rogilink_flex_interfaces/rogilink_flex_interfaces/srv/detail/get_config__builder.hpp
-- Up-to-date: /home/a/ws_moveit2/install/rogilink_flex_interfaces/include/rogilink_flex_interfaces/rogilink_flex_interfaces/srv/detail/is_connected__builder.hpp
-- Up-to-date: /home/a/ws_moveit2/install/rogilink_flex_interfaces/include/rogilink_flex_interfaces/rogilink_flex_interfaces/srv/detail/is_connected__type_support.hpp
-- Up-to-date: /home/a/ws_moveit2/install/rogilink_flex_interfaces/include/rogilink_flex_interfaces/rogilink_flex_interfaces/srv/detail/is_connected__traits.hpp
-- Up-to-date: /home/a/ws_moveit2/install/rogilink_flex_interfaces/include/rogilink_flex_interfaces/rogilink_flex_interfaces
-- Up-to-date: /home/a/ws_moveit2/install/rogilink_flex_interfaces/include/rogilink_flex_interfaces/rogilink_flex_interfaces/msg
-- Up-to-date: /home/a/ws_moveit2/install/rogilink_flex_interfaces/include/rogilink_flex_interfaces/rogilink_flex_interfaces/msg/detail
-- Up-to-date: /home/a/ws_moveit2/install/rogilink_flex_interfaces/include/rogilink_flex_interfaces/rogilink_flex_interfaces/msg/detail/frame__rosidl_typesupport_fastrtps_cpp.hpp
-- Up-to-date: /home/a/ws_moveit2/install/rogilink_flex_interfaces/include/rogilink_flex_interfaces/rogilink_flex_interfaces/msg/detail/dds_fastrtps
-- Up-to-date: /home/a/ws_moveit2/install/rogilink_flex_interfaces/include/rogilink_flex_interfaces/rogilink_flex_interfaces/msg/rosidl_typesupport_fastrtps_cpp__visibility_control.h
-- Up-to-date: /home/a/ws_moveit2/install/rogilink_flex_interfaces/include/rogilink_flex_interfaces/rogilink_flex_interfaces/srv
-- Up-to-date: /home/a/ws_moveit2/install/rogilink_flex_interfaces/include/rogilink_flex_interfaces/rogilink_flex_interfaces/srv/detail
-- Up-to-date: /home/a/ws_moveit2/install/rogilink_flex_interfaces/include/rogilink_flex_interfaces/rogilink_flex_interfaces/srv/detail/is_connected__rosidl_typesupport_fastrtps_cpp.hpp
-- Up-to-date: /home/a/ws_moveit2/install/rogilink_flex_interfaces/include/rogilink_flex_interfaces/rogilink_flex_interfaces/srv/detail/get_config__rosidl_typesupport_fastrtps_cpp.hpp
-- Up-to-date: /home/a/ws_moveit2/install/rogilink_flex_interfaces/include/rogilink_flex_interfaces/rogilink_flex_interfaces/srv/detail/dds_fastrtps
-- Up-to-date: /home/a/ws_moveit2/install/rogilink_flex_interfaces/lib/librogilink_flex_interfaces__rosidl_typesupport_fastrtps_cpp.so
-- Up-to-date: /home/a/ws_moveit2/install/rogilink_flex_interfaces/include/rogilink_flex_interfaces/rogilink_flex_interfaces
-- Up-to-date: /home/a/ws_moveit2/install/rogilink_flex_interfaces/include/rogilink_flex_interfaces/rogilink_flex_interfaces/msg
-- Up-to-date: /home/a/ws_moveit2/install/rogilink_flex_interfaces/include/rogilink_flex_interfaces/rogilink_flex_interfaces/msg/detail
-- Up-to-date: /home/a/ws_moveit2/install/rogilink_flex_interfaces/include/rogilink_flex_interfaces/rogilink_flex_interfaces/msg/detail/frame__type_support.cpp
-- Up-to-date: /home/a/ws_moveit2/install/rogilink_flex_interfaces/include/rogilink_flex_interfaces/rogilink_flex_interfaces/msg/detail/frame__rosidl_typesupport_introspection_cpp.hpp
-- Up-to-date: /home/a/ws_moveit2/install/rogilink_flex_interfaces/include/rogilink_flex_interfaces/rogilink_flex_interfaces/srv
-- Up-to-date: /home/a/ws_moveit2/install/rogilink_flex_interfaces/include/rogilink_flex_interfaces/rogilink_flex_interfaces/srv/detail
-- Up-to-date: /home/a/ws_moveit2/install/rogilink_flex_interfaces/include/rogilink_flex_interfaces/rogilink_flex_interfaces/srv/detail/is_connected__type_support.cpp
-- Up-to-date: /home/a/ws_moveit2/install/rogilink_flex_interfaces/include/rogilink_flex_interfaces/rogilink_flex_interfaces/srv/detail/get_config__rosidl_typesupport_introspection_cpp.hpp
-- Up-to-date: /home/a/ws_moveit2/install/rogilink_flex_interfaces/include/rogilink_flex_interfaces/rogilink_flex_interfaces/srv/detail/get_config__type_support.cpp
-- Up-to-date: /home/a/ws_moveit2/install/rogilink_flex_interfaces/include/rogilink_flex_interfaces/rogilink_flex_interfaces/srv/detail/is_connected__rosidl_typesupport_introspection_cpp.hpp
-- Up-to-date: /home/a/ws_moveit2/install/rogilink_flex_interfaces/lib/librogilink_flex_interfaces__rosidl_typesupport_introspection_cpp.so
-- Up-to-date: /home/a/ws_moveit2/install/rogilink_flex_interfaces/lib/librogilink_flex_interfaces__rosidl_typesupport_cpp.so
-- Up-to-date: /home/a/ws_moveit2/install/rogilink_flex_interfaces/share/rogilink_flex_interfaces/environment/pythonpath.sh
-- Up-to-date: /home/a/ws_moveit2/install/rogilink_flex_interfaces/share/rogilink_flex_interfaces/environment/pythonpath.dsv
-- Up-to-date: /home/a/ws_moveit2/install/rogilink_flex_interfaces/local/lib/python3.10/dist-packages/rogilink_flex_interfaces-0.0.0-py3.10.egg-info
-- Installing: /home/a/ws_moveit2/install/rogilink_flex_interfaces/local/lib/python3.10/dist-packages/rogilink_flex_interfaces-0.0.0-py3.10.egg-info/top_level.txt
-- Installing: /home/a/ws_moveit2/install/rogilink_flex_interfaces/local/lib/python3.10/dist-packages/rogilink_flex_interfaces-0.0.0-py3.10.egg-info/SOURCES.txt
-- Installing: /home/a/ws_moveit2/install/rogilink_flex_interfaces/local/lib/python3.10/dist-packages/rogilink_flex_interfaces-0.0.0-py3.10.egg-info/PKG-INFO
-- Installing: /home/a/ws_moveit2/install/rogilink_flex_interfaces/local/lib/python3.10/dist-packages/rogilink_flex_interfaces-0.0.0-py3.10.egg-info/dependency_links.txt
-- Up-to-date: /home/a/ws_moveit2/install/rogilink_flex_interfaces/local/lib/python3.10/dist-packages/rogilink_flex_interfaces
-- Up-to-date: /home/a/ws_moveit2/install/rogilink_flex_interfaces/local/lib/python3.10/dist-packages/rogilink_flex_interfaces/msg
-- Up-to-date: /home/a/ws_moveit2/install/rogilink_flex_interfaces/local/lib/python3.10/dist-packages/rogilink_flex_interfaces/msg/_frame.py
-- Up-to-date: /home/a/ws_moveit2/install/rogilink_flex_interfaces/local/lib/python3.10/dist-packages/rogilink_flex_interfaces/msg/__init__.py
-- Up-to-date: /home/a/ws_moveit2/install/rogilink_flex_interfaces/local/lib/python3.10/dist-packages/rogilink_flex_interfaces/msg/_frame_s.c
-- Up-to-date: /home/a/ws_moveit2/install/rogilink_flex_interfaces/local/lib/python3.10/dist-packages/rogilink_flex_interfaces/librogilink_flex_interfaces__rosidl_generator_py.so
-- Up-to-date: /home/a/ws_moveit2/install/rogilink_flex_interfaces/local/lib/python3.10/dist-packages/rogilink_flex_interfaces/__init__.py
-- Up-to-date: /home/a/ws_moveit2/install/rogilink_flex_interfaces/local/lib/python3.10/dist-packages/rogilink_flex_interfaces/_rogilink_flex_interfaces_s.ep.rosidl_typesupport_fastrtps_c.c
-- Up-to-date: /home/a/ws_moveit2/install/rogilink_flex_interfaces/local/lib/python3.10/dist-packages/rogilink_flex_interfaces/_rogilink_flex_interfaces_s.ep.rosidl_typesupport_introspection_c.c
-- Up-to-date: /home/a/ws_moveit2/install/rogilink_flex_interfaces/local/lib/python3.10/dist-packages/rogilink_flex_interfaces/_rogilink_flex_interfaces_s.ep.rosidl_typesupport_c.c
-- Up-to-date: /home/a/ws_moveit2/install/rogilink_flex_interfaces/local/lib/python3.10/dist-packages/rogilink_flex_interfaces/rogilink_flex_interfaces_s__rosidl_typesupport_c.cpython-310-x86_64-linux-gnu.so
-- Up-to-date: /home/a/ws_moveit2/install/rogilink_flex_interfaces/local/lib/python3.10/dist-packages/rogilink_flex_interfaces/rogilink_flex_interfaces_s__rosidl_typesupport_fastrtps_c.cpython-310-x86_64-linux-gnu.so
-- Up-to-date: /home/a/ws_moveit2/install/rogilink_flex_interfaces/local/lib/python3.10/dist-packages/rogilink_flex_interfaces/rogilink_flex_interfaces_s__rosidl_typesupport_introspection_c.cpython-310-x86_64-linux-gnu.so
-- Up-to-date: /home/a/ws_moveit2/install/rogilink_flex_interfaces/local/lib/python3.10/dist-packages/rogilink_flex_interfaces/srv
-- Up-to-date: /home/a/ws_moveit2/install/rogilink_flex_interfaces/local/lib/python3.10/dist-packages/rogilink_flex_interfaces/srv/_get_config.py
-- Up-to-date: /home/a/ws_moveit2/install/rogilink_flex_interfaces/local/lib/python3.10/dist-packages/rogilink_flex_interfaces/srv/_get_config_s.c
-- Up-to-date: /home/a/ws_moveit2/install/rogilink_flex_interfaces/local/lib/python3.10/dist-packages/rogilink_flex_interfaces/srv/_is_connected.py
-- Up-to-date: /home/a/ws_moveit2/install/rogilink_flex_interfaces/local/lib/python3.10/dist-packages/rogilink_flex_interfaces/srv/__init__.py
-- Up-to-date: /home/a/ws_moveit2/install/rogilink_flex_interfaces/local/lib/python3.10/dist-packages/rogilink_flex_interfaces/srv/_is_connected_s.c
Listing '/home/a/ws_moveit2/install/rogilink_flex_interfaces/local/lib/python3.10/dist-packages/rogilink_flex_interfaces'...
Listing '/home/a/ws_moveit2/install/rogilink_flex_interfaces/local/lib/python3.10/dist-packages/rogilink_flex_interfaces/msg'...
Listing '/home/a/ws_moveit2/install/rogilink_flex_interfaces/local/lib/python3.10/dist-packages/rogilink_flex_interfaces/srv'...
-- Up-to-date: /home/a/ws_moveit2/install/rogilink_flex_interfaces/local/lib/python3.10/dist-packages/rogilink_flex_interfaces/rogilink_flex_interfaces_s__rosidl_typesupport_fastrtps_c.cpython-310-x86_64-linux-gnu.so
-- Up-to-date: /home/a/ws_moveit2/install/rogilink_flex_interfaces/local/lib/python3.10/dist-packages/rogilink_flex_interfaces/rogilink_flex_interfaces_s__rosidl_typesupport_introspection_c.cpython-310-x86_64-linux-gnu.so
-- Up-to-date: /home/a/ws_moveit2/install/rogilink_flex_interfaces/local/lib/python3.10/dist-packages/rogilink_flex_interfaces/rogilink_flex_interfaces_s__rosidl_typesupport_c.cpython-310-x86_64-linux-gnu.so
-- Up-to-date: /home/a/ws_moveit2/install/rogilink_flex_interfaces/lib/librogilink_flex_interfaces__rosidl_generator_py.so
-- Up-to-date: /home/a/ws_moveit2/install/rogilink_flex_interfaces/share/rogilink_flex_interfaces/msg/Frame.idl
-- Up-to-date: /home/a/ws_moveit2/install/rogilink_flex_interfaces/share/rogilink_flex_interfaces/srv/IsConnected.idl
-- Up-to-date: /home/a/ws_moveit2/install/rogilink_flex_interfaces/share/rogilink_flex_interfaces/srv/GetConfig.idl
-- Up-to-date: /home/a/ws_moveit2/install/rogilink_flex_interfaces/share/rogilink_flex_interfaces/msg/Frame.msg
-- Up-to-date: /home/a/ws_moveit2/install/rogilink_flex_interfaces/share/rogilink_flex_interfaces/srv/IsConnected.srv
-- Up-to-date: /home/a/ws_moveit2/install/rogilink_flex_interfaces/share/rogilink_flex_interfaces/srv/IsConnected_Request.msg
-- Up-to-date: /home/a/ws_moveit2/install/rogilink_flex_interfaces/share/rogilink_flex_interfaces/srv/IsConnected_Response.msg
-- Up-to-date: /home/a/ws_moveit2/install/rogilink_flex_interfaces/share/rogilink_flex_interfaces/srv/GetConfig.srv
-- Up-to-date: /home/a/ws_moveit2/install/rogilink_flex_interfaces/share/rogilink_flex_interfaces/srv/GetConfig_Request.msg
-- Up-to-date: /home/a/ws_moveit2/install/rogilink_flex_interfaces/share/rogilink_flex_interfaces/srv/GetConfig_Response.msg
-- Up-to-date: /home/a/ws_moveit2/install/rogilink_flex_interfaces/share/ament_index/resource_index/package_run_dependencies/rogilink_flex_interfaces
-- Up-to-date: /home/a/ws_moveit2/install/rogilink_flex_interfaces/share/ament_index/resource_index/parent_prefix_path/rogilink_flex_interfaces
-- Up-to-date: /home/a/ws_moveit2/install/rogilink_flex_interfaces/share/rogilink_flex_interfaces/environment/ament_prefix_path.sh
-- Up-to-date: /home/a/ws_moveit2/install/rogilink_flex_interfaces/share/rogilink_flex_interfaces/environment/ament_prefix_path.dsv
-- Up-to-date: /home/a/ws_moveit2/install/rogilink_flex_interfaces/share/rogilink_flex_interfaces/environment/path.sh
-- Up-to-date: /home/a/ws_moveit2/install/rogilink_flex_interfaces/share/rogilink_flex_interfaces/environment/path.dsv
-- Up-to-date: /home/a/ws_moveit2/install/rogilink_flex_interfaces/share/rogilink_flex_interfaces/local_setup.bash
-- Up-to-date: /home/a/ws_moveit2/install/rogilink_flex_interfaces/share/rogilink_flex_interfaces/local_setup.sh
-- Up-to-date: /home/a/ws_moveit2/install/rogilink_flex_interfaces/share/rogilink_flex_interfaces/local_setup.zsh
-- Up-to-date: /home/a/ws_moveit2/install/rogilink_flex_interfaces/share/rogilink_flex_interfaces/local_setup.dsv
-- Installing: /home/a/ws_moveit2/install/rogilink_flex_interfaces/share/rogilink_flex_interfaces/package.dsv
-- Up-to-date: /home/a/ws_moveit2/install/rogilink_flex_interfaces/share/ament_index/resource_index/packages/rogilink_flex_interfaces
-- Up-to-date: /home/a/ws_moveit2/install/rogilink_flex_interfaces/share/rogilink_flex_interfaces/cmake/export_rogilink_flex_interfaces__rosidl_generator_cExport.cmake
-- Up-to-date: /home/a/ws_moveit2/install/rogilink_flex_interfaces/share/rogilink_flex_interfaces/cmake/export_rogilink_flex_interfaces__rosidl_generator_cExport-noconfig.cmake
-- Up-to-date: /home/a/ws_moveit2/install/rogilink_flex_interfaces/share/rogilink_flex_interfaces/cmake/export_rogilink_flex_interfaces__rosidl_typesupport_fastrtps_cExport.cmake
-- Up-to-date: /home/a/ws_moveit2/install/rogilink_flex_interfaces/share/rogilink_flex_interfaces/cmake/export_rogilink_flex_interfaces__rosidl_typesupport_fastrtps_cExport-noconfig.cmake
-- Up-to-date: /home/a/ws_moveit2/install/rogilink_flex_interfaces/share/rogilink_flex_interfaces/cmake/rogilink_flex_interfaces__rosidl_typesupport_introspection_cExport.cmake
-- Up-to-date: /home/a/ws_moveit2/install/rogilink_flex_interfaces/share/rogilink_flex_interfaces/cmake/rogilink_flex_interfaces__rosidl_typesupport_introspection_cExport-noconfig.cmake
-- Up-to-date: /home/a/ws_moveit2/install/rogilink_flex_interfaces/share/rogilink_flex_interfaces/cmake/rogilink_flex_interfaces__rosidl_typesupport_cExport.cmake
-- Up-to-date: /home/a/ws_moveit2/install/rogilink_flex_interfaces/share/rogilink_flex_interfaces/cmake/rogilink_flex_interfaces__rosidl_typesupport_cExport-noconfig.cmake
-- Up-to-date: /home/a/ws_moveit2/install/rogilink_flex_interfaces/share/rogilink_flex_interfaces/cmake/export_rogilink_flex_interfaces__rosidl_generator_cppExport.cmake
-- Up-to-date: /home/a/ws_moveit2/install/rogilink_flex_interfaces/share/rogilink_flex_interfaces/cmake/export_rogilink_flex_interfaces__rosidl_typesupport_fastrtps_cppExport.cmake
-- Up-to-date: /home/a/ws_moveit2/install/rogilink_flex_interfaces/share/rogilink_flex_interfaces/cmake/export_rogilink_flex_interfaces__rosidl_typesupport_fastrtps_cppExport-noconfig.cmake
-- Up-to-date: /home/a/ws_moveit2/install/rogilink_flex_interfaces/share/rogilink_flex_interfaces/cmake/rogilink_flex_interfaces__rosidl_typesupport_introspection_cppExport.cmake
-- Up-to-date: /home/a/ws_moveit2/install/rogilink_flex_interfaces/share/rogilink_flex_interfaces/cmake/rogilink_flex_interfaces__rosidl_typesupport_introspection_cppExport-noconfig.cmake
-- Up-to-date: /home/a/ws_moveit2/install/rogilink_flex_interfaces/share/rogilink_flex_interfaces/cmake/rogilink_flex_interfaces__rosidl_typesupport_cppExport.cmake
-- Up-to-date: /home/a/ws_moveit2/install/rogilink_flex_interfaces/share/rogilink_flex_interfaces/cmake/rogilink_flex_interfaces__rosidl_typesupport_cppExport-noconfig.cmake
-- Up-to-date: /home/a/ws_moveit2/install/rogilink_flex_interfaces/share/rogilink_flex_interfaces/cmake/export_rogilink_flex_interfaces__rosidl_generator_pyExport.cmake
-- Up-to-date: /home/a/ws_moveit2/install/rogilink_flex_interfaces/share/rogilink_flex_interfaces/cmake/export_rogilink_flex_interfaces__rosidl_generator_pyExport-noconfig.cmake
-- Up-to-date: /home/a/ws_moveit2/install/rogilink_flex_interfaces/share/rogilink_flex_interfaces/cmake/rosidl_cmake-extras.cmake
-- Up-to-date: /home/a/ws_moveit2/install/rogilink_flex_interfaces/share/rogilink_flex_interfaces/cmake/ament_cmake_export_include_directories-extras.cmake
-- Up-to-date: /home/a/ws_moveit2/install/rogilink_flex_interfaces/share/rogilink_flex_interfaces/cmake/ament_cmake_export_libraries-extras.cmake
-- Up-to-date: /home/a/ws_moveit2/install/rogilink_flex_interfaces/share/rogilink_flex_interfaces/cmake/ament_cmake_export_targets-extras.cmake
-- Up-to-date: /home/a/ws_moveit2/install/rogilink_flex_interfaces/share/rogilink_flex_interfaces/cmake/rosidl_cmake_export_typesupport_targets-extras.cmake
-- Up-to-date: /home/a/ws_moveit2/install/rogilink_flex_interfaces/share/rogilink_flex_interfaces/cmake/ament_cmake_export_dependencies-extras.cmake
-- Up-to-date: /home/a/ws_moveit2/install/rogilink_flex_interfaces/share/rogilink_flex_interfaces/cmake/rosidl_cmake_export_typesupport_libraries-extras.cmake
-- Up-to-date: /home/a/ws_moveit2/install/rogilink_flex_interfaces/share/rogilink_flex_interfaces/cmake/rogilink_flex_interfacesConfig.cmake
-- Up-to-date: /home/a/ws_moveit2/install/rogilink_flex_interfaces/share/rogilink_flex_interfaces/cmake/rogilink_flex_interfacesConfig-version.cmake
-- Up-to-date: /home/a/ws_moveit2/install/rogilink_flex_interfaces/share/rogilink_flex_interfaces/package.xml
