[0.014s] Invoking command in '/home/a/ws_moveit2/build/rogilink_flex_interfaces': CMAKE_PREFIX_PATH=${CMAKE_PREFIX_PATH}:/home/a/ws_moveit2/install/rogilink_flex_example_py:/home/a/ws_moveit2/install/rogilink_flex_gui:/home/a/ws_moveit2/install/trac_ik_lib:/home/a/ws_moveit2/install/mavlink_controller_client:/home/a/ws_moveit2/install/moveit_configs_utils:/home/a/ws_moveit2/install/srdfdom:/home/a/ws_moveit2/install/ros_tcp_endpoint:/home/a/ws_moveit2/install/realsense2_ros_mqtt_bridge:/home/a/ws_moveit2/install/realsense2_camera_msgs:/home/a/ws_moveit2/install/moveit_task_constructor_msgs:/home/a/ws_moveit2/install/moveit_resources_prbt_support:/home/a/ws_moveit2/install/moveit_resources_pr2_description:/home/a/ws_moveit2/install/moveit_resources_panda_description:/home/a/ws_moveit2/install/moveit_resources_fanuc_description:/home/a/ws_moveit2/install/moveit_common:/home/a/ws_moveit2/install/launch_param_builder:/home/a/ws_moveit2/install/dynamixel_sdk_custom_interfaces:/home/a/ws_moveit2/install/dynamixel_controller_gui:/home/a/ws_moveit2/install/dynamixel_sdk:/home/a/ws_moveit2/install/dynamixel_controller_client:/home/a/ws_moveit2/install/d415_rgb_depth_3d:/home/a/ws_moveit2/install/catch_gazebo_ros2_control:/home/a/ws_moveit2/install/blue_seiretu_description:/opt/ros/humble /usr/bin/cmake --build /home/a/ws_moveit2/build/rogilink_flex_interfaces -- -j22 -l22
[0.061s] [35m[1mConsolidate compiler generated dependencies of target rogilink_flex_interfaces__rosidl_generator_c[0m
[0.071s] [  2%] Built target rogilink_flex_interfaces__cpp
[0.076s] [ 12%] Built target rogilink_flex_interfaces__rosidl_generator_c
[0.080s] [35m[1mConsolidate compiler generated dependencies of target rogilink_flex_interfaces__rosidl_typesupport_fastrtps_cpp[0m
[0.081s] [ 12%] Built target ament_cmake_python_copy_rogilink_flex_interfaces
[0.081s] [35m[1mConsolidate compiler generated dependencies of target rogilink_flex_interfaces__rosidl_typesupport_cpp[0m
[0.083s] [35m[1mConsolidate compiler generated dependencies of target rogilink_flex_interfaces__rosidl_typesupport_introspection_cpp[0m
[0.087s] [35m[1mConsolidate compiler generated dependencies of target rogilink_flex_interfaces__rosidl_typesupport_introspection_c[0m
[0.087s] [35m[1mConsolidate compiler generated dependencies of target rogilink_flex_interfaces__rosidl_typesupport_c[0m
[0.087s] [35m[1mConsolidate compiler generated dependencies of target rogilink_flex_interfaces__rosidl_typesupport_fastrtps_c[0m
[0.092s] [ 27%] Built target rogilink_flex_interfaces__rosidl_typesupport_fastrtps_cpp
[0.092s] [ 34%] Built target rogilink_flex_interfaces__rosidl_typesupport_cpp
[0.098s] [ 53%] Built target rogilink_flex_interfaces__rosidl_typesupport_c
[0.098s] [ 55%] Built target rogilink_flex_interfaces__rosidl_typesupport_fastrtps_c
[0.099s] [ 65%] Built target rogilink_flex_interfaces__rosidl_typesupport_introspection_cpp
[0.100s] [ 76%] Built target rogilink_flex_interfaces__rosidl_typesupport_introspection_c
[0.126s] [ 76%] Built target rogilink_flex_interfaces
[0.147s] [ 78%] Built target rogilink_flex_interfaces__py
[0.162s] [35m[1mConsolidate compiler generated dependencies of target rogilink_flex_interfaces__rosidl_generator_py[0m
[0.176s] [ 87%] Built target rogilink_flex_interfaces__rosidl_generator_py
[0.188s] [35m[1mConsolidate compiler generated dependencies of target rogilink_flex_interfaces__rosidl_typesupport_introspection_c__pyext[0m
[0.188s] [35m[1mConsolidate compiler generated dependencies of target rogilink_flex_interfaces__rosidl_typesupport_fastrtps_c__pyext[0m
[0.189s] [35m[1mConsolidate compiler generated dependencies of target rogilink_flex_interfaces__rosidl_typesupport_c__pyext[0m
[0.202s] [ 91%] Built target rogilink_flex_interfaces__rosidl_typesupport_fastrtps_c__pyext
[0.202s] [ 95%] Built target rogilink_flex_interfaces__rosidl_typesupport_c__pyext
[0.203s] [100%] Built target rogilink_flex_interfaces__rosidl_typesupport_introspection_c__pyext
[0.254s] running egg_info
[0.254s] writing rogilink_flex_interfaces.egg-info/PKG-INFO
[0.254s] writing dependency_links to rogilink_flex_interfaces.egg-info/dependency_links.txt
[0.254s] writing top-level names to rogilink_flex_interfaces.egg-info/top_level.txt
[0.256s] reading manifest file 'rogilink_flex_interfaces.egg-info/SOURCES.txt'
[0.256s] writing manifest file 'rogilink_flex_interfaces.egg-info/SOURCES.txt'
[0.284s] [100%] Built target ament_cmake_python_build_rogilink_flex_interfaces_egg
[0.297s] Invoked command in '/home/a/ws_moveit2/build/rogilink_flex_interfaces' returned '0': CMAKE_PREFIX_PATH=${CMAKE_PREFIX_PATH}:/home/a/ws_moveit2/install/rogilink_flex_example_py:/home/a/ws_moveit2/install/rogilink_flex_gui:/home/a/ws_moveit2/install/trac_ik_lib:/home/a/ws_moveit2/install/mavlink_controller_client:/home/a/ws_moveit2/install/moveit_configs_utils:/home/a/ws_moveit2/install/srdfdom:/home/a/ws_moveit2/install/ros_tcp_endpoint:/home/a/ws_moveit2/install/realsense2_ros_mqtt_bridge:/home/a/ws_moveit2/install/realsense2_camera_msgs:/home/a/ws_moveit2/install/moveit_task_constructor_msgs:/home/a/ws_moveit2/install/moveit_resources_prbt_support:/home/a/ws_moveit2/install/moveit_resources_pr2_description:/home/a/ws_moveit2/install/moveit_resources_panda_description:/home/a/ws_moveit2/install/moveit_resources_fanuc_description:/home/a/ws_moveit2/install/moveit_common:/home/a/ws_moveit2/install/launch_param_builder:/home/a/ws_moveit2/install/dynamixel_sdk_custom_interfaces:/home/a/ws_moveit2/install/dynamixel_controller_gui:/home/a/ws_moveit2/install/dynamixel_sdk:/home/a/ws_moveit2/install/dynamixel_controller_client:/home/a/ws_moveit2/install/d415_rgb_depth_3d:/home/a/ws_moveit2/install/catch_gazebo_ros2_control:/home/a/ws_moveit2/install/blue_seiretu_description:/opt/ros/humble /usr/bin/cmake --build /home/a/ws_moveit2/build/rogilink_flex_interfaces -- -j22 -l22
[0.307s] Invoking command in '/home/a/ws_moveit2/build/rogilink_flex_interfaces': CMAKE_PREFIX_PATH=${CMAKE_PREFIX_PATH}:/home/a/ws_moveit2/install/rogilink_flex_example_py:/home/a/ws_moveit2/install/rogilink_flex_gui:/home/a/ws_moveit2/install/trac_ik_lib:/home/a/ws_moveit2/install/mavlink_controller_client:/home/a/ws_moveit2/install/moveit_configs_utils:/home/a/ws_moveit2/install/srdfdom:/home/a/ws_moveit2/install/ros_tcp_endpoint:/home/a/ws_moveit2/install/realsense2_ros_mqtt_bridge:/home/a/ws_moveit2/install/realsense2_camera_msgs:/home/a/ws_moveit2/install/moveit_task_constructor_msgs:/home/a/ws_moveit2/install/moveit_resources_prbt_support:/home/a/ws_moveit2/install/moveit_resources_pr2_description:/home/a/ws_moveit2/install/moveit_resources_panda_description:/home/a/ws_moveit2/install/moveit_resources_fanuc_description:/home/a/ws_moveit2/install/moveit_common:/home/a/ws_moveit2/install/launch_param_builder:/home/a/ws_moveit2/install/dynamixel_sdk_custom_interfaces:/home/a/ws_moveit2/install/dynamixel_controller_gui:/home/a/ws_moveit2/install/dynamixel_sdk:/home/a/ws_moveit2/install/dynamixel_controller_client:/home/a/ws_moveit2/install/d415_rgb_depth_3d:/home/a/ws_moveit2/install/catch_gazebo_ros2_control:/home/a/ws_moveit2/install/blue_seiretu_description:/opt/ros/humble /usr/bin/cmake --install /home/a/ws_moveit2/build/rogilink_flex_interfaces
[0.312s] -- Install configuration: ""
[0.312s] -- Up-to-date: /home/a/ws_moveit2/install/rogilink_flex_interfaces/share/ament_index/resource_index/rosidl_interfaces/rogilink_flex_interfaces
[0.313s] -- Up-to-date: /home/a/ws_moveit2/install/rogilink_flex_interfaces/include/rogilink_flex_interfaces/rogilink_flex_interfaces
[0.313s] -- Up-to-date: /home/a/ws_moveit2/install/rogilink_flex_interfaces/include/rogilink_flex_interfaces/rogilink_flex_interfaces/msg
[0.313s] -- Up-to-date: /home/a/ws_moveit2/install/rogilink_flex_interfaces/include/rogilink_flex_interfaces/rogilink_flex_interfaces/msg/frame.h
[0.313s] -- Up-to-date: /home/a/ws_moveit2/install/rogilink_flex_interfaces/include/rogilink_flex_interfaces/rogilink_flex_interfaces/msg/rosidl_generator_c__visibility_control.h
[0.313s] -- Up-to-date: /home/a/ws_moveit2/install/rogilink_flex_interfaces/include/rogilink_flex_interfaces/rogilink_flex_interfaces/msg/detail
[0.313s] -- Up-to-date: /home/a/ws_moveit2/install/rogilink_flex_interfaces/include/rogilink_flex_interfaces/rogilink_flex_interfaces/msg/detail/frame__functions.h
[0.313s] -- Up-to-date: /home/a/ws_moveit2/install/rogilink_flex_interfaces/include/rogilink_flex_interfaces/rogilink_flex_interfaces/msg/detail/frame__type_support.h
[0.313s] -- Up-to-date: /home/a/ws_moveit2/install/rogilink_flex_interfaces/include/rogilink_flex_interfaces/rogilink_flex_interfaces/msg/detail/frame__functions.c
[0.313s] -- Up-to-date: /home/a/ws_moveit2/install/rogilink_flex_interfaces/include/rogilink_flex_interfaces/rogilink_flex_interfaces/msg/detail/frame__struct.h
[0.313s] -- Up-to-date: /home/a/ws_moveit2/install/rogilink_flex_interfaces/include/rogilink_flex_interfaces/rogilink_flex_interfaces/srv
[0.313s] -- Up-to-date: /home/a/ws_moveit2/install/rogilink_flex_interfaces/include/rogilink_flex_interfaces/rogilink_flex_interfaces/srv/get_config.h
[0.313s] -- Up-to-date: /home/a/ws_moveit2/install/rogilink_flex_interfaces/include/rogilink_flex_interfaces/rogilink_flex_interfaces/srv/detail
[0.313s] -- Up-to-date: /home/a/ws_moveit2/install/rogilink_flex_interfaces/include/rogilink_flex_interfaces/rogilink_flex_interfaces/srv/detail/get_config__functions.h
[0.313s] -- Up-to-date: /home/a/ws_moveit2/install/rogilink_flex_interfaces/include/rogilink_flex_interfaces/rogilink_flex_interfaces/srv/detail/is_connected__type_support.h
[0.313s] -- Up-to-date: /home/a/ws_moveit2/install/rogilink_flex_interfaces/include/rogilink_flex_interfaces/rogilink_flex_interfaces/srv/detail/is_connected__struct.h
[0.313s] -- Up-to-date: /home/a/ws_moveit2/install/rogilink_flex_interfaces/include/rogilink_flex_interfaces/rogilink_flex_interfaces/srv/detail/get_config__struct.h
[0.313s] -- Up-to-date: /home/a/ws_moveit2/install/rogilink_flex_interfaces/include/rogilink_flex_interfaces/rogilink_flex_interfaces/srv/detail/get_config__type_support.h
[0.313s] -- Up-to-date: /home/a/ws_moveit2/install/rogilink_flex_interfaces/include/rogilink_flex_interfaces/rogilink_flex_interfaces/srv/detail/get_config__functions.c
[0.313s] -- Up-to-date: /home/a/ws_moveit2/install/rogilink_flex_interfaces/include/rogilink_flex_interfaces/rogilink_flex_interfaces/srv/detail/is_connected__functions.c
[0.313s] -- Up-to-date: /home/a/ws_moveit2/install/rogilink_flex_interfaces/include/rogilink_flex_interfaces/rogilink_flex_interfaces/srv/detail/is_connected__functions.h
[0.313s] -- Up-to-date: /home/a/ws_moveit2/install/rogilink_flex_interfaces/include/rogilink_flex_interfaces/rogilink_flex_interfaces/srv/is_connected.h
[0.313s] -- Up-to-date: /home/a/ws_moveit2/install/rogilink_flex_interfaces/share/rogilink_flex_interfaces/environment/library_path.sh
[0.313s] -- Up-to-date: /home/a/ws_moveit2/install/rogilink_flex_interfaces/share/rogilink_flex_interfaces/environment/library_path.dsv
[0.314s] -- Up-to-date: /home/a/ws_moveit2/install/rogilink_flex_interfaces/lib/librogilink_flex_interfaces__rosidl_generator_c.so
[0.314s] -- Up-to-date: /home/a/ws_moveit2/install/rogilink_flex_interfaces/include/rogilink_flex_interfaces/rogilink_flex_interfaces
[0.314s] -- Up-to-date: /home/a/ws_moveit2/install/rogilink_flex_interfaces/include/rogilink_flex_interfaces/rogilink_flex_interfaces/msg
[0.314s] -- Up-to-date: /home/a/ws_moveit2/install/rogilink_flex_interfaces/include/rogilink_flex_interfaces/rogilink_flex_interfaces/msg/rosidl_typesupport_fastrtps_c__visibility_control.h
[0.314s] -- Up-to-date: /home/a/ws_moveit2/install/rogilink_flex_interfaces/include/rogilink_flex_interfaces/rogilink_flex_interfaces/msg/detail
[0.314s] -- Up-to-date: /home/a/ws_moveit2/install/rogilink_flex_interfaces/include/rogilink_flex_interfaces/rogilink_flex_interfaces/msg/detail/frame__rosidl_typesupport_fastrtps_c.h
[0.314s] -- Up-to-date: /home/a/ws_moveit2/install/rogilink_flex_interfaces/include/rogilink_flex_interfaces/rogilink_flex_interfaces/srv
[0.314s] -- Up-to-date: /home/a/ws_moveit2/install/rogilink_flex_interfaces/include/rogilink_flex_interfaces/rogilink_flex_interfaces/srv/detail
[0.314s] -- Up-to-date: /home/a/ws_moveit2/install/rogilink_flex_interfaces/include/rogilink_flex_interfaces/rogilink_flex_interfaces/srv/detail/is_connected__rosidl_typesupport_fastrtps_c.h
[0.314s] -- Up-to-date: /home/a/ws_moveit2/install/rogilink_flex_interfaces/include/rogilink_flex_interfaces/rogilink_flex_interfaces/srv/detail/get_config__rosidl_typesupport_fastrtps_c.h
[0.314s] -- Up-to-date: /home/a/ws_moveit2/install/rogilink_flex_interfaces/lib/librogilink_flex_interfaces__rosidl_typesupport_fastrtps_c.so
[0.314s] -- Up-to-date: /home/a/ws_moveit2/install/rogilink_flex_interfaces/include/rogilink_flex_interfaces/rogilink_flex_interfaces
[0.314s] -- Up-to-date: /home/a/ws_moveit2/install/rogilink_flex_interfaces/include/rogilink_flex_interfaces/rogilink_flex_interfaces/msg
[0.314s] -- Up-to-date: /home/a/ws_moveit2/install/rogilink_flex_interfaces/include/rogilink_flex_interfaces/rogilink_flex_interfaces/msg/rosidl_typesupport_introspection_c__visibility_control.h
[0.314s] -- Up-to-date: /home/a/ws_moveit2/install/rogilink_flex_interfaces/include/rogilink_flex_interfaces/rogilink_flex_interfaces/msg/detail
[0.314s] -- Up-to-date: /home/a/ws_moveit2/install/rogilink_flex_interfaces/include/rogilink_flex_interfaces/rogilink_flex_interfaces/msg/detail/frame__rosidl_typesupport_introspection_c.h
[0.314s] -- Up-to-date: /home/a/ws_moveit2/install/rogilink_flex_interfaces/include/rogilink_flex_interfaces/rogilink_flex_interfaces/msg/detail/frame__type_support.c
[0.314s] -- Up-to-date: /home/a/ws_moveit2/install/rogilink_flex_interfaces/include/rogilink_flex_interfaces/rogilink_flex_interfaces/srv
[0.314s] -- Up-to-date: /home/a/ws_moveit2/install/rogilink_flex_interfaces/include/rogilink_flex_interfaces/rogilink_flex_interfaces/srv/detail
[0.314s] -- Up-to-date: /home/a/ws_moveit2/install/rogilink_flex_interfaces/include/rogilink_flex_interfaces/rogilink_flex_interfaces/srv/detail/get_config__rosidl_typesupport_introspection_c.h
[0.314s] -- Up-to-date: /home/a/ws_moveit2/install/rogilink_flex_interfaces/include/rogilink_flex_interfaces/rogilink_flex_interfaces/srv/detail/is_connected__type_support.c
[0.314s] -- Up-to-date: /home/a/ws_moveit2/install/rogilink_flex_interfaces/include/rogilink_flex_interfaces/rogilink_flex_interfaces/srv/detail/get_config__type_support.c
[0.314s] -- Up-to-date: /home/a/ws_moveit2/install/rogilink_flex_interfaces/include/rogilink_flex_interfaces/rogilink_flex_interfaces/srv/detail/is_connected__rosidl_typesupport_introspection_c.h
[0.314s] -- Up-to-date: /home/a/ws_moveit2/install/rogilink_flex_interfaces/lib/librogilink_flex_interfaces__rosidl_typesupport_introspection_c.so
[0.314s] -- Up-to-date: /home/a/ws_moveit2/install/rogilink_flex_interfaces/lib/librogilink_flex_interfaces__rosidl_typesupport_c.so
[0.314s] -- Up-to-date: /home/a/ws_moveit2/install/rogilink_flex_interfaces/include/rogilink_flex_interfaces/rogilink_flex_interfaces
[0.315s] -- Up-to-date: /home/a/ws_moveit2/install/rogilink_flex_interfaces/include/rogilink_flex_interfaces/rogilink_flex_interfaces/msg
[0.315s] -- Up-to-date: /home/a/ws_moveit2/install/rogilink_flex_interfaces/include/rogilink_flex_interfaces/rogilink_flex_interfaces/msg/frame.hpp
[0.315s] -- Up-to-date: /home/a/ws_moveit2/install/rogilink_flex_interfaces/include/rogilink_flex_interfaces/rogilink_flex_interfaces/msg/rosidl_generator_cpp__visibility_control.hpp
[0.315s] -- Up-to-date: /home/a/ws_moveit2/install/rogilink_flex_interfaces/include/rogilink_flex_interfaces/rogilink_flex_interfaces/msg/detail
[0.315s] -- Up-to-date: /home/a/ws_moveit2/install/rogilink_flex_interfaces/include/rogilink_flex_interfaces/rogilink_flex_interfaces/msg/detail/frame__builder.hpp
[0.315s] -- Up-to-date: /home/a/ws_moveit2/install/rogilink_flex_interfaces/include/rogilink_flex_interfaces/rogilink_flex_interfaces/msg/detail/frame__traits.hpp
[0.315s] -- Up-to-date: /home/a/ws_moveit2/install/rogilink_flex_interfaces/include/rogilink_flex_interfaces/rogilink_flex_interfaces/msg/detail/frame__type_support.hpp
[0.315s] -- Up-to-date: /home/a/ws_moveit2/install/rogilink_flex_interfaces/include/rogilink_flex_interfaces/rogilink_flex_interfaces/msg/detail/frame__struct.hpp
[0.315s] -- Up-to-date: /home/a/ws_moveit2/install/rogilink_flex_interfaces/include/rogilink_flex_interfaces/rogilink_flex_interfaces/srv
[0.315s] -- Up-to-date: /home/a/ws_moveit2/install/rogilink_flex_interfaces/include/rogilink_flex_interfaces/rogilink_flex_interfaces/srv/get_config.hpp
[0.315s] -- Up-to-date: /home/a/ws_moveit2/install/rogilink_flex_interfaces/include/rogilink_flex_interfaces/rogilink_flex_interfaces/srv/is_connected.hpp
[0.315s] -- Up-to-date: /home/a/ws_moveit2/install/rogilink_flex_interfaces/include/rogilink_flex_interfaces/rogilink_flex_interfaces/srv/detail
[0.315s] -- Up-to-date: /home/a/ws_moveit2/install/rogilink_flex_interfaces/include/rogilink_flex_interfaces/rogilink_flex_interfaces/srv/detail/get_config__traits.hpp
[0.315s] -- Up-to-date: /home/a/ws_moveit2/install/rogilink_flex_interfaces/include/rogilink_flex_interfaces/rogilink_flex_interfaces/srv/detail/is_connected__struct.hpp
[0.315s] -- Up-to-date: /home/a/ws_moveit2/install/rogilink_flex_interfaces/include/rogilink_flex_interfaces/rogilink_flex_interfaces/srv/detail/get_config__struct.hpp
[0.315s] -- Up-to-date: /home/a/ws_moveit2/install/rogilink_flex_interfaces/include/rogilink_flex_interfaces/rogilink_flex_interfaces/srv/detail/get_config__type_support.hpp
[0.315s] -- Up-to-date: /home/a/ws_moveit2/install/rogilink_flex_interfaces/include/rogilink_flex_interfaces/rogilink_flex_interfaces/srv/detail/get_config__builder.hpp
[0.315s] -- Up-to-date: /home/a/ws_moveit2/install/rogilink_flex_interfaces/include/rogilink_flex_interfaces/rogilink_flex_interfaces/srv/detail/is_connected__builder.hpp
[0.315s] -- Up-to-date: /home/a/ws_moveit2/install/rogilink_flex_interfaces/include/rogilink_flex_interfaces/rogilink_flex_interfaces/srv/detail/is_connected__type_support.hpp
[0.315s] -- Up-to-date: /home/a/ws_moveit2/install/rogilink_flex_interfaces/include/rogilink_flex_interfaces/rogilink_flex_interfaces/srv/detail/is_connected__traits.hpp
[0.315s] -- Up-to-date: /home/a/ws_moveit2/install/rogilink_flex_interfaces/include/rogilink_flex_interfaces/rogilink_flex_interfaces
[0.315s] -- Up-to-date: /home/a/ws_moveit2/install/rogilink_flex_interfaces/include/rogilink_flex_interfaces/rogilink_flex_interfaces/msg
[0.315s] -- Up-to-date: /home/a/ws_moveit2/install/rogilink_flex_interfaces/include/rogilink_flex_interfaces/rogilink_flex_interfaces/msg/detail
[0.315s] -- Up-to-date: /home/a/ws_moveit2/install/rogilink_flex_interfaces/include/rogilink_flex_interfaces/rogilink_flex_interfaces/msg/detail/frame__rosidl_typesupport_fastrtps_cpp.hpp
[0.315s] -- Up-to-date: /home/a/ws_moveit2/install/rogilink_flex_interfaces/include/rogilink_flex_interfaces/rogilink_flex_interfaces/msg/detail/dds_fastrtps
[0.315s] -- Up-to-date: /home/a/ws_moveit2/install/rogilink_flex_interfaces/include/rogilink_flex_interfaces/rogilink_flex_interfaces/msg/rosidl_typesupport_fastrtps_cpp__visibility_control.h
[0.315s] -- Up-to-date: /home/a/ws_moveit2/install/rogilink_flex_interfaces/include/rogilink_flex_interfaces/rogilink_flex_interfaces/srv
[0.315s] -- Up-to-date: /home/a/ws_moveit2/install/rogilink_flex_interfaces/include/rogilink_flex_interfaces/rogilink_flex_interfaces/srv/detail
[0.315s] -- Up-to-date: /home/a/ws_moveit2/install/rogilink_flex_interfaces/include/rogilink_flex_interfaces/rogilink_flex_interfaces/srv/detail/is_connected__rosidl_typesupport_fastrtps_cpp.hpp
[0.315s] -- Up-to-date: /home/a/ws_moveit2/install/rogilink_flex_interfaces/include/rogilink_flex_interfaces/rogilink_flex_interfaces/srv/detail/get_config__rosidl_typesupport_fastrtps_cpp.hpp
[0.315s] -- Up-to-date: /home/a/ws_moveit2/install/rogilink_flex_interfaces/include/rogilink_flex_interfaces/rogilink_flex_interfaces/srv/detail/dds_fastrtps
[0.315s] -- Up-to-date: /home/a/ws_moveit2/install/rogilink_flex_interfaces/lib/librogilink_flex_interfaces__rosidl_typesupport_fastrtps_cpp.so
[0.315s] -- Up-to-date: /home/a/ws_moveit2/install/rogilink_flex_interfaces/include/rogilink_flex_interfaces/rogilink_flex_interfaces
[0.315s] -- Up-to-date: /home/a/ws_moveit2/install/rogilink_flex_interfaces/include/rogilink_flex_interfaces/rogilink_flex_interfaces/msg
[0.316s] -- Up-to-date: /home/a/ws_moveit2/install/rogilink_flex_interfaces/include/rogilink_flex_interfaces/rogilink_flex_interfaces/msg/detail
[0.316s] -- Up-to-date: /home/a/ws_moveit2/install/rogilink_flex_interfaces/include/rogilink_flex_interfaces/rogilink_flex_interfaces/msg/detail/frame__type_support.cpp
[0.316s] -- Up-to-date: /home/a/ws_moveit2/install/rogilink_flex_interfaces/include/rogilink_flex_interfaces/rogilink_flex_interfaces/msg/detail/frame__rosidl_typesupport_introspection_cpp.hpp
[0.316s] -- Up-to-date: /home/a/ws_moveit2/install/rogilink_flex_interfaces/include/rogilink_flex_interfaces/rogilink_flex_interfaces/srv
[0.316s] -- Up-to-date: /home/a/ws_moveit2/install/rogilink_flex_interfaces/include/rogilink_flex_interfaces/rogilink_flex_interfaces/srv/detail
[0.316s] -- Up-to-date: /home/a/ws_moveit2/install/rogilink_flex_interfaces/include/rogilink_flex_interfaces/rogilink_flex_interfaces/srv/detail/is_connected__type_support.cpp
[0.316s] -- Up-to-date: /home/a/ws_moveit2/install/rogilink_flex_interfaces/include/rogilink_flex_interfaces/rogilink_flex_interfaces/srv/detail/get_config__rosidl_typesupport_introspection_cpp.hpp
[0.316s] -- Up-to-date: /home/a/ws_moveit2/install/rogilink_flex_interfaces/include/rogilink_flex_interfaces/rogilink_flex_interfaces/srv/detail/get_config__type_support.cpp
[0.316s] -- Up-to-date: /home/a/ws_moveit2/install/rogilink_flex_interfaces/include/rogilink_flex_interfaces/rogilink_flex_interfaces/srv/detail/is_connected__rosidl_typesupport_introspection_cpp.hpp
[0.316s] -- Up-to-date: /home/a/ws_moveit2/install/rogilink_flex_interfaces/lib/librogilink_flex_interfaces__rosidl_typesupport_introspection_cpp.so
[0.316s] -- Up-to-date: /home/a/ws_moveit2/install/rogilink_flex_interfaces/lib/librogilink_flex_interfaces__rosidl_typesupport_cpp.so
[0.316s] -- Up-to-date: /home/a/ws_moveit2/install/rogilink_flex_interfaces/share/rogilink_flex_interfaces/environment/pythonpath.sh
[0.316s] -- Up-to-date: /home/a/ws_moveit2/install/rogilink_flex_interfaces/share/rogilink_flex_interfaces/environment/pythonpath.dsv
[0.316s] -- Up-to-date: /home/a/ws_moveit2/install/rogilink_flex_interfaces/local/lib/python3.10/dist-packages/rogilink_flex_interfaces-0.0.0-py3.10.egg-info
[0.316s] -- Installing: /home/a/ws_moveit2/install/rogilink_flex_interfaces/local/lib/python3.10/dist-packages/rogilink_flex_interfaces-0.0.0-py3.10.egg-info/top_level.txt
[0.316s] -- Installing: /home/a/ws_moveit2/install/rogilink_flex_interfaces/local/lib/python3.10/dist-packages/rogilink_flex_interfaces-0.0.0-py3.10.egg-info/SOURCES.txt
[0.316s] -- Installing: /home/a/ws_moveit2/install/rogilink_flex_interfaces/local/lib/python3.10/dist-packages/rogilink_flex_interfaces-0.0.0-py3.10.egg-info/PKG-INFO
[0.316s] -- Installing: /home/a/ws_moveit2/install/rogilink_flex_interfaces/local/lib/python3.10/dist-packages/rogilink_flex_interfaces-0.0.0-py3.10.egg-info/dependency_links.txt
[0.316s] -- Up-to-date: /home/a/ws_moveit2/install/rogilink_flex_interfaces/local/lib/python3.10/dist-packages/rogilink_flex_interfaces
[0.316s] -- Up-to-date: /home/a/ws_moveit2/install/rogilink_flex_interfaces/local/lib/python3.10/dist-packages/rogilink_flex_interfaces/msg
[0.316s] -- Up-to-date: /home/a/ws_moveit2/install/rogilink_flex_interfaces/local/lib/python3.10/dist-packages/rogilink_flex_interfaces/msg/_frame.py
[0.316s] -- Up-to-date: /home/a/ws_moveit2/install/rogilink_flex_interfaces/local/lib/python3.10/dist-packages/rogilink_flex_interfaces/msg/__init__.py
[0.316s] -- Up-to-date: /home/a/ws_moveit2/install/rogilink_flex_interfaces/local/lib/python3.10/dist-packages/rogilink_flex_interfaces/msg/_frame_s.c
[0.316s] -- Up-to-date: /home/a/ws_moveit2/install/rogilink_flex_interfaces/local/lib/python3.10/dist-packages/rogilink_flex_interfaces/librogilink_flex_interfaces__rosidl_generator_py.so
[0.316s] -- Up-to-date: /home/a/ws_moveit2/install/rogilink_flex_interfaces/local/lib/python3.10/dist-packages/rogilink_flex_interfaces/__init__.py
[0.316s] -- Up-to-date: /home/a/ws_moveit2/install/rogilink_flex_interfaces/local/lib/python3.10/dist-packages/rogilink_flex_interfaces/_rogilink_flex_interfaces_s.ep.rosidl_typesupport_fastrtps_c.c
[0.316s] -- Up-to-date: /home/a/ws_moveit2/install/rogilink_flex_interfaces/local/lib/python3.10/dist-packages/rogilink_flex_interfaces/_rogilink_flex_interfaces_s.ep.rosidl_typesupport_introspection_c.c
[0.316s] -- Up-to-date: /home/a/ws_moveit2/install/rogilink_flex_interfaces/local/lib/python3.10/dist-packages/rogilink_flex_interfaces/_rogilink_flex_interfaces_s.ep.rosidl_typesupport_c.c
[0.316s] -- Up-to-date: /home/a/ws_moveit2/install/rogilink_flex_interfaces/local/lib/python3.10/dist-packages/rogilink_flex_interfaces/rogilink_flex_interfaces_s__rosidl_typesupport_c.cpython-310-x86_64-linux-gnu.so
[0.316s] -- Up-to-date: /home/a/ws_moveit2/install/rogilink_flex_interfaces/local/lib/python3.10/dist-packages/rogilink_flex_interfaces/rogilink_flex_interfaces_s__rosidl_typesupport_fastrtps_c.cpython-310-x86_64-linux-gnu.so
[0.316s] -- Up-to-date: /home/a/ws_moveit2/install/rogilink_flex_interfaces/local/lib/python3.10/dist-packages/rogilink_flex_interfaces/rogilink_flex_interfaces_s__rosidl_typesupport_introspection_c.cpython-310-x86_64-linux-gnu.so
[0.316s] -- Up-to-date: /home/a/ws_moveit2/install/rogilink_flex_interfaces/local/lib/python3.10/dist-packages/rogilink_flex_interfaces/srv
[0.316s] -- Up-to-date: /home/a/ws_moveit2/install/rogilink_flex_interfaces/local/lib/python3.10/dist-packages/rogilink_flex_interfaces/srv/_get_config.py
[0.316s] -- Up-to-date: /home/a/ws_moveit2/install/rogilink_flex_interfaces/local/lib/python3.10/dist-packages/rogilink_flex_interfaces/srv/_get_config_s.c
[0.316s] -- Up-to-date: /home/a/ws_moveit2/install/rogilink_flex_interfaces/local/lib/python3.10/dist-packages/rogilink_flex_interfaces/srv/_is_connected.py
[0.316s] -- Up-to-date: /home/a/ws_moveit2/install/rogilink_flex_interfaces/local/lib/python3.10/dist-packages/rogilink_flex_interfaces/srv/__init__.py
[0.316s] -- Up-to-date: /home/a/ws_moveit2/install/rogilink_flex_interfaces/local/lib/python3.10/dist-packages/rogilink_flex_interfaces/srv/_is_connected_s.c
[0.341s] Listing '/home/a/ws_moveit2/install/rogilink_flex_interfaces/local/lib/python3.10/dist-packages/rogilink_flex_interfaces'...
[0.341s] Listing '/home/a/ws_moveit2/install/rogilink_flex_interfaces/local/lib/python3.10/dist-packages/rogilink_flex_interfaces/msg'...
[0.341s] Listing '/home/a/ws_moveit2/install/rogilink_flex_interfaces/local/lib/python3.10/dist-packages/rogilink_flex_interfaces/srv'...
[0.343s] -- Up-to-date: /home/a/ws_moveit2/install/rogilink_flex_interfaces/local/lib/python3.10/dist-packages/rogilink_flex_interfaces/rogilink_flex_interfaces_s__rosidl_typesupport_fastrtps_c.cpython-310-x86_64-linux-gnu.so
[0.344s] -- Up-to-date: /home/a/ws_moveit2/install/rogilink_flex_interfaces/local/lib/python3.10/dist-packages/rogilink_flex_interfaces/rogilink_flex_interfaces_s__rosidl_typesupport_introspection_c.cpython-310-x86_64-linux-gnu.so
[0.344s] -- Up-to-date: /home/a/ws_moveit2/install/rogilink_flex_interfaces/local/lib/python3.10/dist-packages/rogilink_flex_interfaces/rogilink_flex_interfaces_s__rosidl_typesupport_c.cpython-310-x86_64-linux-gnu.so
[0.344s] -- Up-to-date: /home/a/ws_moveit2/install/rogilink_flex_interfaces/lib/librogilink_flex_interfaces__rosidl_generator_py.so
[0.344s] -- Up-to-date: /home/a/ws_moveit2/install/rogilink_flex_interfaces/share/rogilink_flex_interfaces/msg/Frame.idl
[0.344s] -- Up-to-date: /home/a/ws_moveit2/install/rogilink_flex_interfaces/share/rogilink_flex_interfaces/srv/IsConnected.idl
[0.344s] -- Up-to-date: /home/a/ws_moveit2/install/rogilink_flex_interfaces/share/rogilink_flex_interfaces/srv/GetConfig.idl
[0.344s] -- Up-to-date: /home/a/ws_moveit2/install/rogilink_flex_interfaces/share/rogilink_flex_interfaces/msg/Frame.msg
[0.344s] -- Up-to-date: /home/a/ws_moveit2/install/rogilink_flex_interfaces/share/rogilink_flex_interfaces/srv/IsConnected.srv
[0.344s] -- Up-to-date: /home/a/ws_moveit2/install/rogilink_flex_interfaces/share/rogilink_flex_interfaces/srv/IsConnected_Request.msg
[0.344s] -- Up-to-date: /home/a/ws_moveit2/install/rogilink_flex_interfaces/share/rogilink_flex_interfaces/srv/IsConnected_Response.msg
[0.344s] -- Up-to-date: /home/a/ws_moveit2/install/rogilink_flex_interfaces/share/rogilink_flex_interfaces/srv/GetConfig.srv
[0.344s] -- Up-to-date: /home/a/ws_moveit2/install/rogilink_flex_interfaces/share/rogilink_flex_interfaces/srv/GetConfig_Request.msg
[0.344s] -- Up-to-date: /home/a/ws_moveit2/install/rogilink_flex_interfaces/share/rogilink_flex_interfaces/srv/GetConfig_Response.msg
[0.344s] -- Up-to-date: /home/a/ws_moveit2/install/rogilink_flex_interfaces/share/ament_index/resource_index/package_run_dependencies/rogilink_flex_interfaces
[0.345s] -- Up-to-date: /home/a/ws_moveit2/install/rogilink_flex_interfaces/share/ament_index/resource_index/parent_prefix_path/rogilink_flex_interfaces
[0.345s] -- Up-to-date: /home/a/ws_moveit2/install/rogilink_flex_interfaces/share/rogilink_flex_interfaces/environment/ament_prefix_path.sh
[0.345s] -- Up-to-date: /home/a/ws_moveit2/install/rogilink_flex_interfaces/share/rogilink_flex_interfaces/environment/ament_prefix_path.dsv
[0.345s] -- Up-to-date: /home/a/ws_moveit2/install/rogilink_flex_interfaces/share/rogilink_flex_interfaces/environment/path.sh
[0.345s] -- Up-to-date: /home/a/ws_moveit2/install/rogilink_flex_interfaces/share/rogilink_flex_interfaces/environment/path.dsv
[0.345s] -- Up-to-date: /home/a/ws_moveit2/install/rogilink_flex_interfaces/share/rogilink_flex_interfaces/local_setup.bash
[0.345s] -- Up-to-date: /home/a/ws_moveit2/install/rogilink_flex_interfaces/share/rogilink_flex_interfaces/local_setup.sh
[0.345s] -- Up-to-date: /home/a/ws_moveit2/install/rogilink_flex_interfaces/share/rogilink_flex_interfaces/local_setup.zsh
[0.345s] -- Up-to-date: /home/a/ws_moveit2/install/rogilink_flex_interfaces/share/rogilink_flex_interfaces/local_setup.dsv
[0.345s] -- Installing: /home/a/ws_moveit2/install/rogilink_flex_interfaces/share/rogilink_flex_interfaces/package.dsv
[0.345s] -- Up-to-date: /home/a/ws_moveit2/install/rogilink_flex_interfaces/share/ament_index/resource_index/packages/rogilink_flex_interfaces
[0.345s] -- Up-to-date: /home/a/ws_moveit2/install/rogilink_flex_interfaces/share/rogilink_flex_interfaces/cmake/export_rogilink_flex_interfaces__rosidl_generator_cExport.cmake
[0.345s] -- Up-to-date: /home/a/ws_moveit2/install/rogilink_flex_interfaces/share/rogilink_flex_interfaces/cmake/export_rogilink_flex_interfaces__rosidl_generator_cExport-noconfig.cmake
[0.345s] -- Up-to-date: /home/a/ws_moveit2/install/rogilink_flex_interfaces/share/rogilink_flex_interfaces/cmake/export_rogilink_flex_interfaces__rosidl_typesupport_fastrtps_cExport.cmake
[0.345s] -- Up-to-date: /home/a/ws_moveit2/install/rogilink_flex_interfaces/share/rogilink_flex_interfaces/cmake/export_rogilink_flex_interfaces__rosidl_typesupport_fastrtps_cExport-noconfig.cmake
[0.345s] -- Up-to-date: /home/a/ws_moveit2/install/rogilink_flex_interfaces/share/rogilink_flex_interfaces/cmake/rogilink_flex_interfaces__rosidl_typesupport_introspection_cExport.cmake
[0.345s] -- Up-to-date: /home/a/ws_moveit2/install/rogilink_flex_interfaces/share/rogilink_flex_interfaces/cmake/rogilink_flex_interfaces__rosidl_typesupport_introspection_cExport-noconfig.cmake
[0.345s] -- Up-to-date: /home/a/ws_moveit2/install/rogilink_flex_interfaces/share/rogilink_flex_interfaces/cmake/rogilink_flex_interfaces__rosidl_typesupport_cExport.cmake
[0.345s] -- Up-to-date: /home/a/ws_moveit2/install/rogilink_flex_interfaces/share/rogilink_flex_interfaces/cmake/rogilink_flex_interfaces__rosidl_typesupport_cExport-noconfig.cmake
[0.345s] -- Up-to-date: /home/a/ws_moveit2/install/rogilink_flex_interfaces/share/rogilink_flex_interfaces/cmake/export_rogilink_flex_interfaces__rosidl_generator_cppExport.cmake
[0.345s] -- Up-to-date: /home/a/ws_moveit2/install/rogilink_flex_interfaces/share/rogilink_flex_interfaces/cmake/export_rogilink_flex_interfaces__rosidl_typesupport_fastrtps_cppExport.cmake
[0.345s] -- Up-to-date: /home/a/ws_moveit2/install/rogilink_flex_interfaces/share/rogilink_flex_interfaces/cmake/export_rogilink_flex_interfaces__rosidl_typesupport_fastrtps_cppExport-noconfig.cmake
[0.345s] -- Up-to-date: /home/a/ws_moveit2/install/rogilink_flex_interfaces/share/rogilink_flex_interfaces/cmake/rogilink_flex_interfaces__rosidl_typesupport_introspection_cppExport.cmake
[0.346s] -- Up-to-date: /home/a/ws_moveit2/install/rogilink_flex_interfaces/share/rogilink_flex_interfaces/cmake/rogilink_flex_interfaces__rosidl_typesupport_introspection_cppExport-noconfig.cmake
[0.346s] -- Up-to-date: /home/a/ws_moveit2/install/rogilink_flex_interfaces/share/rogilink_flex_interfaces/cmake/rogilink_flex_interfaces__rosidl_typesupport_cppExport.cmake
[0.346s] -- Up-to-date: /home/a/ws_moveit2/install/rogilink_flex_interfaces/share/rogilink_flex_interfaces/cmake/rogilink_flex_interfaces__rosidl_typesupport_cppExport-noconfig.cmake
[0.346s] -- Up-to-date: /home/a/ws_moveit2/install/rogilink_flex_interfaces/share/rogilink_flex_interfaces/cmake/export_rogilink_flex_interfaces__rosidl_generator_pyExport.cmake
[0.346s] -- Up-to-date: /home/a/ws_moveit2/install/rogilink_flex_interfaces/share/rogilink_flex_interfaces/cmake/export_rogilink_flex_interfaces__rosidl_generator_pyExport-noconfig.cmake
[0.346s] -- Up-to-date: /home/a/ws_moveit2/install/rogilink_flex_interfaces/share/rogilink_flex_interfaces/cmake/rosidl_cmake-extras.cmake
[0.346s] -- Up-to-date: /home/a/ws_moveit2/install/rogilink_flex_interfaces/share/rogilink_flex_interfaces/cmake/ament_cmake_export_include_directories-extras.cmake
[0.346s] -- Up-to-date: /home/a/ws_moveit2/install/rogilink_flex_interfaces/share/rogilink_flex_interfaces/cmake/ament_cmake_export_libraries-extras.cmake
[0.346s] -- Up-to-date: /home/a/ws_moveit2/install/rogilink_flex_interfaces/share/rogilink_flex_interfaces/cmake/ament_cmake_export_targets-extras.cmake
[0.346s] -- Up-to-date: /home/a/ws_moveit2/install/rogilink_flex_interfaces/share/rogilink_flex_interfaces/cmake/rosidl_cmake_export_typesupport_targets-extras.cmake
[0.346s] -- Up-to-date: /home/a/ws_moveit2/install/rogilink_flex_interfaces/share/rogilink_flex_interfaces/cmake/ament_cmake_export_dependencies-extras.cmake
[0.346s] -- Up-to-date: /home/a/ws_moveit2/install/rogilink_flex_interfaces/share/rogilink_flex_interfaces/cmake/rosidl_cmake_export_typesupport_libraries-extras.cmake
[0.346s] -- Up-to-date: /home/a/ws_moveit2/install/rogilink_flex_interfaces/share/rogilink_flex_interfaces/cmake/rogilink_flex_interfacesConfig.cmake
[0.346s] -- Up-to-date: /home/a/ws_moveit2/install/rogilink_flex_interfaces/share/rogilink_flex_interfaces/cmake/rogilink_flex_interfacesConfig-version.cmake
[0.346s] -- Up-to-date: /home/a/ws_moveit2/install/rogilink_flex_interfaces/share/rogilink_flex_interfaces/package.xml
[0.347s] Invoked command in '/home/a/ws_moveit2/build/rogilink_flex_interfaces' returned '0': CMAKE_PREFIX_PATH=${CMAKE_PREFIX_PATH}:/home/a/ws_moveit2/install/rogilink_flex_example_py:/home/a/ws_moveit2/install/rogilink_flex_gui:/home/a/ws_moveit2/install/trac_ik_lib:/home/a/ws_moveit2/install/mavlink_controller_client:/home/a/ws_moveit2/install/moveit_configs_utils:/home/a/ws_moveit2/install/srdfdom:/home/a/ws_moveit2/install/ros_tcp_endpoint:/home/a/ws_moveit2/install/realsense2_ros_mqtt_bridge:/home/a/ws_moveit2/install/realsense2_camera_msgs:/home/a/ws_moveit2/install/moveit_task_constructor_msgs:/home/a/ws_moveit2/install/moveit_resources_prbt_support:/home/a/ws_moveit2/install/moveit_resources_pr2_description:/home/a/ws_moveit2/install/moveit_resources_panda_description:/home/a/ws_moveit2/install/moveit_resources_fanuc_description:/home/a/ws_moveit2/install/moveit_common:/home/a/ws_moveit2/install/launch_param_builder:/home/a/ws_moveit2/install/dynamixel_sdk_custom_interfaces:/home/a/ws_moveit2/install/dynamixel_controller_gui:/home/a/ws_moveit2/install/dynamixel_sdk:/home/a/ws_moveit2/install/dynamixel_controller_client:/home/a/ws_moveit2/install/d415_rgb_depth_3d:/home/a/ws_moveit2/install/catch_gazebo_ros2_control:/home/a/ws_moveit2/install/blue_seiretu_description:/opt/ros/humble /usr/bin/cmake --install /home/a/ws_moveit2/build/rogilink_flex_interfaces
