[0.103s] Invoking command in '/home/a/ws_moveit2/build/moveit_common': CMAKE_PREFIX_PATH=${CMAKE_PREFIX_PATH}:/home/a/ws_moveit2/install/trac_ik_lib:/home/a/ws_moveit2/install/mavlink_controller_client:/home/a/ws_moveit2/install/moveit_configs_utils:/home/a/ws_moveit2/install/srdfdom:/home/a/ws_moveit2/install/ros_tcp_endpoint:/home/a/ws_moveit2/install/rogilink_flex_example_py:/home/a/ws_moveit2/install/rogilink_flex_gui:/home/a/ws_moveit2/install/realsense2_ros_mqtt_bridge:/home/a/ws_moveit2/install/realsense2_camera_msgs:/home/a/ws_moveit2/install/moveit_task_constructor_msgs:/home/a/ws_moveit2/install/moveit_resources_prbt_support:/home/a/ws_moveit2/install/moveit_resources_pr2_description:/home/a/ws_moveit2/install/moveit_resources_panda_description:/home/a/ws_moveit2/install/moveit_resources_fanuc_description:/home/a/ws_moveit2/install/moveit_common:/home/a/ws_moveit2/install/launch_param_builder:/home/a/ws_moveit2/install/dynamixel_sdk_custom_interfaces:/home/a/ws_moveit2/install/dynamixel_controller_gui:/home/a/ws_moveit2/install/dynamixel_sdk:/home/a/ws_moveit2/install/dynamixel_controller_client:/home/a/ws_moveit2/install/d415_rgb_depth_3d:/home/a/ws_moveit2/install/catch_gazebo_ros2_control:/home/a/ws_moveit2/install/blue_seiretu_description:/opt/ros/humble /usr/bin/cmake --build /home/a/ws_moveit2/build/moveit_common -- -j22 -l22
[1.003s] Invoked command in '/home/a/ws_moveit2/build/moveit_common' returned '0': CMAKE_PREFIX_PATH=${CMAKE_PREFIX_PATH}:/home/a/ws_moveit2/install/trac_ik_lib:/home/a/ws_moveit2/install/mavlink_controller_client:/home/a/ws_moveit2/install/moveit_configs_utils:/home/a/ws_moveit2/install/srdfdom:/home/a/ws_moveit2/install/ros_tcp_endpoint:/home/a/ws_moveit2/install/rogilink_flex_example_py:/home/a/ws_moveit2/install/rogilink_flex_gui:/home/a/ws_moveit2/install/realsense2_ros_mqtt_bridge:/home/a/ws_moveit2/install/realsense2_camera_msgs:/home/a/ws_moveit2/install/moveit_task_constructor_msgs:/home/a/ws_moveit2/install/moveit_resources_prbt_support:/home/a/ws_moveit2/install/moveit_resources_pr2_description:/home/a/ws_moveit2/install/moveit_resources_panda_description:/home/a/ws_moveit2/install/moveit_resources_fanuc_description:/home/a/ws_moveit2/install/moveit_common:/home/a/ws_moveit2/install/launch_param_builder:/home/a/ws_moveit2/install/dynamixel_sdk_custom_interfaces:/home/a/ws_moveit2/install/dynamixel_controller_gui:/home/a/ws_moveit2/install/dynamixel_sdk:/home/a/ws_moveit2/install/dynamixel_controller_client:/home/a/ws_moveit2/install/d415_rgb_depth_3d:/home/a/ws_moveit2/install/catch_gazebo_ros2_control:/home/a/ws_moveit2/install/blue_seiretu_description:/opt/ros/humble /usr/bin/cmake --build /home/a/ws_moveit2/build/moveit_common -- -j22 -l22
[1.005s] Invoking command in '/home/a/ws_moveit2/build/moveit_common': CMAKE_PREFIX_PATH=${CMAKE_PREFIX_PATH}:/home/a/ws_moveit2/install/trac_ik_lib:/home/a/ws_moveit2/install/mavlink_controller_client:/home/a/ws_moveit2/install/moveit_configs_utils:/home/a/ws_moveit2/install/srdfdom:/home/a/ws_moveit2/install/ros_tcp_endpoint:/home/a/ws_moveit2/install/rogilink_flex_example_py:/home/a/ws_moveit2/install/rogilink_flex_gui:/home/a/ws_moveit2/install/realsense2_ros_mqtt_bridge:/home/a/ws_moveit2/install/realsense2_camera_msgs:/home/a/ws_moveit2/install/moveit_task_constructor_msgs:/home/a/ws_moveit2/install/moveit_resources_prbt_support:/home/a/ws_moveit2/install/moveit_resources_pr2_description:/home/a/ws_moveit2/install/moveit_resources_panda_description:/home/a/ws_moveit2/install/moveit_resources_fanuc_description:/home/a/ws_moveit2/install/moveit_common:/home/a/ws_moveit2/install/launch_param_builder:/home/a/ws_moveit2/install/dynamixel_sdk_custom_interfaces:/home/a/ws_moveit2/install/dynamixel_controller_gui:/home/a/ws_moveit2/install/dynamixel_sdk:/home/a/ws_moveit2/install/dynamixel_controller_client:/home/a/ws_moveit2/install/d415_rgb_depth_3d:/home/a/ws_moveit2/install/catch_gazebo_ros2_control:/home/a/ws_moveit2/install/blue_seiretu_description:/opt/ros/humble /usr/bin/cmake --install /home/a/ws_moveit2/build/moveit_common
[1.041s] -- Install configuration: "Release"
[1.041s] -- Up-to-date: /home/a/ws_moveit2/install/moveit_common/share/ament_index/resource_index/package_run_dependencies/moveit_common
[1.041s] -- Up-to-date: /home/a/ws_moveit2/install/moveit_common/share/ament_index/resource_index/parent_prefix_path/moveit_common
[1.041s] -- Up-to-date: /home/a/ws_moveit2/install/moveit_common/share/moveit_common/environment/ament_prefix_path.sh
[1.041s] -- Up-to-date: /home/a/ws_moveit2/install/moveit_common/share/moveit_common/environment/ament_prefix_path.dsv
[1.041s] -- Up-to-date: /home/a/ws_moveit2/install/moveit_common/share/moveit_common/environment/path.sh
[1.041s] -- Up-to-date: /home/a/ws_moveit2/install/moveit_common/share/moveit_common/environment/path.dsv
[1.041s] -- Up-to-date: /home/a/ws_moveit2/install/moveit_common/share/moveit_common/local_setup.bash
[1.041s] -- Up-to-date: /home/a/ws_moveit2/install/moveit_common/share/moveit_common/local_setup.sh
[1.041s] -- Up-to-date: /home/a/ws_moveit2/install/moveit_common/share/moveit_common/local_setup.zsh
[1.041s] -- Up-to-date: /home/a/ws_moveit2/install/moveit_common/share/moveit_common/local_setup.dsv
[1.041s] -- Up-to-date: /home/a/ws_moveit2/install/moveit_common/share/moveit_common/package.dsv
[1.041s] -- Up-to-date: /home/a/ws_moveit2/install/moveit_common/share/ament_index/resource_index/packages/moveit_common
[1.041s] -- Up-to-date: /home/a/ws_moveit2/install/moveit_common/share/moveit_common/cmake/moveit_common-extras.cmake
[1.041s] -- Up-to-date: /home/a/ws_moveit2/install/moveit_common/share/moveit_common/cmake/moveit_commonConfig.cmake
[1.041s] -- Up-to-date: /home/a/ws_moveit2/install/moveit_common/share/moveit_common/cmake/moveit_commonConfig-version.cmake
[1.041s] -- Up-to-date: /home/a/ws_moveit2/install/moveit_common/share/moveit_common/package.xml
[1.042s] -- Up-to-date: /home/a/ws_moveit2/install/moveit_common/share/moveit_common/cmake
[1.042s] -- Up-to-date: /home/a/ws_moveit2/install/moveit_common/share/moveit_common/cmake/moveit_package.cmake
