[0.259s] Invoking command in '/home/a/ws_moveit2/build/realsense2_camera_msgs': CMAKE_PREFIX_PATH=${CMAKE_PREFIX_PATH}:/home/a/ws_moveit2/install/trac_ik_lib:/home/a/ws_moveit2/install/mavlink_controller_client:/home/a/ws_moveit2/install/moveit_configs_utils:/home/a/ws_moveit2/install/srdfdom:/home/a/ws_moveit2/install/ros_tcp_endpoint:/home/a/ws_moveit2/install/rogilink_flex_example_py:/home/a/ws_moveit2/install/rogilink_flex_gui:/home/a/ws_moveit2/install/realsense2_ros_mqtt_bridge:/home/a/ws_moveit2/install/realsense2_camera_msgs:/home/a/ws_moveit2/install/moveit_task_constructor_msgs:/home/a/ws_moveit2/install/moveit_resources_prbt_support:/home/a/ws_moveit2/install/moveit_resources_pr2_description:/home/a/ws_moveit2/install/moveit_resources_panda_description:/home/a/ws_moveit2/install/moveit_resources_fanuc_description:/home/a/ws_moveit2/install/moveit_common:/home/a/ws_moveit2/install/launch_param_builder:/home/a/ws_moveit2/install/dynamixel_sdk_custom_interfaces:/home/a/ws_moveit2/install/dynamixel_controller_gui:/home/a/ws_moveit2/install/dynamixel_sdk:/home/a/ws_moveit2/install/dynamixel_controller_client:/home/a/ws_moveit2/install/d415_rgb_depth_3d:/home/a/ws_moveit2/install/catch_gazebo_ros2_control:/home/a/ws_moveit2/install/blue_seiretu_description:/opt/ros/humble /usr/bin/cmake --build /home/a/ws_moveit2/build/realsense2_camera_msgs -- -j22 -l22
[0.933s] [  0%] Built target realsense2_camera_msgs__cpp
[0.933s] [ 12%] Built target realsense2_camera_msgs__rosidl_generator_c
[0.933s] [ 12%] Built target ament_cmake_python_copy_realsense2_camera_msgs
[0.933s] [ 24%] Built target realsense2_camera_msgs__rosidl_typesupport_introspection_cpp
[0.933s] [ 36%] Built target realsense2_camera_msgs__rosidl_typesupport_cpp
[0.933s] [ 48%] Built target realsense2_camera_msgs__rosidl_typesupport_fastrtps_c
[0.933s] [ 60%] Built target realsense2_camera_msgs__rosidl_typesupport_fastrtps_cpp
[0.933s] [ 72%] Built target realsense2_camera_msgs__rosidl_typesupport_introspection_c
[0.933s] [ 84%] Built target realsense2_camera_msgs__rosidl_typesupport_c
[0.933s] [ 84%] Built target realsense2_camera_msgs
[0.933s] [ 85%] Built target realsense2_camera_msgs__py
[0.933s] [ 96%] Built target realsense2_camera_msgs__rosidl_generator_py
[0.933s] [ 97%] Built target realsense2_camera_msgs__rosidl_typesupport_c__pyext
[0.933s] [ 99%] Built target realsense2_camera_msgs__rosidl_typesupport_introspection_c__pyext
[0.933s] [100%] Built target realsense2_camera_msgs__rosidl_typesupport_fastrtps_c__pyext
[0.933s] running egg_info
[0.933s] writing realsense2_camera_msgs.egg-info/PKG-INFO
[0.933s] writing dependency_links to realsense2_camera_msgs.egg-info/dependency_links.txt
[0.933s] writing top-level names to realsense2_camera_msgs.egg-info/top_level.txt
[0.933s] reading manifest file 'realsense2_camera_msgs.egg-info/SOURCES.txt'
[0.933s] writing manifest file 'realsense2_camera_msgs.egg-info/SOURCES.txt'
[0.933s] [100%] Built target ament_cmake_python_build_realsense2_camera_msgs_egg
[0.985s] Invoked command in '/home/a/ws_moveit2/build/realsense2_camera_msgs' returned '0': CMAKE_PREFIX_PATH=${CMAKE_PREFIX_PATH}:/home/a/ws_moveit2/install/trac_ik_lib:/home/a/ws_moveit2/install/mavlink_controller_client:/home/a/ws_moveit2/install/moveit_configs_utils:/home/a/ws_moveit2/install/srdfdom:/home/a/ws_moveit2/install/ros_tcp_endpoint:/home/a/ws_moveit2/install/rogilink_flex_example_py:/home/a/ws_moveit2/install/rogilink_flex_gui:/home/a/ws_moveit2/install/realsense2_ros_mqtt_bridge:/home/a/ws_moveit2/install/realsense2_camera_msgs:/home/a/ws_moveit2/install/moveit_task_constructor_msgs:/home/a/ws_moveit2/install/moveit_resources_prbt_support:/home/a/ws_moveit2/install/moveit_resources_pr2_description:/home/a/ws_moveit2/install/moveit_resources_panda_description:/home/a/ws_moveit2/install/moveit_resources_fanuc_description:/home/a/ws_moveit2/install/moveit_common:/home/a/ws_moveit2/install/launch_param_builder:/home/a/ws_moveit2/install/dynamixel_sdk_custom_interfaces:/home/a/ws_moveit2/install/dynamixel_controller_gui:/home/a/ws_moveit2/install/dynamixel_sdk:/home/a/ws_moveit2/install/dynamixel_controller_client:/home/a/ws_moveit2/install/d415_rgb_depth_3d:/home/a/ws_moveit2/install/catch_gazebo_ros2_control:/home/a/ws_moveit2/install/blue_seiretu_description:/opt/ros/humble /usr/bin/cmake --build /home/a/ws_moveit2/build/realsense2_camera_msgs -- -j22 -l22
[0.986s] Invoking command in '/home/a/ws_moveit2/build/realsense2_camera_msgs': CMAKE_PREFIX_PATH=${CMAKE_PREFIX_PATH}:/home/a/ws_moveit2/install/trac_ik_lib:/home/a/ws_moveit2/install/mavlink_controller_client:/home/a/ws_moveit2/install/moveit_configs_utils:/home/a/ws_moveit2/install/srdfdom:/home/a/ws_moveit2/install/ros_tcp_endpoint:/home/a/ws_moveit2/install/rogilink_flex_example_py:/home/a/ws_moveit2/install/rogilink_flex_gui:/home/a/ws_moveit2/install/realsense2_ros_mqtt_bridge:/home/a/ws_moveit2/install/realsense2_camera_msgs:/home/a/ws_moveit2/install/moveit_task_constructor_msgs:/home/a/ws_moveit2/install/moveit_resources_prbt_support:/home/a/ws_moveit2/install/moveit_resources_pr2_description:/home/a/ws_moveit2/install/moveit_resources_panda_description:/home/a/ws_moveit2/install/moveit_resources_fanuc_description:/home/a/ws_moveit2/install/moveit_common:/home/a/ws_moveit2/install/launch_param_builder:/home/a/ws_moveit2/install/dynamixel_sdk_custom_interfaces:/home/a/ws_moveit2/install/dynamixel_controller_gui:/home/a/ws_moveit2/install/dynamixel_sdk:/home/a/ws_moveit2/install/dynamixel_controller_client:/home/a/ws_moveit2/install/d415_rgb_depth_3d:/home/a/ws_moveit2/install/catch_gazebo_ros2_control:/home/a/ws_moveit2/install/blue_seiretu_description:/opt/ros/humble /usr/bin/cmake --install /home/a/ws_moveit2/build/realsense2_camera_msgs
