[1.044s] Invoking command in '/home/a/ws_moveit2/src/MAVLink/mavlink_controller_client': AMENT_PREFIX_PATH=/home/a/ws_moveit2/install/stm32_mavlink_interface:${AMENT_PREFIX_PATH} CMAKE_PREFIX_PATH=/home/a/ws_moveit2/install/stm32_mavlink_interface LD_LIBRARY_PATH=/home/a/ws_moveit2/install/stm32_mavlink_interface/lib:${LD_LIBRARY_PATH} PYTHONPATH=/home/a/ws_moveit2/build/mavlink_controller_client/prefix_override:/usr/lib/python3/dist-packages/colcon_core/task/python/colcon_distutils_commands:/home/a/ws_moveit2/install/mavlink_controller_client/lib/python3.10/site-packages:/home/a/ws_moveit2/install/stm32_mavlink_interface/local/lib/python3.10/dist-packages:${PYTHONPATH} /usr/bin/python3 -W ignore:setup.py install is deprecated -W ignore:easy_install command is deprecated setup.py egg_info --egg-base ../../../build/mavlink_controller_client build --build-base /home/a/ws_moveit2/build/mavlink_controller_client/build install --record /home/a/ws_moveit2/build/mavlink_controller_client/install.log --single-version-externally-managed install_data
[1.557s] running egg_info
[1.559s] writing ../../../build/mavlink_controller_client/mavlink_controller_client.egg-info/PKG-INFO
[1.559s] writing dependency_links to ../../../build/mavlink_controller_client/mavlink_controller_client.egg-info/dependency_links.txt
[1.559s] writing entry points to ../../../build/mavlink_controller_client/mavlink_controller_client.egg-info/entry_points.txt
[1.560s] writing requirements to ../../../build/mavlink_controller_client/mavlink_controller_client.egg-info/requires.txt
[1.560s] writing top-level names to ../../../build/mavlink_controller_client/mavlink_controller_client.egg-info/top_level.txt
[1.563s] reading manifest file '../../../build/mavlink_controller_client/mavlink_controller_client.egg-info/SOURCES.txt'
[1.565s] writing manifest file '../../../build/mavlink_controller_client/mavlink_controller_client.egg-info/SOURCES.txt'
[1.566s] running build
[1.566s] running build_py
[1.566s] running install
[1.566s] running install_lib
[1.569s] running install_data
[1.569s] running install_egg_info
[1.573s] removing '/home/a/ws_moveit2/install/mavlink_controller_client/lib/python3.10/site-packages/mavlink_controller_client-0.0.0-py3.10.egg-info' (and everything under it)
[1.574s] Copying ../../../build/mavlink_controller_client/mavlink_controller_client.egg-info to /home/a/ws_moveit2/install/mavlink_controller_client/lib/python3.10/site-packages/mavlink_controller_client-0.0.0-py3.10.egg-info
[1.576s] running install_scripts
[1.618s] Installing mavlink_controller_client_node script to /home/a/ws_moveit2/install/mavlink_controller_client/lib/mavlink_controller_client
[1.619s] writing list of installed files to '/home/a/ws_moveit2/build/mavlink_controller_client/install.log'
[1.659s] Invoked command in '/home/a/ws_moveit2/src/MAVLink/mavlink_controller_client' returned '0': AMENT_PREFIX_PATH=/home/a/ws_moveit2/install/stm32_mavlink_interface:${AMENT_PREFIX_PATH} CMAKE_PREFIX_PATH=/home/a/ws_moveit2/install/stm32_mavlink_interface LD_LIBRARY_PATH=/home/a/ws_moveit2/install/stm32_mavlink_interface/lib:${LD_LIBRARY_PATH} PYTHONPATH=/home/a/ws_moveit2/build/mavlink_controller_client/prefix_override:/usr/lib/python3/dist-packages/colcon_core/task/python/colcon_distutils_commands:/home/a/ws_moveit2/install/mavlink_controller_client/lib/python3.10/site-packages:/home/a/ws_moveit2/install/stm32_mavlink_interface/local/lib/python3.10/dist-packages:${PYTHONPATH} /usr/bin/python3 -W ignore:setup.py install is deprecated -W ignore:easy_install command is deprecated setup.py egg_info --egg-base ../../../build/mavlink_controller_client build --build-base /home/a/ws_moveit2/build/mavlink_controller_client/build install --record /home/a/ws_moveit2/build/mavlink_controller_client/install.log --single-version-externally-managed install_data
