[0.011s] Invoking command in '/home/a/ws_moveit2/build/rogilink_flex_interfaces': CMAKE_PREFIX_PATH=${CMAKE_PREFIX_PATH}:/home/a/ws_moveit2/install/trac_ik_lib:/home/a/ws_moveit2/install/mavlink_controller_client:/home/a/ws_moveit2/install/moveit_configs_utils:/home/a/ws_moveit2/install/srdfdom:/home/a/ws_moveit2/install/ros_tcp_endpoint:/home/a/ws_moveit2/install/realsense2_ros_mqtt_bridge:/home/a/ws_moveit2/install/realsense2_camera_msgs:/home/a/ws_moveit2/install/moveit_task_constructor_msgs:/home/a/ws_moveit2/install/moveit_resources_prbt_support:/home/a/ws_moveit2/install/moveit_resources_pr2_description:/home/a/ws_moveit2/install/moveit_resources_panda_description:/home/a/ws_moveit2/install/moveit_resources_fanuc_description:/home/a/ws_moveit2/install/moveit_common:/home/a/ws_moveit2/install/launch_param_builder:/home/a/ws_moveit2/install/dynamixel_sdk_custom_interfaces:/home/a/ws_moveit2/install/dynamixel_controller_gui:/home/a/ws_moveit2/install/dynamixel_sdk:/home/a/ws_moveit2/install/dynamixel_controller_client:/home/a/ws_moveit2/install/d415_rgb_depth_3d:/home/a/ws_moveit2/install/catch_gazebo_ros2_control:/home/a/ws_moveit2/install/blue_seiretu_description:/opt/ros/humble /usr/bin/cmake /home/a/ws_moveit2/src/rogilinkFlex-ros2/rogilink_flex_interfaces -DCMAKE_INSTALL_PREFIX=/home/a/ws_moveit2/install/rogilink_flex_interfaces
[0.072s] -- The C compiler identification is GNU 11.4.0
[0.112s] -- The CXX compiler identification is GNU 11.4.0
[0.117s] -- Detecting C compiler ABI info
[0.183s] -- Detecting C compiler ABI info - done
[0.187s] -- Check for working C compiler: /usr/bin/cc - skipped
[0.187s] -- Detecting C compile features
[0.188s] -- Detecting C compile features - done
[0.189s] -- Detecting CXX compiler ABI info
[0.260s] -- Detecting CXX compiler ABI info - done
[0.267s] -- Check for working CXX compiler: /usr/bin/c++ - skipped
[0.267s] -- Detecting CXX compile features
[0.267s] -- Detecting CXX compile features - done
[0.272s] -- Found ament_cmake: 1.3.12 (/opt/ros/humble/share/ament_cmake/cmake)
[0.401s] -- Found Python3: /usr/bin/python3 (found version "3.10.12") found components: Interpreter 
[0.505s] -- Found rosidl_default_generators: 1.2.0 (/opt/ros/humble/share/rosidl_default_generators/cmake)
[0.518s] -- Using all available rosidl_typesupport_c: rosidl_typesupport_fastrtps_c;rosidl_typesupport_introspection_c
[0.530s] -- Found rosidl_adapter: 3.1.7 (/opt/ros/humble/share/rosidl_adapter/cmake)
[0.584s] -- Using all available rosidl_typesupport_cpp: rosidl_typesupport_fastrtps_cpp;rosidl_typesupport_introspection_cpp
[0.813s] -- Found ament_cmake_ros: 0.10.0 (/opt/ros/humble/share/ament_cmake_ros/cmake)
[0.960s] -- Using all available rosidl_typesupport_c: rosidl_typesupport_fastrtps_c;rosidl_typesupport_introspection_c
[1.151s] -- Using all available rosidl_typesupport_cpp: rosidl_typesupport_fastrtps_cpp;rosidl_typesupport_introspection_cpp
[1.169s] -- Found PythonInterp: /usr/bin/python3 (found suitable version "3.10.12", minimum required is "3.6") 
[1.173s] -- Found python_cmake_module: 0.10.0 (/opt/ros/humble/share/python_cmake_module/cmake)
[1.195s] -- Found PythonLibs: /usr/lib/x86_64-linux-gnu/libpython3.10.so (found suitable version "3.10.12", minimum required is "3.5") 
[1.195s] -- Using PYTHON_EXECUTABLE: /usr/bin/python3
[1.195s] -- Using PYTHON_INCLUDE_DIRS: /usr/include/python3.10
[1.195s] -- Using PYTHON_LIBRARIES: /usr/lib/x86_64-linux-gnu/libpython3.10.so
[1.212s] -- Found PythonExtra: .so  
[1.263s] -- Found ament_lint_auto: 0.12.14 (/opt/ros/humble/share/ament_lint_auto/cmake)
[1.294s] -- Added test 'lint_cmake' to check CMake code style
[1.295s] -- Added test 'xmllint' to check XML markup files
[1.297s] -- Configuring done
[1.313s] -- Generating done
[1.319s] -- Build files have been written to: /home/a/ws_moveit2/build/rogilink_flex_interfaces
[1.324s] Invoked command in '/home/a/ws_moveit2/build/rogilink_flex_interfaces' returned '0': CMAKE_PREFIX_PATH=${CMAKE_PREFIX_PATH}:/home/a/ws_moveit2/install/trac_ik_lib:/home/a/ws_moveit2/install/mavlink_controller_client:/home/a/ws_moveit2/install/moveit_configs_utils:/home/a/ws_moveit2/install/srdfdom:/home/a/ws_moveit2/install/ros_tcp_endpoint:/home/a/ws_moveit2/install/realsense2_ros_mqtt_bridge:/home/a/ws_moveit2/install/realsense2_camera_msgs:/home/a/ws_moveit2/install/moveit_task_constructor_msgs:/home/a/ws_moveit2/install/moveit_resources_prbt_support:/home/a/ws_moveit2/install/moveit_resources_pr2_description:/home/a/ws_moveit2/install/moveit_resources_panda_description:/home/a/ws_moveit2/install/moveit_resources_fanuc_description:/home/a/ws_moveit2/install/moveit_common:/home/a/ws_moveit2/install/launch_param_builder:/home/a/ws_moveit2/install/dynamixel_sdk_custom_interfaces:/home/a/ws_moveit2/install/dynamixel_controller_gui:/home/a/ws_moveit2/install/dynamixel_sdk:/home/a/ws_moveit2/install/dynamixel_controller_client:/home/a/ws_moveit2/install/d415_rgb_depth_3d:/home/a/ws_moveit2/install/catch_gazebo_ros2_control:/home/a/ws_moveit2/install/blue_seiretu_description:/opt/ros/humble /usr/bin/cmake /home/a/ws_moveit2/src/rogilinkFlex-ros2/rogilink_flex_interfaces -DCMAKE_INSTALL_PREFIX=/home/a/ws_moveit2/install/rogilink_flex_interfaces
[1.327s] Invoking command in '/home/a/ws_moveit2/build/rogilink_flex_interfaces': CMAKE_PREFIX_PATH=${CMAKE_PREFIX_PATH}:/home/a/ws_moveit2/install/trac_ik_lib:/home/a/ws_moveit2/install/mavlink_controller_client:/home/a/ws_moveit2/install/moveit_configs_utils:/home/a/ws_moveit2/install/srdfdom:/home/a/ws_moveit2/install/ros_tcp_endpoint:/home/a/ws_moveit2/install/realsense2_ros_mqtt_bridge:/home/a/ws_moveit2/install/realsense2_camera_msgs:/home/a/ws_moveit2/install/moveit_task_constructor_msgs:/home/a/ws_moveit2/install/moveit_resources_prbt_support:/home/a/ws_moveit2/install/moveit_resources_pr2_description:/home/a/ws_moveit2/install/moveit_resources_panda_description:/home/a/ws_moveit2/install/moveit_resources_fanuc_description:/home/a/ws_moveit2/install/moveit_common:/home/a/ws_moveit2/install/launch_param_builder:/home/a/ws_moveit2/install/dynamixel_sdk_custom_interfaces:/home/a/ws_moveit2/install/dynamixel_controller_gui:/home/a/ws_moveit2/install/dynamixel_sdk:/home/a/ws_moveit2/install/dynamixel_controller_client:/home/a/ws_moveit2/install/d415_rgb_depth_3d:/home/a/ws_moveit2/install/catch_gazebo_ros2_control:/home/a/ws_moveit2/install/blue_seiretu_description:/opt/ros/humble /usr/bin/cmake --build /home/a/ws_moveit2/build/rogilink_flex_interfaces -- -j22 -l22
[1.372s] [  2%] [34m[1mGenerating C code for ROS interfaces[0m
[1.381s] [  4%] [34m[1mGenerating C++ code for ROS interfaces[0m
[1.387s] [  4%] Built target ament_cmake_python_copy_rogilink_flex_interfaces
[1.555s] running egg_info
[1.556s] creating rogilink_flex_interfaces.egg-info
[1.556s] writing rogilink_flex_interfaces.egg-info/PKG-INFO
[1.556s] writing dependency_links to rogilink_flex_interfaces.egg-info/dependency_links.txt
[1.556s] writing top-level names to rogilink_flex_interfaces.egg-info/top_level.txt
[1.556s] writing manifest file 'rogilink_flex_interfaces.egg-info/SOURCES.txt'
[1.557s] reading manifest file 'rogilink_flex_interfaces.egg-info/SOURCES.txt'
[1.557s] writing manifest file 'rogilink_flex_interfaces.egg-info/SOURCES.txt'
[1.577s] [  4%] Built target ament_cmake_python_build_rogilink_flex_interfaces_egg
[1.647s] [  6%] [32mBuilding C object CMakeFiles/rogilink_flex_interfaces__rosidl_generator_c.dir/rosidl_generator_c/rogilink_flex_interfaces/msg/detail/frame__functions.c.o[0m
[1.649s] [  8%] [32mBuilding C object CMakeFiles/rogilink_flex_interfaces__rosidl_generator_c.dir/rosidl_generator_c/rogilink_flex_interfaces/srv/detail/is_connected__functions.c.o[0m
[1.649s] [ 10%] [32mBuilding C object CMakeFiles/rogilink_flex_interfaces__rosidl_generator_c.dir/rosidl_generator_c/rogilink_flex_interfaces/srv/detail/get_config__functions.c.o[0m
[1.649s] [ 10%] Built target rogilink_flex_interfaces__cpp
[1.658s] [ 12%] [34m[1mGenerating C++ introspection for ROS interfaces[0m
[1.659s] [ 14%] [34m[1mGenerating C++ type support dispatch for ROS interfaces[0m
[1.661s] [ 17%] [34m[1mGenerating C++ type support for eProsima Fast-RTPS[0m
[1.698s] [ 19%] [32m[1mLinking C shared library librogilink_flex_interfaces__rosidl_generator_c.so[0m
[1.737s] [ 19%] Built target rogilink_flex_interfaces__rosidl_generator_c
[1.749s] [ 23%] [34m[1mGenerating C introspection for ROS interfaces[0m
[1.749s] [ 23%] [34m[1mGenerating C type support dispatch for ROS interfaces[0m
[1.750s] [ 25%] [34m[1mGenerating C type support for eProsima Fast-RTPS[0m
[1.902s] [ 31%] [32mBuilding CXX object CMakeFiles/rogilink_flex_interfaces__rosidl_typesupport_introspection_cpp.dir/rosidl_typesupport_introspection_cpp/rogilink_flex_interfaces/srv/detail/get_config__type_support.cpp.o[0m
[1.902s] [ 31%] [32mBuilding CXX object CMakeFiles/rogilink_flex_interfaces__rosidl_typesupport_introspection_cpp.dir/rosidl_typesupport_introspection_cpp/rogilink_flex_interfaces/srv/detail/is_connected__type_support.cpp.o[0m
[1.902s] [ 31%] [32mBuilding CXX object CMakeFiles/rogilink_flex_interfaces__rosidl_typesupport_fastrtps_cpp.dir/rosidl_typesupport_fastrtps_cpp/rogilink_flex_interfaces/msg/detail/dds_fastrtps/frame__type_support.cpp.o[0m
[1.904s] [ 34%] [32mBuilding CXX object CMakeFiles/rogilink_flex_interfaces__rosidl_typesupport_fastrtps_cpp.dir/rosidl_typesupport_fastrtps_cpp/rogilink_flex_interfaces/srv/detail/dds_fastrtps/get_config__type_support.cpp.o[0m
[1.905s] [ 36%] [32mBuilding CXX object CMakeFiles/rogilink_flex_interfaces__rosidl_typesupport_cpp.dir/rosidl_typesupport_cpp/rogilink_flex_interfaces/msg/frame__type_support.cpp.o[0m
[1.905s] [ 38%] [32mBuilding CXX object CMakeFiles/rogilink_flex_interfaces__rosidl_typesupport_cpp.dir/rosidl_typesupport_cpp/rogilink_flex_interfaces/srv/get_config__type_support.cpp.o[0m
[1.905s] [ 40%] [32mBuilding CXX object CMakeFiles/rogilink_flex_interfaces__rosidl_typesupport_introspection_cpp.dir/rosidl_typesupport_introspection_cpp/rogilink_flex_interfaces/msg/detail/frame__type_support.cpp.o[0m
[1.905s] [ 44%] [32mBuilding CXX object CMakeFiles/rogilink_flex_interfaces__rosidl_typesupport_cpp.dir/rosidl_typesupport_cpp/rogilink_flex_interfaces/srv/is_connected__type_support.cpp.o[0m
[1.905s] [ 44%] [32mBuilding CXX object CMakeFiles/rogilink_flex_interfaces__rosidl_typesupport_fastrtps_cpp.dir/rosidl_typesupport_fastrtps_cpp/rogilink_flex_interfaces/srv/detail/dds_fastrtps/is_connected__type_support.cpp.o[0m
[1.941s] [ 46%] [32mBuilding CXX object CMakeFiles/rogilink_flex_interfaces__rosidl_typesupport_c.dir/rosidl_typesupport_c/rogilink_flex_interfaces/msg/frame__type_support.cpp.o[0m
[1.945s] [ 48%] [32mBuilding CXX object CMakeFiles/rogilink_flex_interfaces__rosidl_typesupport_c.dir/rosidl_typesupport_c/rogilink_flex_interfaces/srv/is_connected__type_support.cpp.o[0m
[1.946s] [ 51%] [32mBuilding CXX object CMakeFiles/rogilink_flex_interfaces__rosidl_typesupport_c.dir/rosidl_typesupport_c/rogilink_flex_interfaces/srv/get_config__type_support.cpp.o[0m
[1.978s] [ 53%] [32m[1mLinking CXX shared library librogilink_flex_interfaces__rosidl_typesupport_c.so[0m
[2.014s] [ 53%] Built target rogilink_flex_interfaces__rosidl_typesupport_c
[2.055s] [ 55%] [32mBuilding C object CMakeFiles/rogilink_flex_interfaces__rosidl_typesupport_introspection_c.dir/rosidl_typesupport_introspection_c/rogilink_flex_interfaces/srv/detail/get_config__type_support.c.o[0m
[2.059s] [ 57%] [32mBuilding C object CMakeFiles/rogilink_flex_interfaces__rosidl_typesupport_introspection_c.dir/rosidl_typesupport_introspection_c/rogilink_flex_interfaces/msg/detail/frame__type_support.c.o[0m
[2.059s] [ 59%] [32mBuilding CXX object CMakeFiles/rogilink_flex_interfaces__rosidl_typesupport_fastrtps_c.dir/rosidl_typesupport_fastrtps_c/rogilink_flex_interfaces/srv/detail/get_config__type_support_c.cpp.o[0m
[2.060s] [ 61%] [32mBuilding CXX object CMakeFiles/rogilink_flex_interfaces__rosidl_typesupport_fastrtps_c.dir/rosidl_typesupport_fastrtps_c/rogilink_flex_interfaces/msg/detail/frame__type_support_c.cpp.o[0m
[2.062s] [ 63%] [32mBuilding C object CMakeFiles/rogilink_flex_interfaces__rosidl_typesupport_introspection_c.dir/rosidl_typesupport_introspection_c/rogilink_flex_interfaces/srv/detail/is_connected__type_support.c.o[0m
[2.065s] [ 65%] [32mBuilding CXX object CMakeFiles/rogilink_flex_interfaces__rosidl_typesupport_fastrtps_c.dir/rosidl_typesupport_fastrtps_c/rogilink_flex_interfaces/srv/detail/is_connected__type_support_c.cpp.o[0m
[2.093s] [ 68%] [32m[1mLinking C shared library librogilink_flex_interfaces__rosidl_typesupport_introspection_c.so[0m
[2.131s] [ 68%] Built target rogilink_flex_interfaces__rosidl_typesupport_introspection_c
[2.203s] [ 70%] [32m[1mLinking CXX shared library librogilink_flex_interfaces__rosidl_typesupport_cpp.so[0m
[2.240s] [ 70%] Built target rogilink_flex_interfaces__rosidl_typesupport_cpp
[2.269s] [ 72%] [32m[1mLinking CXX shared library librogilink_flex_interfaces__rosidl_typesupport_fastrtps_cpp.so[0m
[2.284s] [ 74%] [32m[1mLinking CXX shared library librogilink_flex_interfaces__rosidl_typesupport_introspection_cpp.so[0m
[2.328s] [ 74%] Built target rogilink_flex_interfaces__rosidl_typesupport_fastrtps_cpp
[2.336s] [ 74%] Built target rogilink_flex_interfaces__rosidl_typesupport_introspection_cpp
[2.352s] [ 76%] [32m[1mLinking CXX shared library librogilink_flex_interfaces__rosidl_typesupport_fastrtps_c.so[0m
[2.407s] [ 76%] Built target rogilink_flex_interfaces__rosidl_typesupport_fastrtps_c
[2.432s] [ 76%] Built target rogilink_flex_interfaces
[2.455s] [ 78%] [34m[1mGenerating Python code for ROS interfaces[0m
[2.845s] [ 78%] Built target rogilink_flex_interfaces__py
[2.866s] [ 80%] [32mBuilding C object CMakeFiles/rogilink_flex_interfaces__rosidl_generator_py.dir/rosidl_generator_py/rogilink_flex_interfaces/srv/_get_config_s.c.o[0m
[2.868s] [ 85%] [32mBuilding C object CMakeFiles/rogilink_flex_interfaces__rosidl_generator_py.dir/rosidl_generator_py/rogilink_flex_interfaces/msg/_frame_s.c.o[0m
[2.868s] [ 85%] [32mBuilding C object CMakeFiles/rogilink_flex_interfaces__rosidl_generator_py.dir/rosidl_generator_py/rogilink_flex_interfaces/srv/_is_connected_s.c.o[0m
[2.947s] [ 87%] [32m[1mLinking C shared library rosidl_generator_py/rogilink_flex_interfaces/librogilink_flex_interfaces__rosidl_generator_py.so[0m
[2.980s] [ 87%] Built target rogilink_flex_interfaces__rosidl_generator_py
[3.002s] [ 89%] [32mBuilding C object CMakeFiles/rogilink_flex_interfaces__rosidl_typesupport_c__pyext.dir/rosidl_generator_py/rogilink_flex_interfaces/_rogilink_flex_interfaces_s.ep.rosidl_typesupport_c.c.o[0m
[3.004s] [ 91%] [32mBuilding C object CMakeFiles/rogilink_flex_interfaces__rosidl_typesupport_fastrtps_c__pyext.dir/rosidl_generator_py/rogilink_flex_interfaces/_rogilink_flex_interfaces_s.ep.rosidl_typesupport_fastrtps_c.c.o[0m
[3.005s] [ 93%] [32mBuilding C object CMakeFiles/rogilink_flex_interfaces__rosidl_typesupport_introspection_c__pyext.dir/rosidl_generator_py/rogilink_flex_interfaces/_rogilink_flex_interfaces_s.ep.rosidl_typesupport_introspection_c.c.o[0m
[3.070s] [ 95%] [32m[1mLinking C shared library rosidl_generator_py/rogilink_flex_interfaces/rogilink_flex_interfaces_s__rosidl_typesupport_c.cpython-310-x86_64-linux-gnu.so[0m
[3.076s] [ 97%] [32m[1mLinking C shared library rosidl_generator_py/rogilink_flex_interfaces/rogilink_flex_interfaces_s__rosidl_typesupport_introspection_c.cpython-310-x86_64-linux-gnu.so[0m
[3.076s] [100%] [32m[1mLinking C shared library rosidl_generator_py/rogilink_flex_interfaces/rogilink_flex_interfaces_s__rosidl_typesupport_fastrtps_c.cpython-310-x86_64-linux-gnu.so[0m
[3.096s] [100%] Built target rogilink_flex_interfaces__rosidl_typesupport_c__pyext
[3.110s] [100%] Built target rogilink_flex_interfaces__rosidl_typesupport_fastrtps_c__pyext
[3.112s] [100%] Built target rogilink_flex_interfaces__rosidl_typesupport_introspection_c__pyext
[3.122s] Invoked command in '/home/a/ws_moveit2/build/rogilink_flex_interfaces' returned '0': CMAKE_PREFIX_PATH=${CMAKE_PREFIX_PATH}:/home/a/ws_moveit2/install/trac_ik_lib:/home/a/ws_moveit2/install/mavlink_controller_client:/home/a/ws_moveit2/install/moveit_configs_utils:/home/a/ws_moveit2/install/srdfdom:/home/a/ws_moveit2/install/ros_tcp_endpoint:/home/a/ws_moveit2/install/realsense2_ros_mqtt_bridge:/home/a/ws_moveit2/install/realsense2_camera_msgs:/home/a/ws_moveit2/install/moveit_task_constructor_msgs:/home/a/ws_moveit2/install/moveit_resources_prbt_support:/home/a/ws_moveit2/install/moveit_resources_pr2_description:/home/a/ws_moveit2/install/moveit_resources_panda_description:/home/a/ws_moveit2/install/moveit_resources_fanuc_description:/home/a/ws_moveit2/install/moveit_common:/home/a/ws_moveit2/install/launch_param_builder:/home/a/ws_moveit2/install/dynamixel_sdk_custom_interfaces:/home/a/ws_moveit2/install/dynamixel_controller_gui:/home/a/ws_moveit2/install/dynamixel_sdk:/home/a/ws_moveit2/install/dynamixel_controller_client:/home/a/ws_moveit2/install/d415_rgb_depth_3d:/home/a/ws_moveit2/install/catch_gazebo_ros2_control:/home/a/ws_moveit2/install/blue_seiretu_description:/opt/ros/humble /usr/bin/cmake --build /home/a/ws_moveit2/build/rogilink_flex_interfaces -- -j22 -l22
[3.129s] Invoking command in '/home/a/ws_moveit2/build/rogilink_flex_interfaces': CMAKE_PREFIX_PATH=${CMAKE_PREFIX_PATH}:/home/a/ws_moveit2/install/trac_ik_lib:/home/a/ws_moveit2/install/mavlink_controller_client:/home/a/ws_moveit2/install/moveit_configs_utils:/home/a/ws_moveit2/install/srdfdom:/home/a/ws_moveit2/install/ros_tcp_endpoint:/home/a/ws_moveit2/install/realsense2_ros_mqtt_bridge:/home/a/ws_moveit2/install/realsense2_camera_msgs:/home/a/ws_moveit2/install/moveit_task_constructor_msgs:/home/a/ws_moveit2/install/moveit_resources_prbt_support:/home/a/ws_moveit2/install/moveit_resources_pr2_description:/home/a/ws_moveit2/install/moveit_resources_panda_description:/home/a/ws_moveit2/install/moveit_resources_fanuc_description:/home/a/ws_moveit2/install/moveit_common:/home/a/ws_moveit2/install/launch_param_builder:/home/a/ws_moveit2/install/dynamixel_sdk_custom_interfaces:/home/a/ws_moveit2/install/dynamixel_controller_gui:/home/a/ws_moveit2/install/dynamixel_sdk:/home/a/ws_moveit2/install/dynamixel_controller_client:/home/a/ws_moveit2/install/d415_rgb_depth_3d:/home/a/ws_moveit2/install/catch_gazebo_ros2_control:/home/a/ws_moveit2/install/blue_seiretu_description:/opt/ros/humble /usr/bin/cmake --install /home/a/ws_moveit2/build/rogilink_flex_interfaces
[3.139s] -- Install configuration: ""
[3.139s] -- Installing: /home/a/ws_moveit2/install/rogilink_flex_interfaces/share/ament_index/resource_index/rosidl_interfaces/rogilink_flex_interfaces
[3.139s] -- Installing: /home/a/ws_moveit2/install/rogilink_flex_interfaces/include/rogilink_flex_interfaces/rogilink_flex_interfaces
[3.139s] -- Installing: /home/a/ws_moveit2/install/rogilink_flex_interfaces/include/rogilink_flex_interfaces/rogilink_flex_interfaces/msg
[3.139s] -- Installing: /home/a/ws_moveit2/install/rogilink_flex_interfaces/include/rogilink_flex_interfaces/rogilink_flex_interfaces/msg/frame.h
[3.139s] -- Installing: /home/a/ws_moveit2/install/rogilink_flex_interfaces/include/rogilink_flex_interfaces/rogilink_flex_interfaces/msg/rosidl_generator_c__visibility_control.h
[3.139s] -- Installing: /home/a/ws_moveit2/install/rogilink_flex_interfaces/include/rogilink_flex_interfaces/rogilink_flex_interfaces/msg/detail
[3.139s] -- Installing: /home/a/ws_moveit2/install/rogilink_flex_interfaces/include/rogilink_flex_interfaces/rogilink_flex_interfaces/msg/detail/frame__functions.h
[3.139s] -- Installing: /home/a/ws_moveit2/install/rogilink_flex_interfaces/include/rogilink_flex_interfaces/rogilink_flex_interfaces/msg/detail/frame__type_support.h
[3.139s] -- Installing: /home/a/ws_moveit2/install/rogilink_flex_interfaces/include/rogilink_flex_interfaces/rogilink_flex_interfaces/msg/detail/frame__functions.c
[3.139s] -- Installing: /home/a/ws_moveit2/install/rogilink_flex_interfaces/include/rogilink_flex_interfaces/rogilink_flex_interfaces/msg/detail/frame__struct.h
[3.139s] -- Installing: /home/a/ws_moveit2/install/rogilink_flex_interfaces/include/rogilink_flex_interfaces/rogilink_flex_interfaces/srv
[3.139s] -- Installing: /home/a/ws_moveit2/install/rogilink_flex_interfaces/include/rogilink_flex_interfaces/rogilink_flex_interfaces/srv/get_config.h
[3.139s] -- Installing: /home/a/ws_moveit2/install/rogilink_flex_interfaces/include/rogilink_flex_interfaces/rogilink_flex_interfaces/srv/detail
[3.139s] -- Installing: /home/a/ws_moveit2/install/rogilink_flex_interfaces/include/rogilink_flex_interfaces/rogilink_flex_interfaces/srv/detail/get_config__functions.h
[3.139s] -- Installing: /home/a/ws_moveit2/install/rogilink_flex_interfaces/include/rogilink_flex_interfaces/rogilink_flex_interfaces/srv/detail/is_connected__type_support.h
[3.139s] -- Installing: /home/a/ws_moveit2/install/rogilink_flex_interfaces/include/rogilink_flex_interfaces/rogilink_flex_interfaces/srv/detail/is_connected__struct.h
[3.140s] -- Installing: /home/a/ws_moveit2/install/rogilink_flex_interfaces/include/rogilink_flex_interfaces/rogilink_flex_interfaces/srv/detail/get_config__struct.h
[3.140s] -- Installing: /home/a/ws_moveit2/install/rogilink_flex_interfaces/include/rogilink_flex_interfaces/rogilink_flex_interfaces/srv/detail/get_config__type_support.h
[3.140s] -- Installing: /home/a/ws_moveit2/install/rogilink_flex_interfaces/include/rogilink_flex_interfaces/rogilink_flex_interfaces/srv/detail/get_config__functions.c
[3.140s] -- Installing: /home/a/ws_moveit2/install/rogilink_flex_interfaces/include/rogilink_flex_interfaces/rogilink_flex_interfaces/srv/detail/is_connected__functions.c
[3.140s] -- Installing: /home/a/ws_moveit2/install/rogilink_flex_interfaces/include/rogilink_flex_interfaces/rogilink_flex_interfaces/srv/detail/is_connected__functions.h
[3.140s] -- Installing: /home/a/ws_moveit2/install/rogilink_flex_interfaces/include/rogilink_flex_interfaces/rogilink_flex_interfaces/srv/is_connected.h
[3.140s] -- Installing: /home/a/ws_moveit2/install/rogilink_flex_interfaces/share/rogilink_flex_interfaces/environment/library_path.sh
[3.140s] -- Installing: /home/a/ws_moveit2/install/rogilink_flex_interfaces/share/rogilink_flex_interfaces/environment/library_path.dsv
[3.140s] -- Installing: /home/a/ws_moveit2/install/rogilink_flex_interfaces/lib/librogilink_flex_interfaces__rosidl_generator_c.so
[3.140s] -- Set runtime path of "/home/a/ws_moveit2/install/rogilink_flex_interfaces/lib/librogilink_flex_interfaces__rosidl_generator_c.so" to ""
[3.140s] -- Up-to-date: /home/a/ws_moveit2/install/rogilink_flex_interfaces/include/rogilink_flex_interfaces/rogilink_flex_interfaces
[3.140s] -- Up-to-date: /home/a/ws_moveit2/install/rogilink_flex_interfaces/include/rogilink_flex_interfaces/rogilink_flex_interfaces/msg
[3.140s] -- Installing: /home/a/ws_moveit2/install/rogilink_flex_interfaces/include/rogilink_flex_interfaces/rogilink_flex_interfaces/msg/rosidl_typesupport_fastrtps_c__visibility_control.h
[3.140s] -- Up-to-date: /home/a/ws_moveit2/install/rogilink_flex_interfaces/include/rogilink_flex_interfaces/rogilink_flex_interfaces/msg/detail
[3.140s] -- Installing: /home/a/ws_moveit2/install/rogilink_flex_interfaces/include/rogilink_flex_interfaces/rogilink_flex_interfaces/msg/detail/frame__rosidl_typesupport_fastrtps_c.h
[3.140s] -- Up-to-date: /home/a/ws_moveit2/install/rogilink_flex_interfaces/include/rogilink_flex_interfaces/rogilink_flex_interfaces/srv
[3.140s] -- Up-to-date: /home/a/ws_moveit2/install/rogilink_flex_interfaces/include/rogilink_flex_interfaces/rogilink_flex_interfaces/srv/detail
[3.140s] -- Installing: /home/a/ws_moveit2/install/rogilink_flex_interfaces/include/rogilink_flex_interfaces/rogilink_flex_interfaces/srv/detail/is_connected__rosidl_typesupport_fastrtps_c.h
[3.140s] -- Installing: /home/a/ws_moveit2/install/rogilink_flex_interfaces/include/rogilink_flex_interfaces/rogilink_flex_interfaces/srv/detail/get_config__rosidl_typesupport_fastrtps_c.h
[3.140s] -- Installing: /home/a/ws_moveit2/install/rogilink_flex_interfaces/lib/librogilink_flex_interfaces__rosidl_typesupport_fastrtps_c.so
[3.140s] -- Set runtime path of "/home/a/ws_moveit2/install/rogilink_flex_interfaces/lib/librogilink_flex_interfaces__rosidl_typesupport_fastrtps_c.so" to ""
[3.140s] -- Up-to-date: /home/a/ws_moveit2/install/rogilink_flex_interfaces/include/rogilink_flex_interfaces/rogilink_flex_interfaces
[3.141s] -- Up-to-date: /home/a/ws_moveit2/install/rogilink_flex_interfaces/include/rogilink_flex_interfaces/rogilink_flex_interfaces/msg
[3.141s] -- Installing: /home/a/ws_moveit2/install/rogilink_flex_interfaces/include/rogilink_flex_interfaces/rogilink_flex_interfaces/msg/rosidl_typesupport_introspection_c__visibility_control.h
[3.141s] -- Up-to-date: /home/a/ws_moveit2/install/rogilink_flex_interfaces/include/rogilink_flex_interfaces/rogilink_flex_interfaces/msg/detail
[3.141s] -- Installing: /home/a/ws_moveit2/install/rogilink_flex_interfaces/include/rogilink_flex_interfaces/rogilink_flex_interfaces/msg/detail/frame__rosidl_typesupport_introspection_c.h
[3.141s] -- Installing: /home/a/ws_moveit2/install/rogilink_flex_interfaces/include/rogilink_flex_interfaces/rogilink_flex_interfaces/msg/detail/frame__type_support.c
[3.141s] -- Up-to-date: /home/a/ws_moveit2/install/rogilink_flex_interfaces/include/rogilink_flex_interfaces/rogilink_flex_interfaces/srv
[3.141s] -- Up-to-date: /home/a/ws_moveit2/install/rogilink_flex_interfaces/include/rogilink_flex_interfaces/rogilink_flex_interfaces/srv/detail
[3.141s] -- Installing: /home/a/ws_moveit2/install/rogilink_flex_interfaces/include/rogilink_flex_interfaces/rogilink_flex_interfaces/srv/detail/get_config__rosidl_typesupport_introspection_c.h
[3.141s] -- Installing: /home/a/ws_moveit2/install/rogilink_flex_interfaces/include/rogilink_flex_interfaces/rogilink_flex_interfaces/srv/detail/is_connected__type_support.c
[3.141s] -- Installing: /home/a/ws_moveit2/install/rogilink_flex_interfaces/include/rogilink_flex_interfaces/rogilink_flex_interfaces/srv/detail/get_config__type_support.c
[3.141s] -- Installing: /home/a/ws_moveit2/install/rogilink_flex_interfaces/include/rogilink_flex_interfaces/rogilink_flex_interfaces/srv/detail/is_connected__rosidl_typesupport_introspection_c.h
[3.141s] -- Installing: /home/a/ws_moveit2/install/rogilink_flex_interfaces/lib/librogilink_flex_interfaces__rosidl_typesupport_introspection_c.so
[3.141s] -- Set runtime path of "/home/a/ws_moveit2/install/rogilink_flex_interfaces/lib/librogilink_flex_interfaces__rosidl_typesupport_introspection_c.so" to ""
[3.141s] -- Installing: /home/a/ws_moveit2/install/rogilink_flex_interfaces/lib/librogilink_flex_interfaces__rosidl_typesupport_c.so
[3.141s] -- Set runtime path of "/home/a/ws_moveit2/install/rogilink_flex_interfaces/lib/librogilink_flex_interfaces__rosidl_typesupport_c.so" to ""
[3.141s] -- Up-to-date: /home/a/ws_moveit2/install/rogilink_flex_interfaces/include/rogilink_flex_interfaces/rogilink_flex_interfaces
[3.141s] -- Up-to-date: /home/a/ws_moveit2/install/rogilink_flex_interfaces/include/rogilink_flex_interfaces/rogilink_flex_interfaces/msg
[3.141s] -- Installing: /home/a/ws_moveit2/install/rogilink_flex_interfaces/include/rogilink_flex_interfaces/rogilink_flex_interfaces/msg/frame.hpp
[3.141s] -- Installing: /home/a/ws_moveit2/install/rogilink_flex_interfaces/include/rogilink_flex_interfaces/rogilink_flex_interfaces/msg/rosidl_generator_cpp__visibility_control.hpp
[3.141s] -- Up-to-date: /home/a/ws_moveit2/install/rogilink_flex_interfaces/include/rogilink_flex_interfaces/rogilink_flex_interfaces/msg/detail
[3.141s] -- Installing: /home/a/ws_moveit2/install/rogilink_flex_interfaces/include/rogilink_flex_interfaces/rogilink_flex_interfaces/msg/detail/frame__builder.hpp
[3.141s] -- Installing: /home/a/ws_moveit2/install/rogilink_flex_interfaces/include/rogilink_flex_interfaces/rogilink_flex_interfaces/msg/detail/frame__traits.hpp
[3.141s] -- Installing: /home/a/ws_moveit2/install/rogilink_flex_interfaces/include/rogilink_flex_interfaces/rogilink_flex_interfaces/msg/detail/frame__type_support.hpp
[3.141s] -- Installing: /home/a/ws_moveit2/install/rogilink_flex_interfaces/include/rogilink_flex_interfaces/rogilink_flex_interfaces/msg/detail/frame__struct.hpp
[3.142s] -- Up-to-date: /home/a/ws_moveit2/install/rogilink_flex_interfaces/include/rogilink_flex_interfaces/rogilink_flex_interfaces/srv
[3.142s] -- Installing: /home/a/ws_moveit2/install/rogilink_flex_interfaces/include/rogilink_flex_interfaces/rogilink_flex_interfaces/srv/get_config.hpp
[3.142s] -- Installing: /home/a/ws_moveit2/install/rogilink_flex_interfaces/include/rogilink_flex_interfaces/rogilink_flex_interfaces/srv/is_connected.hpp
[3.142s] -- Up-to-date: /home/a/ws_moveit2/install/rogilink_flex_interfaces/include/rogilink_flex_interfaces/rogilink_flex_interfaces/srv/detail
[3.142s] -- Installing: /home/a/ws_moveit2/install/rogilink_flex_interfaces/include/rogilink_flex_interfaces/rogilink_flex_interfaces/srv/detail/get_config__traits.hpp
[3.142s] -- Installing: /home/a/ws_moveit2/install/rogilink_flex_interfaces/include/rogilink_flex_interfaces/rogilink_flex_interfaces/srv/detail/is_connected__struct.hpp
[3.142s] -- Installing: /home/a/ws_moveit2/install/rogilink_flex_interfaces/include/rogilink_flex_interfaces/rogilink_flex_interfaces/srv/detail/get_config__struct.hpp
[3.142s] -- Installing: /home/a/ws_moveit2/install/rogilink_flex_interfaces/include/rogilink_flex_interfaces/rogilink_flex_interfaces/srv/detail/get_config__type_support.hpp
[3.142s] -- Installing: /home/a/ws_moveit2/install/rogilink_flex_interfaces/include/rogilink_flex_interfaces/rogilink_flex_interfaces/srv/detail/get_config__builder.hpp
[3.142s] -- Installing: /home/a/ws_moveit2/install/rogilink_flex_interfaces/include/rogilink_flex_interfaces/rogilink_flex_interfaces/srv/detail/is_connected__builder.hpp
[3.142s] -- Installing: /home/a/ws_moveit2/install/rogilink_flex_interfaces/include/rogilink_flex_interfaces/rogilink_flex_interfaces/srv/detail/is_connected__type_support.hpp
[3.142s] -- Installing: /home/a/ws_moveit2/install/rogilink_flex_interfaces/include/rogilink_flex_interfaces/rogilink_flex_interfaces/srv/detail/is_connected__traits.hpp
[3.142s] -- Up-to-date: /home/a/ws_moveit2/install/rogilink_flex_interfaces/include/rogilink_flex_interfaces/rogilink_flex_interfaces
[3.142s] -- Up-to-date: /home/a/ws_moveit2/install/rogilink_flex_interfaces/include/rogilink_flex_interfaces/rogilink_flex_interfaces/msg
[3.142s] -- Up-to-date: /home/a/ws_moveit2/install/rogilink_flex_interfaces/include/rogilink_flex_interfaces/rogilink_flex_interfaces/msg/detail
[3.142s] -- Installing: /home/a/ws_moveit2/install/rogilink_flex_interfaces/include/rogilink_flex_interfaces/rogilink_flex_interfaces/msg/detail/frame__rosidl_typesupport_fastrtps_cpp.hpp
[3.142s] -- Installing: /home/a/ws_moveit2/install/rogilink_flex_interfaces/include/rogilink_flex_interfaces/rogilink_flex_interfaces/msg/detail/dds_fastrtps
[3.142s] -- Installing: /home/a/ws_moveit2/install/rogilink_flex_interfaces/include/rogilink_flex_interfaces/rogilink_flex_interfaces/msg/rosidl_typesupport_fastrtps_cpp__visibility_control.h
[3.142s] -- Up-to-date: /home/a/ws_moveit2/install/rogilink_flex_interfaces/include/rogilink_flex_interfaces/rogilink_flex_interfaces/srv
[3.142s] -- Up-to-date: /home/a/ws_moveit2/install/rogilink_flex_interfaces/include/rogilink_flex_interfaces/rogilink_flex_interfaces/srv/detail
[3.142s] -- Installing: /home/a/ws_moveit2/install/rogilink_flex_interfaces/include/rogilink_flex_interfaces/rogilink_flex_interfaces/srv/detail/is_connected__rosidl_typesupport_fastrtps_cpp.hpp
[3.142s] -- Installing: /home/a/ws_moveit2/install/rogilink_flex_interfaces/include/rogilink_flex_interfaces/rogilink_flex_interfaces/srv/detail/get_config__rosidl_typesupport_fastrtps_cpp.hpp
[3.142s] -- Installing: /home/a/ws_moveit2/install/rogilink_flex_interfaces/include/rogilink_flex_interfaces/rogilink_flex_interfaces/srv/detail/dds_fastrtps
[3.142s] -- Installing: /home/a/ws_moveit2/install/rogilink_flex_interfaces/lib/librogilink_flex_interfaces__rosidl_typesupport_fastrtps_cpp.so
[3.142s] -- Set runtime path of "/home/a/ws_moveit2/install/rogilink_flex_interfaces/lib/librogilink_flex_interfaces__rosidl_typesupport_fastrtps_cpp.so" to ""
[3.142s] -- Up-to-date: /home/a/ws_moveit2/install/rogilink_flex_interfaces/include/rogilink_flex_interfaces/rogilink_flex_interfaces
[3.142s] -- Up-to-date: /home/a/ws_moveit2/install/rogilink_flex_interfaces/include/rogilink_flex_interfaces/rogilink_flex_interfaces/msg
[3.142s] -- Up-to-date: /home/a/ws_moveit2/install/rogilink_flex_interfaces/include/rogilink_flex_interfaces/rogilink_flex_interfaces/msg/detail
[3.143s] -- Installing: /home/a/ws_moveit2/install/rogilink_flex_interfaces/include/rogilink_flex_interfaces/rogilink_flex_interfaces/msg/detail/frame__type_support.cpp
[3.143s] -- Installing: /home/a/ws_moveit2/install/rogilink_flex_interfaces/include/rogilink_flex_interfaces/rogilink_flex_interfaces/msg/detail/frame__rosidl_typesupport_introspection_cpp.hpp
[3.143s] -- Up-to-date: /home/a/ws_moveit2/install/rogilink_flex_interfaces/include/rogilink_flex_interfaces/rogilink_flex_interfaces/srv
[3.143s] -- Up-to-date: /home/a/ws_moveit2/install/rogilink_flex_interfaces/include/rogilink_flex_interfaces/rogilink_flex_interfaces/srv/detail
[3.143s] -- Installing: /home/a/ws_moveit2/install/rogilink_flex_interfaces/include/rogilink_flex_interfaces/rogilink_flex_interfaces/srv/detail/is_connected__type_support.cpp
[3.143s] -- Installing: /home/a/ws_moveit2/install/rogilink_flex_interfaces/include/rogilink_flex_interfaces/rogilink_flex_interfaces/srv/detail/get_config__rosidl_typesupport_introspection_cpp.hpp
[3.143s] -- Installing: /home/a/ws_moveit2/install/rogilink_flex_interfaces/include/rogilink_flex_interfaces/rogilink_flex_interfaces/srv/detail/get_config__type_support.cpp
[3.143s] -- Installing: /home/a/ws_moveit2/install/rogilink_flex_interfaces/include/rogilink_flex_interfaces/rogilink_flex_interfaces/srv/detail/is_connected__rosidl_typesupport_introspection_cpp.hpp
[3.143s] -- Installing: /home/a/ws_moveit2/install/rogilink_flex_interfaces/lib/librogilink_flex_interfaces__rosidl_typesupport_introspection_cpp.so
[3.143s] -- Set runtime path of "/home/a/ws_moveit2/install/rogilink_flex_interfaces/lib/librogilink_flex_interfaces__rosidl_typesupport_introspection_cpp.so" to ""
[3.143s] -- Installing: /home/a/ws_moveit2/install/rogilink_flex_interfaces/lib/librogilink_flex_interfaces__rosidl_typesupport_cpp.so
[3.143s] -- Set runtime path of "/home/a/ws_moveit2/install/rogilink_flex_interfaces/lib/librogilink_flex_interfaces__rosidl_typesupport_cpp.so" to ""
[3.143s] -- Installing: /home/a/ws_moveit2/install/rogilink_flex_interfaces/share/rogilink_flex_interfaces/environment/pythonpath.sh
[3.143s] -- Installing: /home/a/ws_moveit2/install/rogilink_flex_interfaces/share/rogilink_flex_interfaces/environment/pythonpath.dsv
[3.143s] -- Installing: /home/a/ws_moveit2/install/rogilink_flex_interfaces/local/lib/python3.10/dist-packages/rogilink_flex_interfaces-0.0.0-py3.10.egg-info
[3.143s] -- Installing: /home/a/ws_moveit2/install/rogilink_flex_interfaces/local/lib/python3.10/dist-packages/rogilink_flex_interfaces-0.0.0-py3.10.egg-info/top_level.txt
[3.143s] -- Installing: /home/a/ws_moveit2/install/rogilink_flex_interfaces/local/lib/python3.10/dist-packages/rogilink_flex_interfaces-0.0.0-py3.10.egg-info/SOURCES.txt
[3.143s] -- Installing: /home/a/ws_moveit2/install/rogilink_flex_interfaces/local/lib/python3.10/dist-packages/rogilink_flex_interfaces-0.0.0-py3.10.egg-info/PKG-INFO
[3.143s] -- Installing: /home/a/ws_moveit2/install/rogilink_flex_interfaces/local/lib/python3.10/dist-packages/rogilink_flex_interfaces-0.0.0-py3.10.egg-info/dependency_links.txt
[3.143s] -- Installing: /home/a/ws_moveit2/install/rogilink_flex_interfaces/local/lib/python3.10/dist-packages/rogilink_flex_interfaces
[3.143s] -- Installing: /home/a/ws_moveit2/install/rogilink_flex_interfaces/local/lib/python3.10/dist-packages/rogilink_flex_interfaces/msg
[3.143s] -- Installing: /home/a/ws_moveit2/install/rogilink_flex_interfaces/local/lib/python3.10/dist-packages/rogilink_flex_interfaces/msg/_frame.py
[3.143s] -- Installing: /home/a/ws_moveit2/install/rogilink_flex_interfaces/local/lib/python3.10/dist-packages/rogilink_flex_interfaces/msg/__init__.py
[3.144s] -- Installing: /home/a/ws_moveit2/install/rogilink_flex_interfaces/local/lib/python3.10/dist-packages/rogilink_flex_interfaces/msg/_frame_s.c
[3.144s] -- Installing: /home/a/ws_moveit2/install/rogilink_flex_interfaces/local/lib/python3.10/dist-packages/rogilink_flex_interfaces/librogilink_flex_interfaces__rosidl_generator_py.so
[3.144s] -- Installing: /home/a/ws_moveit2/install/rogilink_flex_interfaces/local/lib/python3.10/dist-packages/rogilink_flex_interfaces/__init__.py
[3.144s] -- Installing: /home/a/ws_moveit2/install/rogilink_flex_interfaces/local/lib/python3.10/dist-packages/rogilink_flex_interfaces/_rogilink_flex_interfaces_s.ep.rosidl_typesupport_fastrtps_c.c
[3.144s] -- Installing: /home/a/ws_moveit2/install/rogilink_flex_interfaces/local/lib/python3.10/dist-packages/rogilink_flex_interfaces/_rogilink_flex_interfaces_s.ep.rosidl_typesupport_introspection_c.c
[3.144s] -- Installing: /home/a/ws_moveit2/install/rogilink_flex_interfaces/local/lib/python3.10/dist-packages/rogilink_flex_interfaces/_rogilink_flex_interfaces_s.ep.rosidl_typesupport_c.c
[3.144s] -- Installing: /home/a/ws_moveit2/install/rogilink_flex_interfaces/local/lib/python3.10/dist-packages/rogilink_flex_interfaces/rogilink_flex_interfaces_s__rosidl_typesupport_c.cpython-310-x86_64-linux-gnu.so
[3.144s] -- Installing: /home/a/ws_moveit2/install/rogilink_flex_interfaces/local/lib/python3.10/dist-packages/rogilink_flex_interfaces/rogilink_flex_interfaces_s__rosidl_typesupport_fastrtps_c.cpython-310-x86_64-linux-gnu.so
[3.144s] -- Installing: /home/a/ws_moveit2/install/rogilink_flex_interfaces/local/lib/python3.10/dist-packages/rogilink_flex_interfaces/rogilink_flex_interfaces_s__rosidl_typesupport_introspection_c.cpython-310-x86_64-linux-gnu.so
[3.144s] -- Installing: /home/a/ws_moveit2/install/rogilink_flex_interfaces/local/lib/python3.10/dist-packages/rogilink_flex_interfaces/srv
[3.144s] -- Installing: /home/a/ws_moveit2/install/rogilink_flex_interfaces/local/lib/python3.10/dist-packages/rogilink_flex_interfaces/srv/_get_config.py
[3.144s] -- Installing: /home/a/ws_moveit2/install/rogilink_flex_interfaces/local/lib/python3.10/dist-packages/rogilink_flex_interfaces/srv/_get_config_s.c
[3.144s] -- Installing: /home/a/ws_moveit2/install/rogilink_flex_interfaces/local/lib/python3.10/dist-packages/rogilink_flex_interfaces/srv/_is_connected.py
[3.144s] -- Installing: /home/a/ws_moveit2/install/rogilink_flex_interfaces/local/lib/python3.10/dist-packages/rogilink_flex_interfaces/srv/__init__.py
[3.144s] -- Installing: /home/a/ws_moveit2/install/rogilink_flex_interfaces/local/lib/python3.10/dist-packages/rogilink_flex_interfaces/srv/_is_connected_s.c
[3.177s] Listing '/home/a/ws_moveit2/install/rogilink_flex_interfaces/local/lib/python3.10/dist-packages/rogilink_flex_interfaces'...
[3.177s] Compiling '/home/a/ws_moveit2/install/rogilink_flex_interfaces/local/lib/python3.10/dist-packages/rogilink_flex_interfaces/__init__.py'...
[3.177s] Listing '/home/a/ws_moveit2/install/rogilink_flex_interfaces/local/lib/python3.10/dist-packages/rogilink_flex_interfaces/msg'...
[3.177s] Compiling '/home/a/ws_moveit2/install/rogilink_flex_interfaces/local/lib/python3.10/dist-packages/rogilink_flex_interfaces/msg/__init__.py'...
[3.177s] Compiling '/home/a/ws_moveit2/install/rogilink_flex_interfaces/local/lib/python3.10/dist-packages/rogilink_flex_interfaces/msg/_frame.py'...
[3.177s] Listing '/home/a/ws_moveit2/install/rogilink_flex_interfaces/local/lib/python3.10/dist-packages/rogilink_flex_interfaces/srv'...
[3.177s] Compiling '/home/a/ws_moveit2/install/rogilink_flex_interfaces/local/lib/python3.10/dist-packages/rogilink_flex_interfaces/srv/__init__.py'...
[3.177s] Compiling '/home/a/ws_moveit2/install/rogilink_flex_interfaces/local/lib/python3.10/dist-packages/rogilink_flex_interfaces/srv/_get_config.py'...
[3.177s] Compiling '/home/a/ws_moveit2/install/rogilink_flex_interfaces/local/lib/python3.10/dist-packages/rogilink_flex_interfaces/srv/_is_connected.py'...
[3.180s] -- Installing: /home/a/ws_moveit2/install/rogilink_flex_interfaces/local/lib/python3.10/dist-packages/rogilink_flex_interfaces/rogilink_flex_interfaces_s__rosidl_typesupport_fastrtps_c.cpython-310-x86_64-linux-gnu.so
[3.180s] -- Set runtime path of "/home/a/ws_moveit2/install/rogilink_flex_interfaces/local/lib/python3.10/dist-packages/rogilink_flex_interfaces/rogilink_flex_interfaces_s__rosidl_typesupport_fastrtps_c.cpython-310-x86_64-linux-gnu.so" to ""
[3.180s] -- Installing: /home/a/ws_moveit2/install/rogilink_flex_interfaces/local/lib/python3.10/dist-packages/rogilink_flex_interfaces/rogilink_flex_interfaces_s__rosidl_typesupport_introspection_c.cpython-310-x86_64-linux-gnu.so
[3.181s] -- Set runtime path of "/home/a/ws_moveit2/install/rogilink_flex_interfaces/local/lib/python3.10/dist-packages/rogilink_flex_interfaces/rogilink_flex_interfaces_s__rosidl_typesupport_introspection_c.cpython-310-x86_64-linux-gnu.so" to ""
[3.181s] -- Installing: /home/a/ws_moveit2/install/rogilink_flex_interfaces/local/lib/python3.10/dist-packages/rogilink_flex_interfaces/rogilink_flex_interfaces_s__rosidl_typesupport_c.cpython-310-x86_64-linux-gnu.so
[3.181s] -- Set runtime path of "/home/a/ws_moveit2/install/rogilink_flex_interfaces/local/lib/python3.10/dist-packages/rogilink_flex_interfaces/rogilink_flex_interfaces_s__rosidl_typesupport_c.cpython-310-x86_64-linux-gnu.so" to ""
[3.181s] -- Installing: /home/a/ws_moveit2/install/rogilink_flex_interfaces/lib/librogilink_flex_interfaces__rosidl_generator_py.so
[3.181s] -- Set runtime path of "/home/a/ws_moveit2/install/rogilink_flex_interfaces/lib/librogilink_flex_interfaces__rosidl_generator_py.so" to ""
[3.182s] -- Installing: /home/a/ws_moveit2/install/rogilink_flex_interfaces/share/rogilink_flex_interfaces/msg/Frame.idl
[3.182s] -- Installing: /home/a/ws_moveit2/install/rogilink_flex_interfaces/share/rogilink_flex_interfaces/srv/IsConnected.idl
[3.182s] -- Installing: /home/a/ws_moveit2/install/rogilink_flex_interfaces/share/rogilink_flex_interfaces/srv/GetConfig.idl
[3.182s] -- Installing: /home/a/ws_moveit2/install/rogilink_flex_interfaces/share/rogilink_flex_interfaces/msg/Frame.msg
[3.182s] -- Installing: /home/a/ws_moveit2/install/rogilink_flex_interfaces/share/rogilink_flex_interfaces/srv/IsConnected.srv
[3.182s] -- Installing: /home/a/ws_moveit2/install/rogilink_flex_interfaces/share/rogilink_flex_interfaces/srv/IsConnected_Request.msg
[3.182s] -- Installing: /home/a/ws_moveit2/install/rogilink_flex_interfaces/share/rogilink_flex_interfaces/srv/IsConnected_Response.msg
[3.183s] -- Installing: /home/a/ws_moveit2/install/rogilink_flex_interfaces/share/rogilink_flex_interfaces/srv/GetConfig.srv
[3.183s] -- Installing: /home/a/ws_moveit2/install/rogilink_flex_interfaces/share/rogilink_flex_interfaces/srv/GetConfig_Request.msg
[3.183s] -- Installing: /home/a/ws_moveit2/install/rogilink_flex_interfaces/share/rogilink_flex_interfaces/srv/GetConfig_Response.msg
[3.183s] -- Installing: /home/a/ws_moveit2/install/rogilink_flex_interfaces/share/ament_index/resource_index/package_run_dependencies/rogilink_flex_interfaces
[3.183s] -- Installing: /home/a/ws_moveit2/install/rogilink_flex_interfaces/share/ament_index/resource_index/parent_prefix_path/rogilink_flex_interfaces
[3.183s] -- Installing: /home/a/ws_moveit2/install/rogilink_flex_interfaces/share/rogilink_flex_interfaces/environment/ament_prefix_path.sh
[3.183s] -- Installing: /home/a/ws_moveit2/install/rogilink_flex_interfaces/share/rogilink_flex_interfaces/environment/ament_prefix_path.dsv
[3.183s] -- Installing: /home/a/ws_moveit2/install/rogilink_flex_interfaces/share/rogilink_flex_interfaces/environment/path.sh
[3.183s] -- Installing: /home/a/ws_moveit2/install/rogilink_flex_interfaces/share/rogilink_flex_interfaces/environment/path.dsv
[3.184s] -- Installing: /home/a/ws_moveit2/install/rogilink_flex_interfaces/share/rogilink_flex_interfaces/local_setup.bash
[3.184s] -- Installing: /home/a/ws_moveit2/install/rogilink_flex_interfaces/share/rogilink_flex_interfaces/local_setup.sh
[3.184s] -- Installing: /home/a/ws_moveit2/install/rogilink_flex_interfaces/share/rogilink_flex_interfaces/local_setup.zsh
[3.184s] -- Installing: /home/a/ws_moveit2/install/rogilink_flex_interfaces/share/rogilink_flex_interfaces/local_setup.dsv
[3.184s] -- Installing: /home/a/ws_moveit2/install/rogilink_flex_interfaces/share/rogilink_flex_interfaces/package.dsv
[3.184s] -- Installing: /home/a/ws_moveit2/install/rogilink_flex_interfaces/share/ament_index/resource_index/packages/rogilink_flex_interfaces
[3.184s] -- Installing: /home/a/ws_moveit2/install/rogilink_flex_interfaces/share/rogilink_flex_interfaces/cmake/export_rogilink_flex_interfaces__rosidl_generator_cExport.cmake
[3.185s] -- Installing: /home/a/ws_moveit2/install/rogilink_flex_interfaces/share/rogilink_flex_interfaces/cmake/export_rogilink_flex_interfaces__rosidl_generator_cExport-noconfig.cmake
[3.185s] -- Installing: /home/a/ws_moveit2/install/rogilink_flex_interfaces/share/rogilink_flex_interfaces/cmake/export_rogilink_flex_interfaces__rosidl_typesupport_fastrtps_cExport.cmake
[3.185s] -- Installing: /home/a/ws_moveit2/install/rogilink_flex_interfaces/share/rogilink_flex_interfaces/cmake/export_rogilink_flex_interfaces__rosidl_typesupport_fastrtps_cExport-noconfig.cmake
[3.185s] -- Installing: /home/a/ws_moveit2/install/rogilink_flex_interfaces/share/rogilink_flex_interfaces/cmake/rogilink_flex_interfaces__rosidl_typesupport_introspection_cExport.cmake
[3.185s] -- Installing: /home/a/ws_moveit2/install/rogilink_flex_interfaces/share/rogilink_flex_interfaces/cmake/rogilink_flex_interfaces__rosidl_typesupport_introspection_cExport-noconfig.cmake
[3.185s] -- Installing: /home/a/ws_moveit2/install/rogilink_flex_interfaces/share/rogilink_flex_interfaces/cmake/rogilink_flex_interfaces__rosidl_typesupport_cExport.cmake
[3.185s] -- Installing: /home/a/ws_moveit2/install/rogilink_flex_interfaces/share/rogilink_flex_interfaces/cmake/rogilink_flex_interfaces__rosidl_typesupport_cExport-noconfig.cmake
[3.185s] -- Installing: /home/a/ws_moveit2/install/rogilink_flex_interfaces/share/rogilink_flex_interfaces/cmake/export_rogilink_flex_interfaces__rosidl_generator_cppExport.cmake
[3.185s] -- Installing: /home/a/ws_moveit2/install/rogilink_flex_interfaces/share/rogilink_flex_interfaces/cmake/export_rogilink_flex_interfaces__rosidl_typesupport_fastrtps_cppExport.cmake
[3.185s] -- Installing: /home/a/ws_moveit2/install/rogilink_flex_interfaces/share/rogilink_flex_interfaces/cmake/export_rogilink_flex_interfaces__rosidl_typesupport_fastrtps_cppExport-noconfig.cmake
[3.185s] -- Installing: /home/a/ws_moveit2/install/rogilink_flex_interfaces/share/rogilink_flex_interfaces/cmake/rogilink_flex_interfaces__rosidl_typesupport_introspection_cppExport.cmake
[3.186s] -- Installing: /home/a/ws_moveit2/install/rogilink_flex_interfaces/share/rogilink_flex_interfaces/cmake/rogilink_flex_interfaces__rosidl_typesupport_introspection_cppExport-noconfig.cmake
[3.186s] -- Installing: /home/a/ws_moveit2/install/rogilink_flex_interfaces/share/rogilink_flex_interfaces/cmake/rogilink_flex_interfaces__rosidl_typesupport_cppExport.cmake
[3.186s] -- Installing: /home/a/ws_moveit2/install/rogilink_flex_interfaces/share/rogilink_flex_interfaces/cmake/rogilink_flex_interfaces__rosidl_typesupport_cppExport-noconfig.cmake
[3.186s] -- Installing: /home/a/ws_moveit2/install/rogilink_flex_interfaces/share/rogilink_flex_interfaces/cmake/export_rogilink_flex_interfaces__rosidl_generator_pyExport.cmake
[3.186s] -- Installing: /home/a/ws_moveit2/install/rogilink_flex_interfaces/share/rogilink_flex_interfaces/cmake/export_rogilink_flex_interfaces__rosidl_generator_pyExport-noconfig.cmake
[3.186s] -- Installing: /home/a/ws_moveit2/install/rogilink_flex_interfaces/share/rogilink_flex_interfaces/cmake/rosidl_cmake-extras.cmake
[3.186s] -- Installing: /home/a/ws_moveit2/install/rogilink_flex_interfaces/share/rogilink_flex_interfaces/cmake/ament_cmake_export_include_directories-extras.cmake
[3.186s] -- Installing: /home/a/ws_moveit2/install/rogilink_flex_interfaces/share/rogilink_flex_interfaces/cmake/ament_cmake_export_libraries-extras.cmake
[3.186s] -- Installing: /home/a/ws_moveit2/install/rogilink_flex_interfaces/share/rogilink_flex_interfaces/cmake/ament_cmake_export_targets-extras.cmake
[3.186s] -- Installing: /home/a/ws_moveit2/install/rogilink_flex_interfaces/share/rogilink_flex_interfaces/cmake/rosidl_cmake_export_typesupport_targets-extras.cmake
[3.186s] -- Installing: /home/a/ws_moveit2/install/rogilink_flex_interfaces/share/rogilink_flex_interfaces/cmake/ament_cmake_export_dependencies-extras.cmake
[3.186s] -- Installing: /home/a/ws_moveit2/install/rogilink_flex_interfaces/share/rogilink_flex_interfaces/cmake/rosidl_cmake_export_typesupport_libraries-extras.cmake
[3.186s] -- Installing: /home/a/ws_moveit2/install/rogilink_flex_interfaces/share/rogilink_flex_interfaces/cmake/rogilink_flex_interfacesConfig.cmake
[3.186s] -- Installing: /home/a/ws_moveit2/install/rogilink_flex_interfaces/share/rogilink_flex_interfaces/cmake/rogilink_flex_interfacesConfig-version.cmake
[3.186s] -- Installing: /home/a/ws_moveit2/install/rogilink_flex_interfaces/share/rogilink_flex_interfaces/package.xml
[3.188s] Invoked command in '/home/a/ws_moveit2/build/rogilink_flex_interfaces' returned '0': CMAKE_PREFIX_PATH=${CMAKE_PREFIX_PATH}:/home/a/ws_moveit2/install/trac_ik_lib:/home/a/ws_moveit2/install/mavlink_controller_client:/home/a/ws_moveit2/install/moveit_configs_utils:/home/a/ws_moveit2/install/srdfdom:/home/a/ws_moveit2/install/ros_tcp_endpoint:/home/a/ws_moveit2/install/realsense2_ros_mqtt_bridge:/home/a/ws_moveit2/install/realsense2_camera_msgs:/home/a/ws_moveit2/install/moveit_task_constructor_msgs:/home/a/ws_moveit2/install/moveit_resources_prbt_support:/home/a/ws_moveit2/install/moveit_resources_pr2_description:/home/a/ws_moveit2/install/moveit_resources_panda_description:/home/a/ws_moveit2/install/moveit_resources_fanuc_description:/home/a/ws_moveit2/install/moveit_common:/home/a/ws_moveit2/install/launch_param_builder:/home/a/ws_moveit2/install/dynamixel_sdk_custom_interfaces:/home/a/ws_moveit2/install/dynamixel_controller_gui:/home/a/ws_moveit2/install/dynamixel_sdk:/home/a/ws_moveit2/install/dynamixel_controller_client:/home/a/ws_moveit2/install/d415_rgb_depth_3d:/home/a/ws_moveit2/install/catch_gazebo_ros2_control:/home/a/ws_moveit2/install/blue_seiretu_description:/opt/ros/humble /usr/bin/cmake --install /home/a/ws_moveit2/build/rogilink_flex_interfaces
