/home/a/ws_moveit2/install/rogilink_flex_gui/lib/python3.10/site-packages/rogilink_flex_gui/gui.py
/home/a/ws_moveit2/install/rogilink_flex_gui/lib/python3.10/site-packages/rogilink_flex_gui/__init__.py
/home/a/ws_moveit2/install/rogilink_flex_gui/lib/python3.10/site-packages/rogilink_flex_gui/modules/transmission_widget.py
/home/a/ws_moveit2/install/rogilink_flex_gui/lib/python3.10/site-packages/rogilink_flex_gui/modules/console.py
/home/a/ws_moveit2/install/rogilink_flex_gui/lib/python3.10/site-packages/rogilink_flex_gui/modules/main_widget.py
/home/a/ws_moveit2/install/rogilink_flex_gui/lib/python3.10/site-packages/rogilink_flex_gui/modules/__init__.py
/home/a/ws_moveit2/install/rogilink_flex_gui/lib/python3.10/site-packages/rogilink_flex_gui/modules/style_sheet.py
/home/a/ws_moveit2/install/rogilink_flex_gui/lib/python3.10/site-packages/rogilink_flex_gui/modules/reception_widget.py
/home/a/ws_moveit2/install/rogilink_flex_gui/lib/python3.10/site-packages/rogilink_flex_gui/__pycache__/gui.cpython-310.pyc
/home/a/ws_moveit2/install/rogilink_flex_gui/lib/python3.10/site-packages/rogilink_flex_gui/__pycache__/__init__.cpython-310.pyc
/home/a/ws_moveit2/install/rogilink_flex_gui/lib/python3.10/site-packages/rogilink_flex_gui/modules/__pycache__/transmission_widget.cpython-310.pyc
/home/a/ws_moveit2/install/rogilink_flex_gui/lib/python3.10/site-packages/rogilink_flex_gui/modules/__pycache__/console.cpython-310.pyc
/home/a/ws_moveit2/install/rogilink_flex_gui/lib/python3.10/site-packages/rogilink_flex_gui/modules/__pycache__/main_widget.cpython-310.pyc
/home/a/ws_moveit2/install/rogilink_flex_gui/lib/python3.10/site-packages/rogilink_flex_gui/modules/__pycache__/__init__.cpython-310.pyc
/home/a/ws_moveit2/install/rogilink_flex_gui/lib/python3.10/site-packages/rogilink_flex_gui/modules/__pycache__/style_sheet.cpython-310.pyc
/home/a/ws_moveit2/install/rogilink_flex_gui/lib/python3.10/site-packages/rogilink_flex_gui/modules/__pycache__/reception_widget.cpython-310.pyc
/home/a/ws_moveit2/install/rogilink_flex_gui/share/ament_index/resource_index/packages/rogilink_flex_gui
/home/a/ws_moveit2/install/rogilink_flex_gui/share/rogilink_flex_gui/package.xml
/home/a/ws_moveit2/install/rogilink_flex_gui/share/rogilink_flex_gui/gui.launch.py
/home/a/ws_moveit2/install/rogilink_flex_gui/lib/python3.10/site-packages/rogilink_flex_gui-0.0.0-py3.10.egg-info/top_level.txt
/home/a/ws_moveit2/install/rogilink_flex_gui/lib/python3.10/site-packages/rogilink_flex_gui-0.0.0-py3.10.egg-info/SOURCES.txt
/home/a/ws_moveit2/install/rogilink_flex_gui/lib/python3.10/site-packages/rogilink_flex_gui-0.0.0-py3.10.egg-info/zip-safe
/home/a/ws_moveit2/install/rogilink_flex_gui/lib/python3.10/site-packages/rogilink_flex_gui-0.0.0-py3.10.egg-info/PKG-INFO
/home/a/ws_moveit2/install/rogilink_flex_gui/lib/python3.10/site-packages/rogilink_flex_gui-0.0.0-py3.10.egg-info/dependency_links.txt
/home/a/ws_moveit2/install/rogilink_flex_gui/lib/python3.10/site-packages/rogilink_flex_gui-0.0.0-py3.10.egg-info/entry_points.txt
/home/a/ws_moveit2/install/rogilink_flex_gui/lib/python3.10/site-packages/rogilink_flex_gui-0.0.0-py3.10.egg-info/requires.txt
/home/a/ws_moveit2/install/rogilink_flex_gui/lib/rogilink_flex_gui/gui
