[0.271s] Invoking command in '/home/a/ws_moveit2/build/moveit_resources_prbt_support': CMAKE_PREFIX_PATH=${CMAKE_PREFIX_PATH}:/home/a/ws_moveit2/install/trac_ik_lib:/home/a/ws_moveit2/install/mavlink_controller_client:/home/a/ws_moveit2/install/moveit_configs_utils:/home/a/ws_moveit2/install/srdfdom:/home/a/ws_moveit2/install/ros_tcp_endpoint:/home/a/ws_moveit2/install/rogilink_flex_example_py:/home/a/ws_moveit2/install/rogilink_flex_gui:/home/a/ws_moveit2/install/realsense2_ros_mqtt_bridge:/home/a/ws_moveit2/install/realsense2_camera_msgs:/home/a/ws_moveit2/install/moveit_task_constructor_msgs:/home/a/ws_moveit2/install/moveit_resources_prbt_support:/home/a/ws_moveit2/install/moveit_resources_pr2_description:/home/a/ws_moveit2/install/moveit_resources_panda_description:/home/a/ws_moveit2/install/moveit_resources_fanuc_description:/home/a/ws_moveit2/install/moveit_common:/home/a/ws_moveit2/install/launch_param_builder:/home/a/ws_moveit2/install/dynamixel_sdk_custom_interfaces:/home/a/ws_moveit2/install/dynamixel_controller_gui:/home/a/ws_moveit2/install/dynamixel_sdk:/home/a/ws_moveit2/install/dynamixel_controller_client:/home/a/ws_moveit2/install/d415_rgb_depth_3d:/home/a/ws_moveit2/install/catch_gazebo_ros2_control:/home/a/ws_moveit2/install/blue_seiretu_description:/opt/ros/humble /usr/bin/cmake --build /home/a/ws_moveit2/build/moveit_resources_prbt_support -- -j22 -l22
[0.983s] Invoked command in '/home/a/ws_moveit2/build/moveit_resources_prbt_support' returned '0': CMAKE_PREFIX_PATH=${CMAKE_PREFIX_PATH}:/home/a/ws_moveit2/install/trac_ik_lib:/home/a/ws_moveit2/install/mavlink_controller_client:/home/a/ws_moveit2/install/moveit_configs_utils:/home/a/ws_moveit2/install/srdfdom:/home/a/ws_moveit2/install/ros_tcp_endpoint:/home/a/ws_moveit2/install/rogilink_flex_example_py:/home/a/ws_moveit2/install/rogilink_flex_gui:/home/a/ws_moveit2/install/realsense2_ros_mqtt_bridge:/home/a/ws_moveit2/install/realsense2_camera_msgs:/home/a/ws_moveit2/install/moveit_task_constructor_msgs:/home/a/ws_moveit2/install/moveit_resources_prbt_support:/home/a/ws_moveit2/install/moveit_resources_pr2_description:/home/a/ws_moveit2/install/moveit_resources_panda_description:/home/a/ws_moveit2/install/moveit_resources_fanuc_description:/home/a/ws_moveit2/install/moveit_common:/home/a/ws_moveit2/install/launch_param_builder:/home/a/ws_moveit2/install/dynamixel_sdk_custom_interfaces:/home/a/ws_moveit2/install/dynamixel_controller_gui:/home/a/ws_moveit2/install/dynamixel_sdk:/home/a/ws_moveit2/install/dynamixel_controller_client:/home/a/ws_moveit2/install/d415_rgb_depth_3d:/home/a/ws_moveit2/install/catch_gazebo_ros2_control:/home/a/ws_moveit2/install/blue_seiretu_description:/opt/ros/humble /usr/bin/cmake --build /home/a/ws_moveit2/build/moveit_resources_prbt_support -- -j22 -l22
[0.984s] Invoking command in '/home/a/ws_moveit2/build/moveit_resources_prbt_support': CMAKE_PREFIX_PATH=${CMAKE_PREFIX_PATH}:/home/a/ws_moveit2/install/trac_ik_lib:/home/a/ws_moveit2/install/mavlink_controller_client:/home/a/ws_moveit2/install/moveit_configs_utils:/home/a/ws_moveit2/install/srdfdom:/home/a/ws_moveit2/install/ros_tcp_endpoint:/home/a/ws_moveit2/install/rogilink_flex_example_py:/home/a/ws_moveit2/install/rogilink_flex_gui:/home/a/ws_moveit2/install/realsense2_ros_mqtt_bridge:/home/a/ws_moveit2/install/realsense2_camera_msgs:/home/a/ws_moveit2/install/moveit_task_constructor_msgs:/home/a/ws_moveit2/install/moveit_resources_prbt_support:/home/a/ws_moveit2/install/moveit_resources_pr2_description:/home/a/ws_moveit2/install/moveit_resources_panda_description:/home/a/ws_moveit2/install/moveit_resources_fanuc_description:/home/a/ws_moveit2/install/moveit_common:/home/a/ws_moveit2/install/launch_param_builder:/home/a/ws_moveit2/install/dynamixel_sdk_custom_interfaces:/home/a/ws_moveit2/install/dynamixel_controller_gui:/home/a/ws_moveit2/install/dynamixel_sdk:/home/a/ws_moveit2/install/dynamixel_controller_client:/home/a/ws_moveit2/install/d415_rgb_depth_3d:/home/a/ws_moveit2/install/catch_gazebo_ros2_control:/home/a/ws_moveit2/install/blue_seiretu_description:/opt/ros/humble /usr/bin/cmake --install /home/a/ws_moveit2/build/moveit_resources_prbt_support
[1.019s] -- Install configuration: "Release"
[1.019s] -- Up-to-date: /home/a/ws_moveit2/install/moveit_resources_prbt_support/share/ament_index/resource_index/package_run_dependencies/moveit_resources_prbt_support
[1.019s] -- Up-to-date: /home/a/ws_moveit2/install/moveit_resources_prbt_support/share/ament_index/resource_index/parent_prefix_path/moveit_resources_prbt_support
[1.019s] -- Up-to-date: /home/a/ws_moveit2/install/moveit_resources_prbt_support/share/moveit_resources_prbt_support/environment/ament_prefix_path.sh
[1.019s] -- Up-to-date: /home/a/ws_moveit2/install/moveit_resources_prbt_support/share/moveit_resources_prbt_support/environment/ament_prefix_path.dsv
[1.019s] -- Up-to-date: /home/a/ws_moveit2/install/moveit_resources_prbt_support/share/moveit_resources_prbt_support/environment/path.sh
[1.019s] -- Up-to-date: /home/a/ws_moveit2/install/moveit_resources_prbt_support/share/moveit_resources_prbt_support/environment/path.dsv
[1.019s] -- Up-to-date: /home/a/ws_moveit2/install/moveit_resources_prbt_support/share/moveit_resources_prbt_support/local_setup.bash
[1.019s] -- Up-to-date: /home/a/ws_moveit2/install/moveit_resources_prbt_support/share/moveit_resources_prbt_support/local_setup.sh
[1.019s] -- Up-to-date: /home/a/ws_moveit2/install/moveit_resources_prbt_support/share/moveit_resources_prbt_support/local_setup.zsh
[1.019s] -- Up-to-date: /home/a/ws_moveit2/install/moveit_resources_prbt_support/share/moveit_resources_prbt_support/local_setup.dsv
[1.019s] -- Up-to-date: /home/a/ws_moveit2/install/moveit_resources_prbt_support/share/moveit_resources_prbt_support/package.dsv
[1.019s] -- Up-to-date: /home/a/ws_moveit2/install/moveit_resources_prbt_support/share/ament_index/resource_index/packages/moveit_resources_prbt_support
[1.019s] -- Up-to-date: /home/a/ws_moveit2/install/moveit_resources_prbt_support/share/moveit_resources_prbt_support/cmake/moveit_resources_prbt_supportConfig.cmake
[1.019s] -- Up-to-date: /home/a/ws_moveit2/install/moveit_resources_prbt_support/share/moveit_resources_prbt_support/cmake/moveit_resources_prbt_supportConfig-version.cmake
[1.019s] -- Up-to-date: /home/a/ws_moveit2/install/moveit_resources_prbt_support/share/moveit_resources_prbt_support/package.xml
[1.020s] -- Up-to-date: /home/a/ws_moveit2/install/moveit_resources_prbt_support/share/moveit_resources_prbt_support/urdf
[1.020s] -- Up-to-date: /home/a/ws_moveit2/install/moveit_resources_prbt_support/share/moveit_resources_prbt_support/urdf/prbt.ros2_control.xacro
[1.020s] -- Up-to-date: /home/a/ws_moveit2/install/moveit_resources_prbt_support/share/moveit_resources_prbt_support/urdf/prbt.xacro
[1.020s] -- Up-to-date: /home/a/ws_moveit2/install/moveit_resources_prbt_support/share/moveit_resources_prbt_support/urdf/prbt_macro.xacro
[1.020s] -- Up-to-date: /home/a/ws_moveit2/install/moveit_resources_prbt_support/share/moveit_resources_prbt_support/urdf/simple_gripper_brackets.urdf.xacro
[1.020s] -- Up-to-date: /home/a/ws_moveit2/install/moveit_resources_prbt_support/share/moveit_resources_prbt_support/meshes
[1.020s] -- Up-to-date: /home/a/ws_moveit2/install/moveit_resources_prbt_support/share/moveit_resources_prbt_support/meshes/foot.stl
[1.020s] -- Up-to-date: /home/a/ws_moveit2/install/moveit_resources_prbt_support/share/moveit_resources_prbt_support/meshes/link_1.dae
[1.020s] -- Up-to-date: /home/a/ws_moveit2/install/moveit_resources_prbt_support/share/moveit_resources_prbt_support/meshes/flange.dae
[1.020s] -- Up-to-date: /home/a/ws_moveit2/install/moveit_resources_prbt_support/share/moveit_resources_prbt_support/meshes/link_2.dae
[1.020s] -- Up-to-date: /home/a/ws_moveit2/install/moveit_resources_prbt_support/share/moveit_resources_prbt_support/meshes/link_3.dae
[1.020s] -- Up-to-date: /home/a/ws_moveit2/install/moveit_resources_prbt_support/share/moveit_resources_prbt_support/meshes/link_5.stl
[1.020s] -- Up-to-date: /home/a/ws_moveit2/install/moveit_resources_prbt_support/share/moveit_resources_prbt_support/meshes/foot.dae
[1.020s] -- Up-to-date: /home/a/ws_moveit2/install/moveit_resources_prbt_support/share/moveit_resources_prbt_support/meshes/flange.stl
[1.020s] -- Up-to-date: /home/a/ws_moveit2/install/moveit_resources_prbt_support/share/moveit_resources_prbt_support/meshes/link_4.dae
[1.020s] -- Up-to-date: /home/a/ws_moveit2/install/moveit_resources_prbt_support/share/moveit_resources_prbt_support/meshes/link_3.stl
[1.020s] -- Up-to-date: /home/a/ws_moveit2/install/moveit_resources_prbt_support/share/moveit_resources_prbt_support/meshes/link_4.stl
[1.020s] -- Up-to-date: /home/a/ws_moveit2/install/moveit_resources_prbt_support/share/moveit_resources_prbt_support/meshes/link_2.stl
[1.020s] -- Up-to-date: /home/a/ws_moveit2/install/moveit_resources_prbt_support/share/moveit_resources_prbt_support/meshes/link_5.dae
[1.020s] -- Up-to-date: /home/a/ws_moveit2/install/moveit_resources_prbt_support/share/moveit_resources_prbt_support/meshes/link_1.stl
[1.020s] -- Up-to-date: /home/a/ws_moveit2/install/moveit_resources_prbt_support/share/moveit_resources_prbt_support/config
[1.020s] -- Up-to-date: /home/a/ws_moveit2/install/moveit_resources_prbt_support/share/moveit_resources_prbt_support/config/manipulator_controller.yaml
[1.020s] -- Up-to-date: /home/a/ws_moveit2/install/moveit_resources_prbt_support/share/moveit_resources_prbt_support/config/prbt_0_1.dcf
[1.020s] -- Up-to-date: /home/a/ws_moveit2/install/moveit_resources_prbt_support/share/moveit_resources_prbt_support/config/manipulator_driver.yaml
