[0.000000] (-) TimerEvent: {}
[0.000115] (-) JobUnselected: {'identifier': 'MAVLink_f446re'}
[0.000133] (-) JobUnselected: {'identifier': 'blue_seiretu_description'}
[0.000145] (-) JobUnselected: {'identifier': 'catch_gazebo_ros2_control'}
[0.000155] (-) JobUnselected: {'identifier': 'chomp_motion_planner'}
[0.000165] (-) JobUnselected: {'identifier': 'd415_rgb_depth_3d'}
[0.000175] (-) JobUnselected: {'identifier': 'dynamixel_controller'}
[0.000184] (-) JobUnselected: {'identifier': 'dynamixel_controller_client'}
[0.000193] (-) JobUnselected: {'identifier': 'dynamixel_controller_gui'}
[0.000202] (-) JobUnselected: {'identifier': 'dynamixel_sdk'}
[0.000211] (-) JobUnselected: {'identifier': 'dynamixel_sdk_custom_interfaces'}
[0.000220] (-) JobUnselected: {'identifier': 'dynamixel_sdk_examples'}
[0.000229] (-) JobUnselected: {'identifier': 'field_description'}
[0.000238] (-) JobUnselected: {'identifier': 'hello_moveit'}
[0.000247] (-) JobUnselected: {'identifier': 'launch_param_builder'}
[0.000257] (-) JobUnselected: {'identifier': 'mavlink_controller_client'}
[0.000265] (-) JobUnselected: {'identifier': 'mavlink_gui_tester'}
[0.000274] (-) JobUnselected: {'identifier': 'moveit'}
[0.000283] (-) JobUnselected: {'identifier': 'moveit2_tutorials'}
[0.000294] (-) JobUnselected: {'identifier': 'moveit_chomp_optimizer_adapter'}
[0.000303] (-) JobUnselected: {'identifier': 'moveit_common'}
[0.000312] (-) JobUnselected: {'identifier': 'moveit_configs_utils'}
[0.000321] (-) JobUnselected: {'identifier': 'moveit_core'}
[0.000329] (-) JobUnselected: {'identifier': 'moveit_hybrid_planning'}
[0.000338] (-) JobUnselected: {'identifier': 'moveit_kinematics'}
[0.000348] (-) JobUnselected: {'identifier': 'moveit_planners'}
[0.000357] (-) JobUnselected: {'identifier': 'moveit_planners_chomp'}
[0.000365] (-) JobUnselected: {'identifier': 'moveit_planners_ompl'}
[0.000374] (-) JobUnselected: {'identifier': 'moveit_plugins'}
[0.000383] (-) JobUnselected: {'identifier': 'moveit_resources'}
[0.000392] (-) JobUnselected: {'identifier': 'moveit_resources_fanuc_description'}
[0.000401] (-) JobUnselected: {'identifier': 'moveit_resources_fanuc_moveit_config'}
[0.000410] (-) JobUnselected: {'identifier': 'moveit_resources_panda_description'}
[0.000419] (-) JobUnselected: {'identifier': 'moveit_resources_panda_moveit_config'}
[0.000428] (-) JobUnselected: {'identifier': 'moveit_resources_pr2_description'}
[0.000437] (-) JobUnselected: {'identifier': 'moveit_resources_prbt_ikfast_manipulator_plugin'}
[0.000446] (-) JobUnselected: {'identifier': 'moveit_resources_prbt_moveit_config'}
[0.000455] (-) JobUnselected: {'identifier': 'moveit_resources_prbt_pg70_support'}
[0.000464] (-) JobUnselected: {'identifier': 'moveit_resources_prbt_support'}
[0.000473] (-) JobUnselected: {'identifier': 'moveit_ros'}
[0.000482] (-) JobUnselected: {'identifier': 'moveit_ros_benchmarks'}
[0.000491] (-) JobUnselected: {'identifier': 'moveit_ros_control_interface'}
[0.000499] (-) JobUnselected: {'identifier': 'moveit_ros_move_group'}
[0.000509] (-) JobUnselected: {'identifier': 'moveit_ros_occupancy_map_monitor'}
[0.000518] (-) JobUnselected: {'identifier': 'moveit_ros_perception'}
[0.000526] (-) JobUnselected: {'identifier': 'moveit_ros_planning'}
[0.000535] (-) JobUnselected: {'identifier': 'moveit_ros_planning_interface'}
[0.000544] (-) JobUnselected: {'identifier': 'moveit_ros_robot_interaction'}
[0.000553] (-) JobUnselected: {'identifier': 'moveit_ros_visualization'}
[0.000565] (-) JobUnselected: {'identifier': 'moveit_ros_warehouse'}
[0.000573] (-) JobUnselected: {'identifier': 'moveit_runtime'}
[0.000582] (-) JobUnselected: {'identifier': 'moveit_servo'}
[0.000591] (-) JobUnselected: {'identifier': 'moveit_setup_app_plugins'}
[0.000600] (-) JobUnselected: {'identifier': 'moveit_setup_assistant'}
[0.000611] (-) JobUnselected: {'identifier': 'moveit_setup_controllers'}
[0.000622] (-) JobUnselected: {'identifier': 'moveit_setup_core_plugins'}
[0.000632] (-) JobUnselected: {'identifier': 'moveit_setup_framework'}
[0.000644] (-) JobUnselected: {'identifier': 'moveit_setup_srdf_plugins'}
[0.000733] (-) JobUnselected: {'identifier': 'moveit_simple_controller_manager'}
[0.000745] (-) JobUnselected: {'identifier': 'moveit_task_constructor_capabilities'}
[0.000755] (-) JobUnselected: {'identifier': 'moveit_task_constructor_core'}
[0.000764] (-) JobUnselected: {'identifier': 'moveit_task_constructor_demo'}
[0.000773] (-) JobUnselected: {'identifier': 'moveit_task_constructor_msgs'}
[0.000782] (-) JobUnselected: {'identifier': 'moveit_task_constructor_visualization'}
[0.000791] (-) JobUnselected: {'identifier': 'moveit_visual_tools'}
[0.000800] (-) JobUnselected: {'identifier': 'mtc_tutorial'}
[0.000809] (-) JobUnselected: {'identifier': 'object_description'}
[0.000817] (-) JobUnselected: {'identifier': 'pilz_industrial_motion_planner'}
[0.000826] (-) JobUnselected: {'identifier': 'pilz_industrial_motion_planner_testutils'}
[0.000835] (-) JobUnselected: {'identifier': 'realsense2_camera'}
[0.000844] (-) JobUnselected: {'identifier': 'realsense2_camera_msgs'}
[0.000852] (-) JobUnselected: {'identifier': 'realsense2_description'}
[0.000861] (-) JobUnselected: {'identifier': 'realsense2_ros_mqtt_bridge'}
[0.000870] (-) JobUnselected: {'identifier': 'red_seiretu_description'}
[0.000879] (-) JobUnselected: {'identifier': 'robot_config'}
[0.000887] (-) JobUnselected: {'identifier': 'rogilink_flex'}
[0.000896] (-) JobUnselected: {'identifier': 'rogilink_flex_example_py'}
[0.000906] (-) JobUnselected: {'identifier': 'rogilink_flex_gui'}
[0.000920] (-) JobUnselected: {'identifier': 'rogilink_flex_interfaces'}
[0.000929] (-) JobUnselected: {'identifier': 'rogilink_flex_lib'}
[0.000938] (-) JobUnselected: {'identifier': 'ros_tcp_endpoint'}
[0.000947] (-) JobUnselected: {'identifier': 'rosparam_shortcuts'}
[0.000956] (-) JobUnselected: {'identifier': 'rviz_marker_tools'}
[0.000964] (-) JobUnselected: {'identifier': 'srdfdom'}
[0.000973] (-) JobUnselected: {'identifier': 'stm32_mavlink_interface'}
[0.000982] (-) JobUnselected: {'identifier': 'trac_ik'}
[0.000991] (-) JobUnselected: {'identifier': 'trac_ik_kinematics_plugin'}
[0.001000] (-) JobUnselected: {'identifier': 'trac_ik_lib'}
[0.001008] (-) JobUnselected: {'identifier': 'urdf_0816_description'}
[0.001177] (-) EventReactorShutdown: {}
