[0.250s] Invoking command in '/home/a/ws_moveit2/build/realsense2_camera_msgs': CMAKE_PREFIX_PATH=${CMAKE_PREFIX_PATH}:/home/a/ws_moveit2/install/mavlink_controller_client:/home/a/ws_moveit2/install/moveit_configs_utils:/home/a/ws_moveit2/install/ros_tcp_endpoint:/home/a/ws_moveit2/install/realsense2_ros_mqtt_bridge:/home/a/ws_moveit2/install/launch_param_builder:/home/a/ws_moveit2/install/dynamixel_controller_gui:/home/a/ws_moveit2/install/dynamixel_controller_client:/home/a/ws_moveit2/install/d415_rgb_depth_3d:/opt/ros/humble /usr/bin/cmake --build /home/a/ws_moveit2/build/realsense2_camera_msgs -- -j22 -l22
[0.932s] [  0%] Built target realsense2_camera_msgs__cpp
[0.932s] [ 12%] Built target realsense2_camera_msgs__rosidl_generator_c
[0.932s] [ 12%] Built target ament_cmake_python_copy_realsense2_camera_msgs
[0.932s] [ 36%] Built target realsense2_camera_msgs__rosidl_typesupport_c
[0.932s] [ 36%] Built target realsense2_camera_msgs__rosidl_typesupport_fastrtps_cpp
[0.932s] [ 48%] Built target realsense2_camera_msgs__rosidl_typesupport_cpp
[0.932s] [ 60%] Built target realsense2_camera_msgs__rosidl_typesupport_introspection_c
[0.932s] [ 72%] Built target realsense2_camera_msgs__rosidl_typesupport_fastrtps_c
[0.932s] [ 84%] Built target realsense2_camera_msgs__rosidl_typesupport_introspection_cpp
[0.932s] [ 84%] Built target realsense2_camera_msgs
[0.932s] [ 85%] Built target realsense2_camera_msgs__py
[0.932s] [ 96%] Built target realsense2_camera_msgs__rosidl_generator_py
[0.932s] [ 97%] Built target realsense2_camera_msgs__rosidl_typesupport_c__pyext
[0.932s] [ 99%] Built target realsense2_camera_msgs__rosidl_typesupport_introspection_c__pyext
[0.933s] [100%] Built target realsense2_camera_msgs__rosidl_typesupport_fastrtps_c__pyext
[0.933s] running egg_info
[0.933s] writing realsense2_camera_msgs.egg-info/PKG-INFO
[0.933s] writing dependency_links to realsense2_camera_msgs.egg-info/dependency_links.txt
[0.933s] writing top-level names to realsense2_camera_msgs.egg-info/top_level.txt
[0.933s] reading manifest file 'realsense2_camera_msgs.egg-info/SOURCES.txt'
[0.933s] writing manifest file 'realsense2_camera_msgs.egg-info/SOURCES.txt'
[0.933s] [100%] Built target ament_cmake_python_build_realsense2_camera_msgs_egg
[0.967s] Invoked command in '/home/a/ws_moveit2/build/realsense2_camera_msgs' returned '0': CMAKE_PREFIX_PATH=${CMAKE_PREFIX_PATH}:/home/a/ws_moveit2/install/mavlink_controller_client:/home/a/ws_moveit2/install/moveit_configs_utils:/home/a/ws_moveit2/install/ros_tcp_endpoint:/home/a/ws_moveit2/install/realsense2_ros_mqtt_bridge:/home/a/ws_moveit2/install/launch_param_builder:/home/a/ws_moveit2/install/dynamixel_controller_gui:/home/a/ws_moveit2/install/dynamixel_controller_client:/home/a/ws_moveit2/install/d415_rgb_depth_3d:/opt/ros/humble /usr/bin/cmake --build /home/a/ws_moveit2/build/realsense2_camera_msgs -- -j22 -l22
[0.968s] Invoking command in '/home/a/ws_moveit2/build/realsense2_camera_msgs': CMAKE_PREFIX_PATH=${CMAKE_PREFIX_PATH}:/home/a/ws_moveit2/install/mavlink_controller_client:/home/a/ws_moveit2/install/moveit_configs_utils:/home/a/ws_moveit2/install/ros_tcp_endpoint:/home/a/ws_moveit2/install/realsense2_ros_mqtt_bridge:/home/a/ws_moveit2/install/launch_param_builder:/home/a/ws_moveit2/install/dynamixel_controller_gui:/home/a/ws_moveit2/install/dynamixel_controller_client:/home/a/ws_moveit2/install/d415_rgb_depth_3d:/opt/ros/humble /usr/bin/cmake --install /home/a/ws_moveit2/build/realsense2_camera_msgs
[1.019s] -- Install configuration: ""
[1.019s] -- Up-to-date: /home/a/ws_moveit2/install/realsense2_camera_msgs/share/ament_index/resource_index/rosidl_interfaces/realsense2_camera_msgs
[1.019s] -- Up-to-date: /home/a/ws_moveit2/install/realsense2_camera_msgs/include/realsense2_camera_msgs/realsense2_camera_msgs
[1.019s] -- Up-to-date: /home/a/ws_moveit2/install/realsense2_camera_msgs/include/realsense2_camera_msgs/realsense2_camera_msgs/msg
[1.020s] -- Up-to-date: /home/a/ws_moveit2/install/realsense2_camera_msgs/include/realsense2_camera_msgs/realsense2_camera_msgs/msg/metadata.h
[1.020s] -- Up-to-date: /home/a/ws_moveit2/install/realsense2_camera_msgs/include/realsense2_camera_msgs/realsense2_camera_msgs/msg/extrinsics.h
[1.020s] -- Up-to-date: /home/a/ws_moveit2/install/realsense2_camera_msgs/include/realsense2_camera_msgs/realsense2_camera_msgs/msg/imu_info.h
[1.020s] -- Up-to-date: /home/a/ws_moveit2/install/realsense2_camera_msgs/include/realsense2_camera_msgs/realsense2_camera_msgs/msg/rosidl_generator_c__visibility_control.h
[1.020s] -- Up-to-date: /home/a/ws_moveit2/install/realsense2_camera_msgs/include/realsense2_camera_msgs/realsense2_camera_msgs/msg/rgbd.h
[1.020s] -- Up-to-date: /home/a/ws_moveit2/install/realsense2_camera_msgs/include/realsense2_camera_msgs/realsense2_camera_msgs/msg/detail
[1.020s] -- Up-to-date: /home/a/ws_moveit2/install/realsense2_camera_msgs/include/realsense2_camera_msgs/realsense2_camera_msgs/msg/detail/rgbd__functions.c
[1.020s] -- Up-to-date: /home/a/ws_moveit2/install/realsense2_camera_msgs/include/realsense2_camera_msgs/realsense2_camera_msgs/msg/detail/extrinsics__type_support.h
[1.020s] -- Up-to-date: /home/a/ws_moveit2/install/realsense2_camera_msgs/include/realsense2_camera_msgs/realsense2_camera_msgs/msg/detail/extrinsics__functions.h
[1.020s] -- Up-to-date: /home/a/ws_moveit2/install/realsense2_camera_msgs/include/realsense2_camera_msgs/realsense2_camera_msgs/msg/detail/imu_info__functions.h
[1.020s] -- Up-to-date: /home/a/ws_moveit2/install/realsense2_camera_msgs/include/realsense2_camera_msgs/realsense2_camera_msgs/msg/detail/extrinsics__functions.c
[1.020s] -- Up-to-date: /home/a/ws_moveit2/install/realsense2_camera_msgs/include/realsense2_camera_msgs/realsense2_camera_msgs/msg/detail/imu_info__functions.c
[1.021s] -- Up-to-date: /home/a/ws_moveit2/install/realsense2_camera_msgs/include/realsense2_camera_msgs/realsense2_camera_msgs/msg/detail/metadata__struct.h
[1.021s] -- Up-to-date: /home/a/ws_moveit2/install/realsense2_camera_msgs/include/realsense2_camera_msgs/realsense2_camera_msgs/msg/detail/imu_info__type_support.h
[1.021s] -- Up-to-date: /home/a/ws_moveit2/install/realsense2_camera_msgs/include/realsense2_camera_msgs/realsense2_camera_msgs/msg/detail/metadata__functions.c
[1.021s] -- Up-to-date: /home/a/ws_moveit2/install/realsense2_camera_msgs/include/realsense2_camera_msgs/realsense2_camera_msgs/msg/detail/extrinsics__struct.h
[1.021s] -- Up-to-date: /home/a/ws_moveit2/install/realsense2_camera_msgs/include/realsense2_camera_msgs/realsense2_camera_msgs/msg/detail/rgbd__type_support.h
[1.021s] -- Up-to-date: /home/a/ws_moveit2/install/realsense2_camera_msgs/include/realsense2_camera_msgs/realsense2_camera_msgs/msg/detail/imu_info__struct.h
[1.021s] -- Up-to-date: /home/a/ws_moveit2/install/realsense2_camera_msgs/include/realsense2_camera_msgs/realsense2_camera_msgs/msg/detail/rgbd__struct.h
[1.021s] -- Up-to-date: /home/a/ws_moveit2/install/realsense2_camera_msgs/include/realsense2_camera_msgs/realsense2_camera_msgs/msg/detail/metadata__functions.h
[1.021s] -- Up-to-date: /home/a/ws_moveit2/install/realsense2_camera_msgs/include/realsense2_camera_msgs/realsense2_camera_msgs/msg/detail/metadata__type_support.h
[1.021s] -- Up-to-date: /home/a/ws_moveit2/install/realsense2_camera_msgs/include/realsense2_camera_msgs/realsense2_camera_msgs/msg/detail/rgbd__functions.h
[1.022s] -- Up-to-date: /home/a/ws_moveit2/install/realsense2_camera_msgs/include/realsense2_camera_msgs/realsense2_camera_msgs/action
[1.022s] -- Up-to-date: /home/a/ws_moveit2/install/realsense2_camera_msgs/include/realsense2_camera_msgs/realsense2_camera_msgs/action/triggered_calibration.h
[1.029s] -- Up-to-date: /home/a/ws_moveit2/install/realsense2_camera_msgs/include/realsense2_camera_msgs/realsense2_camera_msgs/action/detail
[1.030s] -- Up-to-date: /home/a/ws_moveit2/install/realsense2_camera_msgs/include/realsense2_camera_msgs/realsense2_camera_msgs/action/detail/triggered_calibration__functions.h
[1.030s] -- Up-to-date: /home/a/ws_moveit2/install/realsense2_camera_msgs/include/realsense2_camera_msgs/realsense2_camera_msgs/action/detail/triggered_calibration__type_support.h
[1.030s] -- Up-to-date: /home/a/ws_moveit2/install/realsense2_camera_msgs/include/realsense2_camera_msgs/realsense2_camera_msgs/action/detail/triggered_calibration__struct.h
[1.030s] -- Up-to-date: /home/a/ws_moveit2/install/realsense2_camera_msgs/include/realsense2_camera_msgs/realsense2_camera_msgs/action/detail/triggered_calibration__functions.c
[1.030s] -- Up-to-date: /home/a/ws_moveit2/install/realsense2_camera_msgs/include/realsense2_camera_msgs/realsense2_camera_msgs/srv
[1.030s] -- Up-to-date: /home/a/ws_moveit2/install/realsense2_camera_msgs/include/realsense2_camera_msgs/realsense2_camera_msgs/srv/safety_interface_config_write.h
[1.030s] -- Up-to-date: /home/a/ws_moveit2/install/realsense2_camera_msgs/include/realsense2_camera_msgs/realsense2_camera_msgs/srv/safety_interface_config_read.h
[1.030s] -- Up-to-date: /home/a/ws_moveit2/install/realsense2_camera_msgs/include/realsense2_camera_msgs/realsense2_camera_msgs/srv/safety_preset_read.h
[1.030s] -- Up-to-date: /home/a/ws_moveit2/install/realsense2_camera_msgs/include/realsense2_camera_msgs/realsense2_camera_msgs/srv/hardware_monitor_command_send.h
[1.030s] -- Up-to-date: /home/a/ws_moveit2/install/realsense2_camera_msgs/include/realsense2_camera_msgs/realsense2_camera_msgs/srv/application_config_read.h
[1.030s] -- Up-to-date: /home/a/ws_moveit2/install/realsense2_camera_msgs/include/realsense2_camera_msgs/realsense2_camera_msgs/srv/calib_config_read.h
[1.030s] -- Up-to-date: /home/a/ws_moveit2/install/realsense2_camera_msgs/include/realsense2_camera_msgs/realsense2_camera_msgs/srv/safety_preset_write.h
[1.030s] -- Up-to-date: /home/a/ws_moveit2/install/realsense2_camera_msgs/include/realsense2_camera_msgs/realsense2_camera_msgs/srv/calib_config_write.h
[1.030s] -- Up-to-date: /home/a/ws_moveit2/install/realsense2_camera_msgs/include/realsense2_camera_msgs/realsense2_camera_msgs/srv/device_info.h
[1.030s] -- Up-to-date: /home/a/ws_moveit2/install/realsense2_camera_msgs/include/realsense2_camera_msgs/realsense2_camera_msgs/srv/application_config_write.h
[1.030s] -- Up-to-date: /home/a/ws_moveit2/install/realsense2_camera_msgs/include/realsense2_camera_msgs/realsense2_camera_msgs/srv/detail
[1.030s] -- Up-to-date: /home/a/ws_moveit2/install/realsense2_camera_msgs/include/realsense2_camera_msgs/realsense2_camera_msgs/srv/detail/safety_interface_config_read__functions.c
[1.030s] -- Up-to-date: /home/a/ws_moveit2/install/realsense2_camera_msgs/include/realsense2_camera_msgs/realsense2_camera_msgs/srv/detail/application_config_read__struct.h
[1.030s] -- Up-to-date: /home/a/ws_moveit2/install/realsense2_camera_msgs/include/realsense2_camera_msgs/realsense2_camera_msgs/srv/detail/safety_preset_write__functions.c
[1.031s] -- Up-to-date: /home/a/ws_moveit2/install/realsense2_camera_msgs/include/realsense2_camera_msgs/realsense2_camera_msgs/srv/detail/device_info__functions.c
[1.031s] -- Up-to-date: /home/a/ws_moveit2/install/realsense2_camera_msgs/include/realsense2_camera_msgs/realsense2_camera_msgs/srv/detail/device_info__type_support.h
[1.031s] -- Up-to-date: /home/a/ws_moveit2/install/realsense2_camera_msgs/include/realsense2_camera_msgs/realsense2_camera_msgs/srv/detail/application_config_read__type_support.h
[1.031s] -- Up-to-date: /home/a/ws_moveit2/install/realsense2_camera_msgs/include/realsense2_camera_msgs/realsense2_camera_msgs/srv/detail/hardware_monitor_command_send__functions.h
[1.031s] -- Up-to-date: /home/a/ws_moveit2/install/realsense2_camera_msgs/include/realsense2_camera_msgs/realsense2_camera_msgs/srv/detail/safety_interface_config_read__functions.h
[1.031s] -- Up-to-date: /home/a/ws_moveit2/install/realsense2_camera_msgs/include/realsense2_camera_msgs/realsense2_camera_msgs/srv/detail/calib_config_write__struct.h
[1.031s] -- Up-to-date: /home/a/ws_moveit2/install/realsense2_camera_msgs/include/realsense2_camera_msgs/realsense2_camera_msgs/srv/detail/calib_config_read__functions.h
[1.034s] -- Up-to-date: /home/a/ws_moveit2/install/realsense2_camera_msgs/include/realsense2_camera_msgs/realsense2_camera_msgs/srv/detail/application_config_read__functions.c
[1.034s] -- Up-to-date: /home/a/ws_moveit2/install/realsense2_camera_msgs/include/realsense2_camera_msgs/realsense2_camera_msgs/srv/detail/hardware_monitor_command_send__type_support.h
[1.034s] -- Up-to-date: /home/a/ws_moveit2/install/realsense2_camera_msgs/include/realsense2_camera_msgs/realsense2_camera_msgs/srv/detail/safety_interface_config_write__struct.h
[1.034s] -- Up-to-date: /home/a/ws_moveit2/install/realsense2_camera_msgs/include/realsense2_camera_msgs/realsense2_camera_msgs/srv/detail/safety_interface_config_read__type_support.h
[1.034s] -- Up-to-date: /home/a/ws_moveit2/install/realsense2_camera_msgs/include/realsense2_camera_msgs/realsense2_camera_msgs/srv/detail/safety_preset_read__functions.h
[1.034s] -- Up-to-date: /home/a/ws_moveit2/install/realsense2_camera_msgs/include/realsense2_camera_msgs/realsense2_camera_msgs/srv/detail/application_config_write__type_support.h
[1.034s] -- Up-to-date: /home/a/ws_moveit2/install/realsense2_camera_msgs/include/realsense2_camera_msgs/realsense2_camera_msgs/srv/detail/safety_interface_config_read__struct.h
[1.034s] -- Up-to-date: /home/a/ws_moveit2/install/realsense2_camera_msgs/include/realsense2_camera_msgs/realsense2_camera_msgs/srv/detail/application_config_write__functions.h
[1.034s] -- Up-to-date: /home/a/ws_moveit2/install/realsense2_camera_msgs/include/realsense2_camera_msgs/realsense2_camera_msgs/srv/detail/safety_interface_config_write__functions.c
[1.034s] -- Up-to-date: /home/a/ws_moveit2/install/realsense2_camera_msgs/include/realsense2_camera_msgs/realsense2_camera_msgs/srv/detail/calib_config_read__struct.h
[1.034s] -- Up-to-date: /home/a/ws_moveit2/install/realsense2_camera_msgs/include/realsense2_camera_msgs/realsense2_camera_msgs/srv/detail/safety_interface_config_write__functions.h
[1.034s] -- Up-to-date: /home/a/ws_moveit2/install/realsense2_camera_msgs/include/realsense2_camera_msgs/realsense2_camera_msgs/srv/detail/calib_config_write__functions.c
[1.034s] -- Up-to-date: /home/a/ws_moveit2/install/realsense2_camera_msgs/include/realsense2_camera_msgs/realsense2_camera_msgs/srv/detail/application_config_write__functions.c
[1.034s] -- Up-to-date: /home/a/ws_moveit2/install/realsense2_camera_msgs/include/realsense2_camera_msgs/realsense2_camera_msgs/srv/detail/safety_preset_write__struct.h
[1.034s] -- Up-to-date: /home/a/ws_moveit2/install/realsense2_camera_msgs/include/realsense2_camera_msgs/realsense2_camera_msgs/srv/detail/device_info__struct.h
[1.034s] -- Up-to-date: /home/a/ws_moveit2/install/realsense2_camera_msgs/include/realsense2_camera_msgs/realsense2_camera_msgs/srv/detail/calib_config_read__type_support.h
[1.034s] -- Up-to-date: /home/a/ws_moveit2/install/realsense2_camera_msgs/include/realsense2_camera_msgs/realsense2_camera_msgs/srv/detail/hardware_monitor_command_send__struct.h
[1.034s] -- Up-to-date: /home/a/ws_moveit2/install/realsense2_camera_msgs/include/realsense2_camera_msgs/realsense2_camera_msgs/srv/detail/safety_preset_write__type_support.h
[1.034s] -- Up-to-date: /home/a/ws_moveit2/install/realsense2_camera_msgs/include/realsense2_camera_msgs/realsense2_camera_msgs/srv/detail/safety_preset_read__type_support.h
[1.034s] -- Up-to-date: /home/a/ws_moveit2/install/realsense2_camera_msgs/include/realsense2_camera_msgs/realsense2_camera_msgs/srv/detail/calib_config_write__functions.h
[1.034s] -- Up-to-date: /home/a/ws_moveit2/install/realsense2_camera_msgs/include/realsense2_camera_msgs/realsense2_camera_msgs/srv/detail/safety_preset_write__functions.h
[1.034s] -- Up-to-date: /home/a/ws_moveit2/install/realsense2_camera_msgs/include/realsense2_camera_msgs/realsense2_camera_msgs/srv/detail/hardware_monitor_command_send__functions.c
[1.034s] -- Up-to-date: /home/a/ws_moveit2/install/realsense2_camera_msgs/include/realsense2_camera_msgs/realsense2_camera_msgs/srv/detail/calib_config_write__type_support.h
[1.034s] -- Up-to-date: /home/a/ws_moveit2/install/realsense2_camera_msgs/include/realsense2_camera_msgs/realsense2_camera_msgs/srv/detail/device_info__functions.h
[1.035s] -- Up-to-date: /home/a/ws_moveit2/install/realsense2_camera_msgs/include/realsense2_camera_msgs/realsense2_camera_msgs/srv/detail/safety_preset_read__struct.h
[1.035s] -- Up-to-date: /home/a/ws_moveit2/install/realsense2_camera_msgs/include/realsense2_camera_msgs/realsense2_camera_msgs/srv/detail/application_config_read__functions.h
[1.035s] -- Up-to-date: /home/a/ws_moveit2/install/realsense2_camera_msgs/include/realsense2_camera_msgs/realsense2_camera_msgs/srv/detail/safety_preset_read__functions.c
[1.035s] -- Up-to-date: /home/a/ws_moveit2/install/realsense2_camera_msgs/include/realsense2_camera_msgs/realsense2_camera_msgs/srv/detail/safety_interface_config_write__type_support.h
[1.035s] -- Up-to-date: /home/a/ws_moveit2/install/realsense2_camera_msgs/include/realsense2_camera_msgs/realsense2_camera_msgs/srv/detail/application_config_write__struct.h
[1.035s] -- Up-to-date: /home/a/ws_moveit2/install/realsense2_camera_msgs/include/realsense2_camera_msgs/realsense2_camera_msgs/srv/detail/calib_config_read__functions.c
[1.035s] -- Up-to-date: /home/a/ws_moveit2/install/realsense2_camera_msgs/share/realsense2_camera_msgs/environment/library_path.sh
[1.035s] -- Up-to-date: /home/a/ws_moveit2/install/realsense2_camera_msgs/share/realsense2_camera_msgs/environment/library_path.dsv
[1.035s] -- Up-to-date: /home/a/ws_moveit2/install/realsense2_camera_msgs/lib/librealsense2_camera_msgs__rosidl_generator_c.so
[1.036s] -- Up-to-date: /home/a/ws_moveit2/install/realsense2_camera_msgs/include/realsense2_camera_msgs/realsense2_camera_msgs
[1.036s] -- Up-to-date: /home/a/ws_moveit2/install/realsense2_camera_msgs/include/realsense2_camera_msgs/realsense2_camera_msgs/msg
[1.036s] -- Up-to-date: /home/a/ws_moveit2/install/realsense2_camera_msgs/include/realsense2_camera_msgs/realsense2_camera_msgs/msg/rosidl_typesupport_fastrtps_c__visibility_control.h
[1.036s] -- Up-to-date: /home/a/ws_moveit2/install/realsense2_camera_msgs/include/realsense2_camera_msgs/realsense2_camera_msgs/msg/detail
[1.036s] -- Up-to-date: /home/a/ws_moveit2/install/realsense2_camera_msgs/include/realsense2_camera_msgs/realsense2_camera_msgs/msg/detail/rgbd__rosidl_typesupport_fastrtps_c.h
[1.036s] -- Up-to-date: /home/a/ws_moveit2/install/realsense2_camera_msgs/include/realsense2_camera_msgs/realsense2_camera_msgs/msg/detail/imu_info__rosidl_typesupport_fastrtps_c.h
[1.036s] -- Up-to-date: /home/a/ws_moveit2/install/realsense2_camera_msgs/include/realsense2_camera_msgs/realsense2_camera_msgs/msg/detail/metadata__rosidl_typesupport_fastrtps_c.h
[1.036s] -- Up-to-date: /home/a/ws_moveit2/install/realsense2_camera_msgs/include/realsense2_camera_msgs/realsense2_camera_msgs/msg/detail/extrinsics__rosidl_typesupport_fastrtps_c.h
[1.036s] -- Up-to-date: /home/a/ws_moveit2/install/realsense2_camera_msgs/include/realsense2_camera_msgs/realsense2_camera_msgs/action
[1.036s] -- Up-to-date: /home/a/ws_moveit2/install/realsense2_camera_msgs/include/realsense2_camera_msgs/realsense2_camera_msgs/action/detail
[1.036s] -- Up-to-date: /home/a/ws_moveit2/install/realsense2_camera_msgs/include/realsense2_camera_msgs/realsense2_camera_msgs/action/detail/triggered_calibration__rosidl_typesupport_fastrtps_c.h
[1.036s] -- Up-to-date: /home/a/ws_moveit2/install/realsense2_camera_msgs/include/realsense2_camera_msgs/realsense2_camera_msgs/srv
[1.036s] -- Up-to-date: /home/a/ws_moveit2/install/realsense2_camera_msgs/include/realsense2_camera_msgs/realsense2_camera_msgs/srv/detail
[1.036s] -- Up-to-date: /home/a/ws_moveit2/install/realsense2_camera_msgs/include/realsense2_camera_msgs/realsense2_camera_msgs/srv/detail/safety_interface_config_write__rosidl_typesupport_fastrtps_c.h
[1.036s] -- Up-to-date: /home/a/ws_moveit2/install/realsense2_camera_msgs/include/realsense2_camera_msgs/realsense2_camera_msgs/srv/detail/safety_preset_write__rosidl_typesupport_fastrtps_c.h
[1.036s] -- Up-to-date: /home/a/ws_moveit2/install/realsense2_camera_msgs/include/realsense2_camera_msgs/realsense2_camera_msgs/srv/detail/application_config_read__rosidl_typesupport_fastrtps_c.h
[1.036s] -- Up-to-date: /home/a/ws_moveit2/install/realsense2_camera_msgs/include/realsense2_camera_msgs/realsense2_camera_msgs/srv/detail/calib_config_write__rosidl_typesupport_fastrtps_c.h
[1.036s] -- Up-to-date: /home/a/ws_moveit2/install/realsense2_camera_msgs/include/realsense2_camera_msgs/realsense2_camera_msgs/srv/detail/device_info__rosidl_typesupport_fastrtps_c.h
[1.036s] -- Up-to-date: /home/a/ws_moveit2/install/realsense2_camera_msgs/include/realsense2_camera_msgs/realsense2_camera_msgs/srv/detail/calib_config_read__rosidl_typesupport_fastrtps_c.h
[1.036s] -- Up-to-date: /home/a/ws_moveit2/install/realsense2_camera_msgs/include/realsense2_camera_msgs/realsense2_camera_msgs/srv/detail/hardware_monitor_command_send__rosidl_typesupport_fastrtps_c.h
[1.036s] -- Up-to-date: /home/a/ws_moveit2/install/realsense2_camera_msgs/include/realsense2_camera_msgs/realsense2_camera_msgs/srv/detail/safety_interface_config_read__rosidl_typesupport_fastrtps_c.h
[1.036s] -- Up-to-date: /home/a/ws_moveit2/install/realsense2_camera_msgs/include/realsense2_camera_msgs/realsense2_camera_msgs/srv/detail/application_config_write__rosidl_typesupport_fastrtps_c.h
[1.036s] -- Up-to-date: /home/a/ws_moveit2/install/realsense2_camera_msgs/include/realsense2_camera_msgs/realsense2_camera_msgs/srv/detail/safety_preset_read__rosidl_typesupport_fastrtps_c.h
[1.036s] -- Up-to-date: /home/a/ws_moveit2/install/realsense2_camera_msgs/lib/librealsense2_camera_msgs__rosidl_typesupport_fastrtps_c.so
[1.036s] -- Up-to-date: /home/a/ws_moveit2/install/realsense2_camera_msgs/include/realsense2_camera_msgs/realsense2_camera_msgs
[1.036s] -- Up-to-date: /home/a/ws_moveit2/install/realsense2_camera_msgs/include/realsense2_camera_msgs/realsense2_camera_msgs/msg
[1.036s] -- Up-to-date: /home/a/ws_moveit2/install/realsense2_camera_msgs/include/realsense2_camera_msgs/realsense2_camera_msgs/msg/rosidl_typesupport_introspection_c__visibility_control.h
[1.037s] -- Up-to-date: /home/a/ws_moveit2/install/realsense2_camera_msgs/include/realsense2_camera_msgs/realsense2_camera_msgs/msg/detail
[1.037s] -- Up-to-date: /home/a/ws_moveit2/install/realsense2_camera_msgs/include/realsense2_camera_msgs/realsense2_camera_msgs/msg/detail/metadata__type_support.c
[1.037s] -- Up-to-date: /home/a/ws_moveit2/install/realsense2_camera_msgs/include/realsense2_camera_msgs/realsense2_camera_msgs/msg/detail/extrinsics__type_support.c
[1.037s] -- Up-to-date: /home/a/ws_moveit2/install/realsense2_camera_msgs/include/realsense2_camera_msgs/realsense2_camera_msgs/msg/detail/extrinsics__rosidl_typesupport_introspection_c.h
[1.037s] -- Up-to-date: /home/a/ws_moveit2/install/realsense2_camera_msgs/include/realsense2_camera_msgs/realsense2_camera_msgs/msg/detail/rgbd__type_support.c
[1.037s] -- Up-to-date: /home/a/ws_moveit2/install/realsense2_camera_msgs/include/realsense2_camera_msgs/realsense2_camera_msgs/msg/detail/imu_info__type_support.c
[1.037s] -- Up-to-date: /home/a/ws_moveit2/install/realsense2_camera_msgs/include/realsense2_camera_msgs/realsense2_camera_msgs/msg/detail/metadata__rosidl_typesupport_introspection_c.h
[1.037s] -- Up-to-date: /home/a/ws_moveit2/install/realsense2_camera_msgs/include/realsense2_camera_msgs/realsense2_camera_msgs/msg/detail/rgbd__rosidl_typesupport_introspection_c.h
[1.037s] -- Up-to-date: /home/a/ws_moveit2/install/realsense2_camera_msgs/include/realsense2_camera_msgs/realsense2_camera_msgs/msg/detail/imu_info__rosidl_typesupport_introspection_c.h
[1.037s] -- Up-to-date: /home/a/ws_moveit2/install/realsense2_camera_msgs/include/realsense2_camera_msgs/realsense2_camera_msgs/action
[1.037s] -- Up-to-date: /home/a/ws_moveit2/install/realsense2_camera_msgs/include/realsense2_camera_msgs/realsense2_camera_msgs/action/detail
[1.037s] -- Up-to-date: /home/a/ws_moveit2/install/realsense2_camera_msgs/include/realsense2_camera_msgs/realsense2_camera_msgs/action/detail/triggered_calibration__type_support.c
[1.037s] -- Up-to-date: /home/a/ws_moveit2/install/realsense2_camera_msgs/include/realsense2_camera_msgs/realsense2_camera_msgs/action/detail/triggered_calibration__rosidl_typesupport_introspection_c.h
[1.037s] -- Up-to-date: /home/a/ws_moveit2/install/realsense2_camera_msgs/include/realsense2_camera_msgs/realsense2_camera_msgs/srv
[1.037s] -- Up-to-date: /home/a/ws_moveit2/install/realsense2_camera_msgs/include/realsense2_camera_msgs/realsense2_camera_msgs/srv/detail
[1.037s] -- Up-to-date: /home/a/ws_moveit2/install/realsense2_camera_msgs/include/realsense2_camera_msgs/realsense2_camera_msgs/srv/detail/safety_interface_config_write__type_support.c
[1.038s] -- Up-to-date: /home/a/ws_moveit2/install/realsense2_camera_msgs/include/realsense2_camera_msgs/realsense2_camera_msgs/srv/detail/application_config_read__type_support.c
[1.038s] -- Up-to-date: /home/a/ws_moveit2/install/realsense2_camera_msgs/include/realsense2_camera_msgs/realsense2_camera_msgs/srv/detail/safety_preset_write__type_support.c
[1.038s] -- Up-to-date: /home/a/ws_moveit2/install/realsense2_camera_msgs/include/realsense2_camera_msgs/realsense2_camera_msgs/srv/detail/safety_preset_read__type_support.c
[1.038s] -- Up-to-date: /home/a/ws_moveit2/install/realsense2_camera_msgs/include/realsense2_camera_msgs/realsense2_camera_msgs/srv/detail/calib_config_read__type_support.c
[1.038s] -- Up-to-date: /home/a/ws_moveit2/install/realsense2_camera_msgs/include/realsense2_camera_msgs/realsense2_camera_msgs/srv/detail/safety_interface_config_write__rosidl_typesupport_introspection_c.h
[1.038s] -- Up-to-date: /home/a/ws_moveit2/install/realsense2_camera_msgs/include/realsense2_camera_msgs/realsense2_camera_msgs/srv/detail/calib_config_write__rosidl_typesupport_introspection_c.h
[1.038s] -- Up-to-date: /home/a/ws_moveit2/install/realsense2_camera_msgs/include/realsense2_camera_msgs/realsense2_camera_msgs/srv/detail/hardware_monitor_command_send__rosidl_typesupport_introspection_c.h
[1.038s] -- Up-to-date: /home/a/ws_moveit2/install/realsense2_camera_msgs/include/realsense2_camera_msgs/realsense2_camera_msgs/srv/detail/application_config_write__rosidl_typesupport_introspection_c.h
[1.038s] -- Up-to-date: /home/a/ws_moveit2/install/realsense2_camera_msgs/include/realsense2_camera_msgs/realsense2_camera_msgs/srv/detail/calib_config_write__type_support.c
[1.038s] -- Up-to-date: /home/a/ws_moveit2/install/realsense2_camera_msgs/include/realsense2_camera_msgs/realsense2_camera_msgs/srv/detail/calib_config_read__rosidl_typesupport_introspection_c.h
[1.038s] -- Up-to-date: /home/a/ws_moveit2/install/realsense2_camera_msgs/include/realsense2_camera_msgs/realsense2_camera_msgs/srv/detail/safety_preset_write__rosidl_typesupport_introspection_c.h
[1.038s] -- Up-to-date: /home/a/ws_moveit2/install/realsense2_camera_msgs/include/realsense2_camera_msgs/realsense2_camera_msgs/srv/detail/safety_interface_config_read__type_support.c
[1.038s] -- Up-to-date: /home/a/ws_moveit2/install/realsense2_camera_msgs/include/realsense2_camera_msgs/realsense2_camera_msgs/srv/detail/device_info__type_support.c
[1.038s] -- Up-to-date: /home/a/ws_moveit2/install/realsense2_camera_msgs/include/realsense2_camera_msgs/realsense2_camera_msgs/srv/detail/device_info__rosidl_typesupport_introspection_c.h
[1.038s] -- Up-to-date: /home/a/ws_moveit2/install/realsense2_camera_msgs/include/realsense2_camera_msgs/realsense2_camera_msgs/srv/detail/safety_preset_read__rosidl_typesupport_introspection_c.h
[1.039s] -- Up-to-date: /home/a/ws_moveit2/install/realsense2_camera_msgs/include/realsense2_camera_msgs/realsense2_camera_msgs/srv/detail/hardware_monitor_command_send__type_support.c
[1.039s] -- Up-to-date: /home/a/ws_moveit2/install/realsense2_camera_msgs/include/realsense2_camera_msgs/realsense2_camera_msgs/srv/detail/application_config_read__rosidl_typesupport_introspection_c.h
[1.039s] -- Up-to-date: /home/a/ws_moveit2/install/realsense2_camera_msgs/include/realsense2_camera_msgs/realsense2_camera_msgs/srv/detail/application_config_write__type_support.c
[1.039s] -- Up-to-date: /home/a/ws_moveit2/install/realsense2_camera_msgs/include/realsense2_camera_msgs/realsense2_camera_msgs/srv/detail/safety_interface_config_read__rosidl_typesupport_introspection_c.h
[1.039s] -- Up-to-date: /home/a/ws_moveit2/install/realsense2_camera_msgs/lib/librealsense2_camera_msgs__rosidl_typesupport_introspection_c.so
[1.039s] -- Up-to-date: /home/a/ws_moveit2/install/realsense2_camera_msgs/lib/librealsense2_camera_msgs__rosidl_typesupport_c.so
[1.039s] -- Up-to-date: /home/a/ws_moveit2/install/realsense2_camera_msgs/include/realsense2_camera_msgs/realsense2_camera_msgs
[1.039s] -- Up-to-date: /home/a/ws_moveit2/install/realsense2_camera_msgs/include/realsense2_camera_msgs/realsense2_camera_msgs/msg
[1.039s] -- Up-to-date: /home/a/ws_moveit2/install/realsense2_camera_msgs/include/realsense2_camera_msgs/realsense2_camera_msgs/msg/metadata.hpp
[1.039s] -- Up-to-date: /home/a/ws_moveit2/install/realsense2_camera_msgs/include/realsense2_camera_msgs/realsense2_camera_msgs/msg/rosidl_generator_cpp__visibility_control.hpp
[1.039s] -- Up-to-date: /home/a/ws_moveit2/install/realsense2_camera_msgs/include/realsense2_camera_msgs/realsense2_camera_msgs/msg/imu_info.hpp
[1.039s] -- Up-to-date: /home/a/ws_moveit2/install/realsense2_camera_msgs/include/realsense2_camera_msgs/realsense2_camera_msgs/msg/extrinsics.hpp
[1.039s] -- Up-to-date: /home/a/ws_moveit2/install/realsense2_camera_msgs/include/realsense2_camera_msgs/realsense2_camera_msgs/msg/detail
[1.039s] -- Up-to-date: /home/a/ws_moveit2/install/realsense2_camera_msgs/include/realsense2_camera_msgs/realsense2_camera_msgs/msg/detail/rgbd__type_support.hpp
[1.039s] -- Up-to-date: /home/a/ws_moveit2/install/realsense2_camera_msgs/include/realsense2_camera_msgs/realsense2_camera_msgs/msg/detail/extrinsics__type_support.hpp
[1.039s] -- Up-to-date: /home/a/ws_moveit2/install/realsense2_camera_msgs/include/realsense2_camera_msgs/realsense2_camera_msgs/msg/detail/imu_info__struct.hpp
[1.039s] -- Up-to-date: /home/a/ws_moveit2/install/realsense2_camera_msgs/include/realsense2_camera_msgs/realsense2_camera_msgs/msg/detail/extrinsics__struct.hpp
[1.039s] -- Up-to-date: /home/a/ws_moveit2/install/realsense2_camera_msgs/include/realsense2_camera_msgs/realsense2_camera_msgs/msg/detail/metadata__traits.hpp
[1.039s] -- Up-to-date: /home/a/ws_moveit2/install/realsense2_camera_msgs/include/realsense2_camera_msgs/realsense2_camera_msgs/msg/detail/metadata__struct.hpp
[1.039s] -- Up-to-date: /home/a/ws_moveit2/install/realsense2_camera_msgs/include/realsense2_camera_msgs/realsense2_camera_msgs/msg/detail/rgbd__traits.hpp
[1.039s] -- Up-to-date: /home/a/ws_moveit2/install/realsense2_camera_msgs/include/realsense2_camera_msgs/realsense2_camera_msgs/msg/detail/rgbd__builder.hpp
[1.039s] -- Up-to-date: /home/a/ws_moveit2/install/realsense2_camera_msgs/include/realsense2_camera_msgs/realsense2_camera_msgs/msg/detail/rgbd__struct.hpp
[1.039s] -- Up-to-date: /home/a/ws_moveit2/install/realsense2_camera_msgs/include/realsense2_camera_msgs/realsense2_camera_msgs/msg/detail/metadata__type_support.hpp
[1.039s] -- Up-to-date: /home/a/ws_moveit2/install/realsense2_camera_msgs/include/realsense2_camera_msgs/realsense2_camera_msgs/msg/detail/extrinsics__builder.hpp
[1.039s] -- Up-to-date: /home/a/ws_moveit2/install/realsense2_camera_msgs/include/realsense2_camera_msgs/realsense2_camera_msgs/msg/detail/imu_info__traits.hpp
[1.039s] -- Up-to-date: /home/a/ws_moveit2/install/realsense2_camera_msgs/include/realsense2_camera_msgs/realsense2_camera_msgs/msg/detail/extrinsics__traits.hpp
[1.039s] -- Up-to-date: /home/a/ws_moveit2/install/realsense2_camera_msgs/include/realsense2_camera_msgs/realsense2_camera_msgs/msg/detail/metadata__builder.hpp
[1.039s] -- Up-to-date: /home/a/ws_moveit2/install/realsense2_camera_msgs/include/realsense2_camera_msgs/realsense2_camera_msgs/msg/detail/imu_info__type_support.hpp
[1.039s] -- Up-to-date: /home/a/ws_moveit2/install/realsense2_camera_msgs/include/realsense2_camera_msgs/realsense2_camera_msgs/msg/detail/imu_info__builder.hpp
[1.039s] -- Up-to-date: /home/a/ws_moveit2/install/realsense2_camera_msgs/include/realsense2_camera_msgs/realsense2_camera_msgs/msg/rgbd.hpp
[1.039s] -- Up-to-date: /home/a/ws_moveit2/install/realsense2_camera_msgs/include/realsense2_camera_msgs/realsense2_camera_msgs/action
[1.039s] -- Up-to-date: /home/a/ws_moveit2/install/realsense2_camera_msgs/include/realsense2_camera_msgs/realsense2_camera_msgs/action/triggered_calibration.hpp
[1.039s] -- Up-to-date: /home/a/ws_moveit2/install/realsense2_camera_msgs/include/realsense2_camera_msgs/realsense2_camera_msgs/action/detail
[1.039s] -- Up-to-date: /home/a/ws_moveit2/install/realsense2_camera_msgs/include/realsense2_camera_msgs/realsense2_camera_msgs/action/detail/triggered_calibration__struct.hpp
[1.040s] -- Up-to-date: /home/a/ws_moveit2/install/realsense2_camera_msgs/include/realsense2_camera_msgs/realsense2_camera_msgs/action/detail/triggered_calibration__traits.hpp
[1.040s] -- Up-to-date: /home/a/ws_moveit2/install/realsense2_camera_msgs/include/realsense2_camera_msgs/realsense2_camera_msgs/action/detail/triggered_calibration__type_support.hpp
[1.042s] -- Up-to-date: /home/a/ws_moveit2/install/realsense2_camera_msgs/include/realsense2_camera_msgs/realsense2_camera_msgs/action/detail/triggered_calibration__builder.hpp
[1.042s] -- Up-to-date: /home/a/ws_moveit2/install/realsense2_camera_msgs/include/realsense2_camera_msgs/realsense2_camera_msgs/srv
[1.042s] -- Up-to-date: /home/a/ws_moveit2/install/realsense2_camera_msgs/include/realsense2_camera_msgs/realsense2_camera_msgs/srv/application_config_read.hpp
[1.042s] -- Up-to-date: /home/a/ws_moveit2/install/realsense2_camera_msgs/include/realsense2_camera_msgs/realsense2_camera_msgs/srv/safety_preset_write.hpp
[1.042s] -- Up-to-date: /home/a/ws_moveit2/install/realsense2_camera_msgs/include/realsense2_camera_msgs/realsense2_camera_msgs/srv/calib_config_read.hpp
[1.042s] -- Up-to-date: /home/a/ws_moveit2/install/realsense2_camera_msgs/include/realsense2_camera_msgs/realsense2_camera_msgs/srv/hardware_monitor_command_send.hpp
[1.042s] -- Up-to-date: /home/a/ws_moveit2/install/realsense2_camera_msgs/include/realsense2_camera_msgs/realsense2_camera_msgs/srv/safety_preset_read.hpp
[1.042s] -- Up-to-date: /home/a/ws_moveit2/install/realsense2_camera_msgs/include/realsense2_camera_msgs/realsense2_camera_msgs/srv/calib_config_write.hpp
[1.042s] -- Up-to-date: /home/a/ws_moveit2/install/realsense2_camera_msgs/include/realsense2_camera_msgs/realsense2_camera_msgs/srv/device_info.hpp
[1.042s] -- Up-to-date: /home/a/ws_moveit2/install/realsense2_camera_msgs/include/realsense2_camera_msgs/realsense2_camera_msgs/srv/safety_interface_config_write.hpp
[1.042s] -- Up-to-date: /home/a/ws_moveit2/install/realsense2_camera_msgs/include/realsense2_camera_msgs/realsense2_camera_msgs/srv/safety_interface_config_read.hpp
[1.042s] -- Up-to-date: /home/a/ws_moveit2/install/realsense2_camera_msgs/include/realsense2_camera_msgs/realsense2_camera_msgs/srv/detail
[1.042s] -- Up-to-date: /home/a/ws_moveit2/install/realsense2_camera_msgs/include/realsense2_camera_msgs/realsense2_camera_msgs/srv/detail/calib_config_write__builder.hpp
[1.042s] -- Up-to-date: /home/a/ws_moveit2/install/realsense2_camera_msgs/include/realsense2_camera_msgs/realsense2_camera_msgs/srv/detail/calib_config_write__struct.hpp
[1.042s] -- Up-to-date: /home/a/ws_moveit2/install/realsense2_camera_msgs/include/realsense2_camera_msgs/realsense2_camera_msgs/srv/detail/device_info__type_support.hpp
[1.042s] -- Up-to-date: /home/a/ws_moveit2/install/realsense2_camera_msgs/include/realsense2_camera_msgs/realsense2_camera_msgs/srv/detail/safety_preset_write__struct.hpp
[1.042s] -- Up-to-date: /home/a/ws_moveit2/install/realsense2_camera_msgs/include/realsense2_camera_msgs/realsense2_camera_msgs/srv/detail/calib_config_write__type_support.hpp
[1.042s] -- Up-to-date: /home/a/ws_moveit2/install/realsense2_camera_msgs/include/realsense2_camera_msgs/realsense2_camera_msgs/srv/detail/application_config_write__type_support.hpp
[1.042s] -- Up-to-date: /home/a/ws_moveit2/install/realsense2_camera_msgs/include/realsense2_camera_msgs/realsense2_camera_msgs/srv/detail/safety_interface_config_read__struct.hpp
[1.042s] -- Up-to-date: /home/a/ws_moveit2/install/realsense2_camera_msgs/include/realsense2_camera_msgs/realsense2_camera_msgs/srv/detail/safety_interface_config_write__traits.hpp
[1.042s] -- Up-to-date: /home/a/ws_moveit2/install/realsense2_camera_msgs/include/realsense2_camera_msgs/realsense2_camera_msgs/srv/detail/device_info__struct.hpp
[1.042s] -- Up-to-date: /home/a/ws_moveit2/install/realsense2_camera_msgs/include/realsense2_camera_msgs/realsense2_camera_msgs/srv/detail/safety_interface_config_read__builder.hpp
[1.042s] -- Up-to-date: /home/a/ws_moveit2/install/realsense2_camera_msgs/include/realsense2_camera_msgs/realsense2_camera_msgs/srv/detail/calib_config_write__traits.hpp
[1.042s] -- Up-to-date: /home/a/ws_moveit2/install/realsense2_camera_msgs/include/realsense2_camera_msgs/realsense2_camera_msgs/srv/detail/hardware_monitor_command_send__type_support.hpp
[1.042s] -- Up-to-date: /home/a/ws_moveit2/install/realsense2_camera_msgs/include/realsense2_camera_msgs/realsense2_camera_msgs/srv/detail/safety_interface_config_read__type_support.hpp
[1.042s] -- Up-to-date: /home/a/ws_moveit2/install/realsense2_camera_msgs/include/realsense2_camera_msgs/realsense2_camera_msgs/srv/detail/application_config_write__traits.hpp
[1.047s] -- Up-to-date: /home/a/ws_moveit2/install/realsense2_camera_msgs/include/realsense2_camera_msgs/realsense2_camera_msgs/srv/detail/application_config_read__builder.hpp
[1.048s] -- Up-to-date: /home/a/ws_moveit2/install/realsense2_camera_msgs/include/realsense2_camera_msgs/realsense2_camera_msgs/srv/detail/calib_config_read__struct.hpp
[1.048s] -- Up-to-date: /home/a/ws_moveit2/install/realsense2_camera_msgs/include/realsense2_camera_msgs/realsense2_camera_msgs/srv/detail/device_info__traits.hpp
[1.048s] -- Up-to-date: /home/a/ws_moveit2/install/realsense2_camera_msgs/include/realsense2_camera_msgs/realsense2_camera_msgs/srv/detail/safety_preset_read__type_support.hpp
[1.048s] -- Up-to-date: /home/a/ws_moveit2/install/realsense2_camera_msgs/include/realsense2_camera_msgs/realsense2_camera_msgs/srv/detail/calib_config_read__traits.hpp
[1.048s] -- Up-to-date: /home/a/ws_moveit2/install/realsense2_camera_msgs/include/realsense2_camera_msgs/realsense2_camera_msgs/srv/detail/application_config_read__struct.hpp
[1.048s] -- Up-to-date: /home/a/ws_moveit2/install/realsense2_camera_msgs/include/realsense2_camera_msgs/realsense2_camera_msgs/srv/detail/safety_preset_write__type_support.hpp
[1.048s] -- Up-to-date: /home/a/ws_moveit2/install/realsense2_camera_msgs/include/realsense2_camera_msgs/realsense2_camera_msgs/srv/detail/hardware_monitor_command_send__struct.hpp
[1.048s] -- Up-to-date: /home/a/ws_moveit2/install/realsense2_camera_msgs/include/realsense2_camera_msgs/realsense2_camera_msgs/srv/detail/safety_preset_write__builder.hpp
[1.048s] -- Up-to-date: /home/a/ws_moveit2/install/realsense2_camera_msgs/include/realsense2_camera_msgs/realsense2_camera_msgs/srv/detail/safety_preset_read__builder.hpp
[1.048s] -- Up-to-date: /home/a/ws_moveit2/install/realsense2_camera_msgs/include/realsense2_camera_msgs/realsense2_camera_msgs/srv/detail/safety_interface_config_write__builder.hpp
[1.048s] -- Up-to-date: /home/a/ws_moveit2/install/realsense2_camera_msgs/include/realsense2_camera_msgs/realsense2_camera_msgs/srv/detail/calib_config_read__type_support.hpp
[1.048s] -- Up-to-date: /home/a/ws_moveit2/install/realsense2_camera_msgs/include/realsense2_camera_msgs/realsense2_camera_msgs/srv/detail/safety_preset_read__traits.hpp
[1.048s] -- Up-to-date: /home/a/ws_moveit2/install/realsense2_camera_msgs/include/realsense2_camera_msgs/realsense2_camera_msgs/srv/detail/application_config_read__traits.hpp
[1.048s] -- Up-to-date: /home/a/ws_moveit2/install/realsense2_camera_msgs/include/realsense2_camera_msgs/realsense2_camera_msgs/srv/detail/safety_preset_read__struct.hpp
[1.048s] -- Up-to-date: /home/a/ws_moveit2/install/realsense2_camera_msgs/include/realsense2_camera_msgs/realsense2_camera_msgs/srv/detail/safety_interface_config_write__struct.hpp
[1.048s] -- Up-to-date: /home/a/ws_moveit2/install/realsense2_camera_msgs/include/realsense2_camera_msgs/realsense2_camera_msgs/srv/detail/hardware_monitor_command_send__builder.hpp
[1.048s] -- Up-to-date: /home/a/ws_moveit2/install/realsense2_camera_msgs/include/realsense2_camera_msgs/realsense2_camera_msgs/srv/detail/application_config_write__struct.hpp
[1.048s] -- Up-to-date: /home/a/ws_moveit2/install/realsense2_camera_msgs/include/realsense2_camera_msgs/realsense2_camera_msgs/srv/detail/device_info__builder.hpp
[1.048s] -- Up-to-date: /home/a/ws_moveit2/install/realsense2_camera_msgs/include/realsense2_camera_msgs/realsense2_camera_msgs/srv/detail/safety_interface_config_write__type_support.hpp
[1.048s] -- Up-to-date: /home/a/ws_moveit2/install/realsense2_camera_msgs/include/realsense2_camera_msgs/realsense2_camera_msgs/srv/detail/safety_interface_config_read__traits.hpp
[1.048s] -- Up-to-date: /home/a/ws_moveit2/install/realsense2_camera_msgs/include/realsense2_camera_msgs/realsense2_camera_msgs/srv/detail/safety_preset_write__traits.hpp
[1.048s] -- Up-to-date: /home/a/ws_moveit2/install/realsense2_camera_msgs/include/realsense2_camera_msgs/realsense2_camera_msgs/srv/detail/hardware_monitor_command_send__traits.hpp
[1.048s] -- Up-to-date: /home/a/ws_moveit2/install/realsense2_camera_msgs/include/realsense2_camera_msgs/realsense2_camera_msgs/srv/detail/calib_config_read__builder.hpp
[1.050s] -- Up-to-date: /home/a/ws_moveit2/install/realsense2_camera_msgs/include/realsense2_camera_msgs/realsense2_camera_msgs/srv/detail/application_config_write__builder.hpp
[1.050s] -- Up-to-date: /home/a/ws_moveit2/install/realsense2_camera_msgs/include/realsense2_camera_msgs/realsense2_camera_msgs/srv/detail/application_config_read__type_support.hpp
[1.050s] -- Up-to-date: /home/a/ws_moveit2/install/realsense2_camera_msgs/include/realsense2_camera_msgs/realsense2_camera_msgs/srv/application_config_write.hpp
[1.050s] -- Up-to-date: /home/a/ws_moveit2/install/realsense2_camera_msgs/include/realsense2_camera_msgs/realsense2_camera_msgs
[1.050s] -- Up-to-date: /home/a/ws_moveit2/install/realsense2_camera_msgs/include/realsense2_camera_msgs/realsense2_camera_msgs/msg
[1.050s] -- Up-to-date: /home/a/ws_moveit2/install/realsense2_camera_msgs/include/realsense2_camera_msgs/realsense2_camera_msgs/msg/detail
[1.050s] -- Up-to-date: /home/a/ws_moveit2/install/realsense2_camera_msgs/include/realsense2_camera_msgs/realsense2_camera_msgs/msg/detail/metadata__rosidl_typesupport_fastrtps_cpp.hpp
[1.050s] -- Up-to-date: /home/a/ws_moveit2/install/realsense2_camera_msgs/include/realsense2_camera_msgs/realsense2_camera_msgs/msg/detail/extrinsics__rosidl_typesupport_fastrtps_cpp.hpp
[1.050s] -- Up-to-date: /home/a/ws_moveit2/install/realsense2_camera_msgs/include/realsense2_camera_msgs/realsense2_camera_msgs/msg/detail/imu_info__rosidl_typesupport_fastrtps_cpp.hpp
[1.050s] -- Up-to-date: /home/a/ws_moveit2/install/realsense2_camera_msgs/include/realsense2_camera_msgs/realsense2_camera_msgs/msg/detail/dds_fastrtps
[1.050s] -- Up-to-date: /home/a/ws_moveit2/install/realsense2_camera_msgs/include/realsense2_camera_msgs/realsense2_camera_msgs/msg/detail/rgbd__rosidl_typesupport_fastrtps_cpp.hpp
[1.050s] -- Up-to-date: /home/a/ws_moveit2/install/realsense2_camera_msgs/include/realsense2_camera_msgs/realsense2_camera_msgs/msg/rosidl_typesupport_fastrtps_cpp__visibility_control.h
[1.050s] -- Up-to-date: /home/a/ws_moveit2/install/realsense2_camera_msgs/include/realsense2_camera_msgs/realsense2_camera_msgs/action
[1.050s] -- Up-to-date: /home/a/ws_moveit2/install/realsense2_camera_msgs/include/realsense2_camera_msgs/realsense2_camera_msgs/action/detail
[1.050s] -- Up-to-date: /home/a/ws_moveit2/install/realsense2_camera_msgs/include/realsense2_camera_msgs/realsense2_camera_msgs/action/detail/triggered_calibration__rosidl_typesupport_fastrtps_cpp.hpp
[1.050s] -- Up-to-date: /home/a/ws_moveit2/install/realsense2_camera_msgs/include/realsense2_camera_msgs/realsense2_camera_msgs/action/detail/dds_fastrtps
[1.050s] -- Up-to-date: /home/a/ws_moveit2/install/realsense2_camera_msgs/include/realsense2_camera_msgs/realsense2_camera_msgs/srv
[1.050s] -- Up-to-date: /home/a/ws_moveit2/install/realsense2_camera_msgs/include/realsense2_camera_msgs/realsense2_camera_msgs/srv/detail
[1.050s] -- Up-to-date: /home/a/ws_moveit2/install/realsense2_camera_msgs/include/realsense2_camera_msgs/realsense2_camera_msgs/srv/detail/device_info__rosidl_typesupport_fastrtps_cpp.hpp
[1.050s] -- Up-to-date: /home/a/ws_moveit2/install/realsense2_camera_msgs/include/realsense2_camera_msgs/realsense2_camera_msgs/srv/detail/safety_preset_write__rosidl_typesupport_fastrtps_cpp.hpp
[1.050s] -- Up-to-date: /home/a/ws_moveit2/install/realsense2_camera_msgs/include/realsense2_camera_msgs/realsense2_camera_msgs/srv/detail/calib_config_write__rosidl_typesupport_fastrtps_cpp.hpp
[1.051s] -- Up-to-date: /home/a/ws_moveit2/install/realsense2_camera_msgs/include/realsense2_camera_msgs/realsense2_camera_msgs/srv/detail/application_config_read__rosidl_typesupport_fastrtps_cpp.hpp
[1.051s] -- Up-to-date: /home/a/ws_moveit2/install/realsense2_camera_msgs/include/realsense2_camera_msgs/realsense2_camera_msgs/srv/detail/calib_config_read__rosidl_typesupport_fastrtps_cpp.hpp
[1.051s] -- Up-to-date: /home/a/ws_moveit2/install/realsense2_camera_msgs/include/realsense2_camera_msgs/realsense2_camera_msgs/srv/detail/safety_preset_read__rosidl_typesupport_fastrtps_cpp.hpp
[1.051s] -- Up-to-date: /home/a/ws_moveit2/install/realsense2_camera_msgs/include/realsense2_camera_msgs/realsense2_camera_msgs/srv/detail/hardware_monitor_command_send__rosidl_typesupport_fastrtps_cpp.hpp
[1.054s] -- Up-to-date: /home/a/ws_moveit2/install/realsense2_camera_msgs/include/realsense2_camera_msgs/realsense2_camera_msgs/srv/detail/safety_interface_config_write__rosidl_typesupport_fastrtps_cpp.hpp
[1.054s] -- Up-to-date: /home/a/ws_moveit2/install/realsense2_camera_msgs/include/realsense2_camera_msgs/realsense2_camera_msgs/srv/detail/safety_interface_config_read__rosidl_typesupport_fastrtps_cpp.hpp
[1.054s] -- Up-to-date: /home/a/ws_moveit2/install/realsense2_camera_msgs/include/realsense2_camera_msgs/realsense2_camera_msgs/srv/detail/dds_fastrtps
[1.054s] -- Up-to-date: /home/a/ws_moveit2/install/realsense2_camera_msgs/include/realsense2_camera_msgs/realsense2_camera_msgs/srv/detail/application_config_write__rosidl_typesupport_fastrtps_cpp.hpp
[1.054s] -- Up-to-date: /home/a/ws_moveit2/install/realsense2_camera_msgs/lib/librealsense2_camera_msgs__rosidl_typesupport_fastrtps_cpp.so
[1.054s] -- Up-to-date: /home/a/ws_moveit2/install/realsense2_camera_msgs/include/realsense2_camera_msgs/realsense2_camera_msgs
[1.054s] -- Up-to-date: /home/a/ws_moveit2/install/realsense2_camera_msgs/include/realsense2_camera_msgs/realsense2_camera_msgs/msg
[1.054s] -- Up-to-date: /home/a/ws_moveit2/install/realsense2_camera_msgs/include/realsense2_camera_msgs/realsense2_camera_msgs/msg/detail
[1.054s] -- Up-to-date: /home/a/ws_moveit2/install/realsense2_camera_msgs/include/realsense2_camera_msgs/realsense2_camera_msgs/msg/detail/metadata__type_support.cpp
[1.054s] -- Up-to-date: /home/a/ws_moveit2/install/realsense2_camera_msgs/include/realsense2_camera_msgs/realsense2_camera_msgs/msg/detail/metadata__rosidl_typesupport_introspection_cpp.hpp
[1.054s] -- Up-to-date: /home/a/ws_moveit2/install/realsense2_camera_msgs/include/realsense2_camera_msgs/realsense2_camera_msgs/msg/detail/rgbd__rosidl_typesupport_introspection_cpp.hpp
[1.054s] -- Up-to-date: /home/a/ws_moveit2/install/realsense2_camera_msgs/include/realsense2_camera_msgs/realsense2_camera_msgs/msg/detail/extrinsics__rosidl_typesupport_introspection_cpp.hpp
[1.054s] -- Up-to-date: /home/a/ws_moveit2/install/realsense2_camera_msgs/include/realsense2_camera_msgs/realsense2_camera_msgs/msg/detail/rgbd__type_support.cpp
[1.054s] -- Up-to-date: /home/a/ws_moveit2/install/realsense2_camera_msgs/include/realsense2_camera_msgs/realsense2_camera_msgs/msg/detail/imu_info__type_support.cpp
[1.054s] -- Up-to-date: /home/a/ws_moveit2/install/realsense2_camera_msgs/include/realsense2_camera_msgs/realsense2_camera_msgs/msg/detail/extrinsics__type_support.cpp
[1.055s] -- Up-to-date: /home/a/ws_moveit2/install/realsense2_camera_msgs/include/realsense2_camera_msgs/realsense2_camera_msgs/msg/detail/imu_info__rosidl_typesupport_introspection_cpp.hpp
[1.055s] -- Up-to-date: /home/a/ws_moveit2/install/realsense2_camera_msgs/include/realsense2_camera_msgs/realsense2_camera_msgs/action
[1.055s] -- Up-to-date: /home/a/ws_moveit2/install/realsense2_camera_msgs/include/realsense2_camera_msgs/realsense2_camera_msgs/action/detail
[1.055s] -- Up-to-date: /home/a/ws_moveit2/install/realsense2_camera_msgs/include/realsense2_camera_msgs/realsense2_camera_msgs/action/detail/triggered_calibration__type_support.cpp
[1.055s] -- Up-to-date: /home/a/ws_moveit2/install/realsense2_camera_msgs/include/realsense2_camera_msgs/realsense2_camera_msgs/action/detail/triggered_calibration__rosidl_typesupport_introspection_cpp.hpp
[1.055s] -- Up-to-date: /home/a/ws_moveit2/install/realsense2_camera_msgs/include/realsense2_camera_msgs/realsense2_camera_msgs/srv
[1.055s] -- Up-to-date: /home/a/ws_moveit2/install/realsense2_camera_msgs/include/realsense2_camera_msgs/realsense2_camera_msgs/srv/detail
[1.055s] -- Up-to-date: /home/a/ws_moveit2/install/realsense2_camera_msgs/include/realsense2_camera_msgs/realsense2_camera_msgs/srv/detail/application_config_write__type_support.cpp
[1.055s] -- Up-to-date: /home/a/ws_moveit2/install/realsense2_camera_msgs/include/realsense2_camera_msgs/realsense2_camera_msgs/srv/detail/safety_interface_config_write__rosidl_typesupport_introspection_cpp.hpp
[1.055s] -- Up-to-date: /home/a/ws_moveit2/install/realsense2_camera_msgs/include/realsense2_camera_msgs/realsense2_camera_msgs/srv/detail/safety_preset_read__type_support.cpp
[1.055s] -- Up-to-date: /home/a/ws_moveit2/install/realsense2_camera_msgs/include/realsense2_camera_msgs/realsense2_camera_msgs/srv/detail/application_config_read__type_support.cpp
[1.055s] -- Up-to-date: /home/a/ws_moveit2/install/realsense2_camera_msgs/include/realsense2_camera_msgs/realsense2_camera_msgs/srv/detail/safety_preset_read__rosidl_typesupport_introspection_cpp.hpp
[1.055s] -- Up-to-date: /home/a/ws_moveit2/install/realsense2_camera_msgs/include/realsense2_camera_msgs/realsense2_camera_msgs/srv/detail/application_config_write__rosidl_typesupport_introspection_cpp.hpp
[1.055s] -- Up-to-date: /home/a/ws_moveit2/install/realsense2_camera_msgs/include/realsense2_camera_msgs/realsense2_camera_msgs/srv/detail/calib_config_write__type_support.cpp
[1.055s] -- Up-to-date: /home/a/ws_moveit2/install/realsense2_camera_msgs/include/realsense2_camera_msgs/realsense2_camera_msgs/srv/detail/hardware_monitor_command_send__rosidl_typesupport_introspection_cpp.hpp
[1.055s] -- Up-to-date: /home/a/ws_moveit2/install/realsense2_camera_msgs/include/realsense2_camera_msgs/realsense2_camera_msgs/srv/detail/calib_config_write__rosidl_typesupport_introspection_cpp.hpp
[1.055s] -- Up-to-date: /home/a/ws_moveit2/install/realsense2_camera_msgs/include/realsense2_camera_msgs/realsense2_camera_msgs/srv/detail/device_info__type_support.cpp
[1.055s] -- Up-to-date: /home/a/ws_moveit2/install/realsense2_camera_msgs/include/realsense2_camera_msgs/realsense2_camera_msgs/srv/detail/device_info__rosidl_typesupport_introspection_cpp.hpp
[1.055s] -- Up-to-date: /home/a/ws_moveit2/install/realsense2_camera_msgs/include/realsense2_camera_msgs/realsense2_camera_msgs/srv/detail/application_config_read__rosidl_typesupport_introspection_cpp.hpp
[1.055s] -- Up-to-date: /home/a/ws_moveit2/install/realsense2_camera_msgs/include/realsense2_camera_msgs/realsense2_camera_msgs/srv/detail/safety_interface_config_read__rosidl_typesupport_introspection_cpp.hpp
[1.055s] -- Up-to-date: /home/a/ws_moveit2/install/realsense2_camera_msgs/include/realsense2_camera_msgs/realsense2_camera_msgs/srv/detail/safety_interface_config_write__type_support.cpp
[1.055s] -- Up-to-date: /home/a/ws_moveit2/install/realsense2_camera_msgs/include/realsense2_camera_msgs/realsense2_camera_msgs/srv/detail/safety_preset_write__type_support.cpp
[1.055s] -- Up-to-date: /home/a/ws_moveit2/install/realsense2_camera_msgs/include/realsense2_camera_msgs/realsense2_camera_msgs/srv/detail/safety_preset_write__rosidl_typesupport_introspection_cpp.hpp
[1.055s] -- Up-to-date: /home/a/ws_moveit2/install/realsense2_camera_msgs/include/realsense2_camera_msgs/realsense2_camera_msgs/srv/detail/safety_interface_config_read__type_support.cpp
[1.055s] -- Up-to-date: /home/a/ws_moveit2/install/realsense2_camera_msgs/include/realsense2_camera_msgs/realsense2_camera_msgs/srv/detail/calib_config_read__type_support.cpp
[1.055s] -- Up-to-date: /home/a/ws_moveit2/install/realsense2_camera_msgs/include/realsense2_camera_msgs/realsense2_camera_msgs/srv/detail/hardware_monitor_command_send__type_support.cpp
[1.055s] -- Up-to-date: /home/a/ws_moveit2/install/realsense2_camera_msgs/include/realsense2_camera_msgs/realsense2_camera_msgs/srv/detail/calib_config_read__rosidl_typesupport_introspection_cpp.hpp
[1.055s] -- Up-to-date: /home/a/ws_moveit2/install/realsense2_camera_msgs/lib/librealsense2_camera_msgs__rosidl_typesupport_introspection_cpp.so
[1.055s] -- Up-to-date: /home/a/ws_moveit2/install/realsense2_camera_msgs/lib/librealsense2_camera_msgs__rosidl_typesupport_cpp.so
[1.056s] -- Up-to-date: /home/a/ws_moveit2/install/realsense2_camera_msgs/share/realsense2_camera_msgs/environment/pythonpath.sh
[1.056s] -- Up-to-date: /home/a/ws_moveit2/install/realsense2_camera_msgs/share/realsense2_camera_msgs/environment/pythonpath.dsv
[1.056s] -- Up-to-date: /home/a/ws_moveit2/install/realsense2_camera_msgs/local/lib/python3.10/dist-packages/realsense2_camera_msgs-4.55.1-py3.10.egg-info
[1.056s] -- Installing: /home/a/ws_moveit2/install/realsense2_camera_msgs/local/lib/python3.10/dist-packages/realsense2_camera_msgs-4.55.1-py3.10.egg-info/top_level.txt
[1.056s] -- Installing: /home/a/ws_moveit2/install/realsense2_camera_msgs/local/lib/python3.10/dist-packages/realsense2_camera_msgs-4.55.1-py3.10.egg-info/SOURCES.txt
[1.056s] -- Installing: /home/a/ws_moveit2/install/realsense2_camera_msgs/local/lib/python3.10/dist-packages/realsense2_camera_msgs-4.55.1-py3.10.egg-info/PKG-INFO
[1.056s] -- Installing: /home/a/ws_moveit2/install/realsense2_camera_msgs/local/lib/python3.10/dist-packages/realsense2_camera_msgs-4.55.1-py3.10.egg-info/dependency_links.txt
[1.056s] -- Up-to-date: /home/a/ws_moveit2/install/realsense2_camera_msgs/local/lib/python3.10/dist-packages/realsense2_camera_msgs
[1.056s] -- Up-to-date: /home/a/ws_moveit2/install/realsense2_camera_msgs/local/lib/python3.10/dist-packages/realsense2_camera_msgs/_realsense2_camera_msgs_s.ep.rosidl_typesupport_c.c
[1.056s] -- Up-to-date: /home/a/ws_moveit2/install/realsense2_camera_msgs/local/lib/python3.10/dist-packages/realsense2_camera_msgs/msg
[1.056s] -- Up-to-date: /home/a/ws_moveit2/install/realsense2_camera_msgs/local/lib/python3.10/dist-packages/realsense2_camera_msgs/msg/_extrinsics_s.c
[1.057s] -- Up-to-date: /home/a/ws_moveit2/install/realsense2_camera_msgs/local/lib/python3.10/dist-packages/realsense2_camera_msgs/msg/_imu_info_s.c
[1.057s] -- Up-to-date: /home/a/ws_moveit2/install/realsense2_camera_msgs/local/lib/python3.10/dist-packages/realsense2_camera_msgs/msg/_metadata.py
[1.057s] -- Up-to-date: /home/a/ws_moveit2/install/realsense2_camera_msgs/local/lib/python3.10/dist-packages/realsense2_camera_msgs/msg/_rgbd_s.c
[1.057s] -- Up-to-date: /home/a/ws_moveit2/install/realsense2_camera_msgs/local/lib/python3.10/dist-packages/realsense2_camera_msgs/msg/_metadata_s.c
[1.057s] -- Up-to-date: /home/a/ws_moveit2/install/realsense2_camera_msgs/local/lib/python3.10/dist-packages/realsense2_camera_msgs/msg/__init__.py
[1.057s] -- Up-to-date: /home/a/ws_moveit2/install/realsense2_camera_msgs/local/lib/python3.10/dist-packages/realsense2_camera_msgs/msg/_extrinsics.py
[1.057s] -- Up-to-date: /home/a/ws_moveit2/install/realsense2_camera_msgs/local/lib/python3.10/dist-packages/realsense2_camera_msgs/msg/_imu_info.py
[1.057s] -- Up-to-date: /home/a/ws_moveit2/install/realsense2_camera_msgs/local/lib/python3.10/dist-packages/realsense2_camera_msgs/msg/_rgbd.py
[1.057s] -- Up-to-date: /home/a/ws_moveit2/install/realsense2_camera_msgs/local/lib/python3.10/dist-packages/realsense2_camera_msgs/realsense2_camera_msgs_s__rosidl_typesupport_introspection_c.cpython-310-x86_64-linux-gnu.so
[1.057s] -- Up-to-date: /home/a/ws_moveit2/install/realsense2_camera_msgs/local/lib/python3.10/dist-packages/realsense2_camera_msgs/_realsense2_camera_msgs_s.ep.rosidl_typesupport_fastrtps_c.c
[1.057s] -- Up-to-date: /home/a/ws_moveit2/install/realsense2_camera_msgs/local/lib/python3.10/dist-packages/realsense2_camera_msgs/librealsense2_camera_msgs__rosidl_generator_py.so
[1.057s] -- Up-to-date: /home/a/ws_moveit2/install/realsense2_camera_msgs/local/lib/python3.10/dist-packages/realsense2_camera_msgs/__init__.py
[1.057s] -- Up-to-date: /home/a/ws_moveit2/install/realsense2_camera_msgs/local/lib/python3.10/dist-packages/realsense2_camera_msgs/realsense2_camera_msgs_s__rosidl_typesupport_fastrtps_c.cpython-310-x86_64-linux-gnu.so
[1.057s] -- Up-to-date: /home/a/ws_moveit2/install/realsense2_camera_msgs/local/lib/python3.10/dist-packages/realsense2_camera_msgs/action
[1.057s] -- Up-to-date: /home/a/ws_moveit2/install/realsense2_camera_msgs/local/lib/python3.10/dist-packages/realsense2_camera_msgs/action/_triggered_calibration.py
[1.057s] -- Up-to-date: /home/a/ws_moveit2/install/realsense2_camera_msgs/local/lib/python3.10/dist-packages/realsense2_camera_msgs/action/__init__.py
[1.057s] -- Up-to-date: /home/a/ws_moveit2/install/realsense2_camera_msgs/local/lib/python3.10/dist-packages/realsense2_camera_msgs/action/_triggered_calibration_s.c
[1.057s] -- Up-to-date: /home/a/ws_moveit2/install/realsense2_camera_msgs/local/lib/python3.10/dist-packages/realsense2_camera_msgs/_realsense2_camera_msgs_s.ep.rosidl_typesupport_introspection_c.c
[1.057s] -- Up-to-date: /home/a/ws_moveit2/install/realsense2_camera_msgs/local/lib/python3.10/dist-packages/realsense2_camera_msgs/realsense2_camera_msgs_s__rosidl_typesupport_c.cpython-310-x86_64-linux-gnu.so
[1.057s] -- Up-to-date: /home/a/ws_moveit2/install/realsense2_camera_msgs/local/lib/python3.10/dist-packages/realsense2_camera_msgs/srv
[1.057s] -- Up-to-date: /home/a/ws_moveit2/install/realsense2_camera_msgs/local/lib/python3.10/dist-packages/realsense2_camera_msgs/srv/_safety_interface_config_write.py
[1.058s] -- Up-to-date: /home/a/ws_moveit2/install/realsense2_camera_msgs/local/lib/python3.10/dist-packages/realsense2_camera_msgs/srv/_calib_config_read_s.c
[1.058s] -- Up-to-date: /home/a/ws_moveit2/install/realsense2_camera_msgs/local/lib/python3.10/dist-packages/realsense2_camera_msgs/srv/_hardware_monitor_command_send.py
[1.058s] -- Up-to-date: /home/a/ws_moveit2/install/realsense2_camera_msgs/local/lib/python3.10/dist-packages/realsense2_camera_msgs/srv/_safety_interface_config_write_s.c
[1.058s] -- Up-to-date: /home/a/ws_moveit2/install/realsense2_camera_msgs/local/lib/python3.10/dist-packages/realsense2_camera_msgs/srv/_safety_preset_write_s.c
[1.058s] -- Up-to-date: /home/a/ws_moveit2/install/realsense2_camera_msgs/local/lib/python3.10/dist-packages/realsense2_camera_msgs/srv/_device_info.py
[1.058s] -- Up-to-date: /home/a/ws_moveit2/install/realsense2_camera_msgs/local/lib/python3.10/dist-packages/realsense2_camera_msgs/srv/_safety_preset_read.py
[1.058s] -- Up-to-date: /home/a/ws_moveit2/install/realsense2_camera_msgs/local/lib/python3.10/dist-packages/realsense2_camera_msgs/srv/_application_config_read_s.c
[1.058s] -- Up-to-date: /home/a/ws_moveit2/install/realsense2_camera_msgs/local/lib/python3.10/dist-packages/realsense2_camera_msgs/srv/_application_config_read.py
[1.058s] -- Up-to-date: /home/a/ws_moveit2/install/realsense2_camera_msgs/local/lib/python3.10/dist-packages/realsense2_camera_msgs/srv/_hardware_monitor_command_send_s.c
[1.058s] -- Up-to-date: /home/a/ws_moveit2/install/realsense2_camera_msgs/local/lib/python3.10/dist-packages/realsense2_camera_msgs/srv/_calib_config_write_s.c
[1.058s] -- Up-to-date: /home/a/ws_moveit2/install/realsense2_camera_msgs/local/lib/python3.10/dist-packages/realsense2_camera_msgs/srv/_safety_interface_config_read_s.c
[1.058s] -- Up-to-date: /home/a/ws_moveit2/install/realsense2_camera_msgs/local/lib/python3.10/dist-packages/realsense2_camera_msgs/srv/__init__.py
[1.058s] -- Up-to-date: /home/a/ws_moveit2/install/realsense2_camera_msgs/local/lib/python3.10/dist-packages/realsense2_camera_msgs/srv/_safety_preset_read_s.c
[1.058s] -- Up-to-date: /home/a/ws_moveit2/install/realsense2_camera_msgs/local/lib/python3.10/dist-packages/realsense2_camera_msgs/srv/_application_config_write.py
[1.058s] -- Up-to-date: /home/a/ws_moveit2/install/realsense2_camera_msgs/local/lib/python3.10/dist-packages/realsense2_camera_msgs/srv/_calib_config_write.py
[1.058s] -- Up-to-date: /home/a/ws_moveit2/install/realsense2_camera_msgs/local/lib/python3.10/dist-packages/realsense2_camera_msgs/srv/_application_config_write_s.c
[1.058s] -- Up-to-date: /home/a/ws_moveit2/install/realsense2_camera_msgs/local/lib/python3.10/dist-packages/realsense2_camera_msgs/srv/_safety_interface_config_read.py
[1.058s] -- Up-to-date: /home/a/ws_moveit2/install/realsense2_camera_msgs/local/lib/python3.10/dist-packages/realsense2_camera_msgs/srv/_device_info_s.c
[1.058s] -- Up-to-date: /home/a/ws_moveit2/install/realsense2_camera_msgs/local/lib/python3.10/dist-packages/realsense2_camera_msgs/srv/_safety_preset_write.py
[1.058s] -- Up-to-date: /home/a/ws_moveit2/install/realsense2_camera_msgs/local/lib/python3.10/dist-packages/realsense2_camera_msgs/srv/_calib_config_read.py
[1.063s] Listing '/home/a/ws_moveit2/install/realsense2_camera_msgs/local/lib/python3.10/dist-packages/realsense2_camera_msgs'...
[1.064s] Listing '/home/a/ws_moveit2/install/realsense2_camera_msgs/local/lib/python3.10/dist-packages/realsense2_camera_msgs/action'...
[1.064s] Listing '/home/a/ws_moveit2/install/realsense2_camera_msgs/local/lib/python3.10/dist-packages/realsense2_camera_msgs/msg'...
[1.064s] Listing '/home/a/ws_moveit2/install/realsense2_camera_msgs/local/lib/python3.10/dist-packages/realsense2_camera_msgs/srv'...
[1.071s] -- Up-to-date: /home/a/ws_moveit2/install/realsense2_camera_msgs/local/lib/python3.10/dist-packages/realsense2_camera_msgs/realsense2_camera_msgs_s__rosidl_typesupport_fastrtps_c.cpython-310-x86_64-linux-gnu.so
[1.071s] -- Up-to-date: /home/a/ws_moveit2/install/realsense2_camera_msgs/local/lib/python3.10/dist-packages/realsense2_camera_msgs/realsense2_camera_msgs_s__rosidl_typesupport_introspection_c.cpython-310-x86_64-linux-gnu.so
[1.071s] -- Up-to-date: /home/a/ws_moveit2/install/realsense2_camera_msgs/local/lib/python3.10/dist-packages/realsense2_camera_msgs/realsense2_camera_msgs_s__rosidl_typesupport_c.cpython-310-x86_64-linux-gnu.so
[1.074s] -- Up-to-date: /home/a/ws_moveit2/install/realsense2_camera_msgs/lib/librealsense2_camera_msgs__rosidl_generator_py.so
[1.074s] -- Up-to-date: /home/a/ws_moveit2/install/realsense2_camera_msgs/share/realsense2_camera_msgs/msg/IMUInfo.idl
[1.074s] -- Up-to-date: /home/a/ws_moveit2/install/realsense2_camera_msgs/share/realsense2_camera_msgs/msg/Extrinsics.idl
[1.074s] -- Up-to-date: /home/a/ws_moveit2/install/realsense2_camera_msgs/share/realsense2_camera_msgs/msg/Metadata.idl
[1.075s] -- Up-to-date: /home/a/ws_moveit2/install/realsense2_camera_msgs/share/realsense2_camera_msgs/msg/RGBD.idl
[1.075s] -- Up-to-date: /home/a/ws_moveit2/install/realsense2_camera_msgs/share/realsense2_camera_msgs/srv/DeviceInfo.idl
[1.075s] -- Up-to-date: /home/a/ws_moveit2/install/realsense2_camera_msgs/share/realsense2_camera_msgs/srv/SafetyPresetRead.idl
[1.075s] -- Up-to-date: /home/a/ws_moveit2/install/realsense2_camera_msgs/share/realsense2_camera_msgs/srv/SafetyPresetWrite.idl
[1.075s] -- Up-to-date: /home/a/ws_moveit2/install/realsense2_camera_msgs/share/realsense2_camera_msgs/srv/SafetyInterfaceConfigRead.idl
[1.077s] -- Up-to-date: /home/a/ws_moveit2/install/realsense2_camera_msgs/share/realsense2_camera_msgs/srv/SafetyInterfaceConfigWrite.idl
[1.077s] -- Up-to-date: /home/a/ws_moveit2/install/realsense2_camera_msgs/share/realsense2_camera_msgs/srv/CalibConfigRead.idl
[1.077s] -- Up-to-date: /home/a/ws_moveit2/install/realsense2_camera_msgs/share/realsense2_camera_msgs/srv/CalibConfigWrite.idl
[1.077s] -- Up-to-date: /home/a/ws_moveit2/install/realsense2_camera_msgs/share/realsense2_camera_msgs/srv/ApplicationConfigRead.idl
[1.077s] -- Up-to-date: /home/a/ws_moveit2/install/realsense2_camera_msgs/share/realsense2_camera_msgs/srv/ApplicationConfigWrite.idl
[1.077s] -- Up-to-date: /home/a/ws_moveit2/install/realsense2_camera_msgs/share/realsense2_camera_msgs/srv/HardwareMonitorCommandSend.idl
[1.077s] -- Up-to-date: /home/a/ws_moveit2/install/realsense2_camera_msgs/share/realsense2_camera_msgs/action/TriggeredCalibration.idl
[1.077s] -- Up-to-date: /home/a/ws_moveit2/install/realsense2_camera_msgs/share/realsense2_camera_msgs/msg/IMUInfo.msg
[1.077s] -- Up-to-date: /home/a/ws_moveit2/install/realsense2_camera_msgs/share/realsense2_camera_msgs/msg/Extrinsics.msg
[1.077s] -- Up-to-date: /home/a/ws_moveit2/install/realsense2_camera_msgs/share/realsense2_camera_msgs/msg/Metadata.msg
[1.077s] -- Up-to-date: /home/a/ws_moveit2/install/realsense2_camera_msgs/share/realsense2_camera_msgs/msg/RGBD.msg
[1.077s] -- Up-to-date: /home/a/ws_moveit2/install/realsense2_camera_msgs/share/realsense2_camera_msgs/srv/DeviceInfo.srv
[1.077s] -- Up-to-date: /home/a/ws_moveit2/install/realsense2_camera_msgs/share/realsense2_camera_msgs/srv/DeviceInfo_Request.msg
[1.077s] -- Up-to-date: /home/a/ws_moveit2/install/realsense2_camera_msgs/share/realsense2_camera_msgs/srv/DeviceInfo_Response.msg
[1.077s] -- Up-to-date: /home/a/ws_moveit2/install/realsense2_camera_msgs/share/realsense2_camera_msgs/srv/SafetyPresetRead.srv
[1.080s] -- Up-to-date: /home/a/ws_moveit2/install/realsense2_camera_msgs/share/realsense2_camera_msgs/srv/SafetyPresetRead_Request.msg
[1.081s] -- Up-to-date: /home/a/ws_moveit2/install/realsense2_camera_msgs/share/realsense2_camera_msgs/srv/SafetyPresetRead_Response.msg
[1.081s] -- Up-to-date: /home/a/ws_moveit2/install/realsense2_camera_msgs/share/realsense2_camera_msgs/srv/SafetyPresetWrite.srv
[1.081s] -- Up-to-date: /home/a/ws_moveit2/install/realsense2_camera_msgs/share/realsense2_camera_msgs/srv/SafetyPresetWrite_Request.msg
[1.081s] -- Up-to-date: /home/a/ws_moveit2/install/realsense2_camera_msgs/share/realsense2_camera_msgs/srv/SafetyPresetWrite_Response.msg
[1.081s] -- Up-to-date: /home/a/ws_moveit2/install/realsense2_camera_msgs/share/realsense2_camera_msgs/srv/SafetyInterfaceConfigRead.srv
[1.081s] -- Up-to-date: /home/a/ws_moveit2/install/realsense2_camera_msgs/share/realsense2_camera_msgs/srv/SafetyInterfaceConfigRead_Request.msg
[1.081s] -- Up-to-date: /home/a/ws_moveit2/install/realsense2_camera_msgs/share/realsense2_camera_msgs/srv/SafetyInterfaceConfigRead_Response.msg
[1.081s] -- Up-to-date: /home/a/ws_moveit2/install/realsense2_camera_msgs/share/realsense2_camera_msgs/srv/SafetyInterfaceConfigWrite.srv
[1.081s] -- Up-to-date: /home/a/ws_moveit2/install/realsense2_camera_msgs/share/realsense2_camera_msgs/srv/SafetyInterfaceConfigWrite_Request.msg
[1.081s] -- Up-to-date: /home/a/ws_moveit2/install/realsense2_camera_msgs/share/realsense2_camera_msgs/srv/SafetyInterfaceConfigWrite_Response.msg
[1.081s] -- Up-to-date: /home/a/ws_moveit2/install/realsense2_camera_msgs/share/realsense2_camera_msgs/srv/CalibConfigRead.srv
[1.081s] -- Up-to-date: /home/a/ws_moveit2/install/realsense2_camera_msgs/share/realsense2_camera_msgs/srv/CalibConfigRead_Request.msg
[1.081s] -- Up-to-date: /home/a/ws_moveit2/install/realsense2_camera_msgs/share/realsense2_camera_msgs/srv/CalibConfigRead_Response.msg
[1.081s] -- Up-to-date: /home/a/ws_moveit2/install/realsense2_camera_msgs/share/realsense2_camera_msgs/srv/CalibConfigWrite.srv
[1.081s] -- Up-to-date: /home/a/ws_moveit2/install/realsense2_camera_msgs/share/realsense2_camera_msgs/srv/CalibConfigWrite_Request.msg
[1.081s] -- Up-to-date: /home/a/ws_moveit2/install/realsense2_camera_msgs/share/realsense2_camera_msgs/srv/CalibConfigWrite_Response.msg
[1.081s] -- Up-to-date: /home/a/ws_moveit2/install/realsense2_camera_msgs/share/realsense2_camera_msgs/srv/ApplicationConfigRead.srv
[1.081s] -- Up-to-date: /home/a/ws_moveit2/install/realsense2_camera_msgs/share/realsense2_camera_msgs/srv/ApplicationConfigRead_Request.msg
[1.082s] -- Up-to-date: /home/a/ws_moveit2/install/realsense2_camera_msgs/share/realsense2_camera_msgs/srv/ApplicationConfigRead_Response.msg
[1.082s] -- Up-to-date: /home/a/ws_moveit2/install/realsense2_camera_msgs/share/realsense2_camera_msgs/srv/ApplicationConfigWrite.srv
[1.082s] -- Up-to-date: /home/a/ws_moveit2/install/realsense2_camera_msgs/share/realsense2_camera_msgs/srv/ApplicationConfigWrite_Request.msg
[1.082s] -- Up-to-date: /home/a/ws_moveit2/install/realsense2_camera_msgs/share/realsense2_camera_msgs/srv/ApplicationConfigWrite_Response.msg
[1.082s] -- Up-to-date: /home/a/ws_moveit2/install/realsense2_camera_msgs/share/realsense2_camera_msgs/srv/HardwareMonitorCommandSend.srv
[1.082s] -- Up-to-date: /home/a/ws_moveit2/install/realsense2_camera_msgs/share/realsense2_camera_msgs/srv/HardwareMonitorCommandSend_Request.msg
[1.082s] -- Up-to-date: /home/a/ws_moveit2/install/realsense2_camera_msgs/share/realsense2_camera_msgs/srv/HardwareMonitorCommandSend_Response.msg
[1.082s] -- Up-to-date: /home/a/ws_moveit2/install/realsense2_camera_msgs/share/realsense2_camera_msgs/action/TriggeredCalibration.action
[1.082s] -- Up-to-date: /home/a/ws_moveit2/install/realsense2_camera_msgs/share/ament_index/resource_index/package_run_dependencies/realsense2_camera_msgs
[1.082s] -- Up-to-date: /home/a/ws_moveit2/install/realsense2_camera_msgs/share/ament_index/resource_index/parent_prefix_path/realsense2_camera_msgs
[1.082s] -- Up-to-date: /home/a/ws_moveit2/install/realsense2_camera_msgs/share/realsense2_camera_msgs/environment/ament_prefix_path.sh
[1.082s] -- Up-to-date: /home/a/ws_moveit2/install/realsense2_camera_msgs/share/realsense2_camera_msgs/environment/ament_prefix_path.dsv
[1.082s] -- Up-to-date: /home/a/ws_moveit2/install/realsense2_camera_msgs/share/realsense2_camera_msgs/environment/path.sh
[1.082s] -- Up-to-date: /home/a/ws_moveit2/install/realsense2_camera_msgs/share/realsense2_camera_msgs/environment/path.dsv
[1.082s] -- Up-to-date: /home/a/ws_moveit2/install/realsense2_camera_msgs/share/realsense2_camera_msgs/local_setup.bash
[1.082s] -- Up-to-date: /home/a/ws_moveit2/install/realsense2_camera_msgs/share/realsense2_camera_msgs/local_setup.sh
[1.082s] -- Up-to-date: /home/a/ws_moveit2/install/realsense2_camera_msgs/share/realsense2_camera_msgs/local_setup.zsh
[1.083s] -- Up-to-date: /home/a/ws_moveit2/install/realsense2_camera_msgs/share/realsense2_camera_msgs/local_setup.dsv
[1.083s] -- Installing: /home/a/ws_moveit2/install/realsense2_camera_msgs/share/realsense2_camera_msgs/package.dsv
[1.084s] -- Up-to-date: /home/a/ws_moveit2/install/realsense2_camera_msgs/share/ament_index/resource_index/packages/realsense2_camera_msgs
[1.084s] -- Up-to-date: /home/a/ws_moveit2/install/realsense2_camera_msgs/share/realsense2_camera_msgs/cmake/export_realsense2_camera_msgs__rosidl_generator_cExport.cmake
[1.084s] -- Up-to-date: /home/a/ws_moveit2/install/realsense2_camera_msgs/share/realsense2_camera_msgs/cmake/export_realsense2_camera_msgs__rosidl_generator_cExport-noconfig.cmake
[1.084s] -- Up-to-date: /home/a/ws_moveit2/install/realsense2_camera_msgs/share/realsense2_camera_msgs/cmake/export_realsense2_camera_msgs__rosidl_typesupport_fastrtps_cExport.cmake
[1.085s] -- Up-to-date: /home/a/ws_moveit2/install/realsense2_camera_msgs/share/realsense2_camera_msgs/cmake/export_realsense2_camera_msgs__rosidl_typesupport_fastrtps_cExport-noconfig.cmake
[1.085s] -- Up-to-date: /home/a/ws_moveit2/install/realsense2_camera_msgs/share/realsense2_camera_msgs/cmake/realsense2_camera_msgs__rosidl_typesupport_introspection_cExport.cmake
[1.085s] -- Up-to-date: /home/a/ws_moveit2/install/realsense2_camera_msgs/share/realsense2_camera_msgs/cmake/realsense2_camera_msgs__rosidl_typesupport_introspection_cExport-noconfig.cmake
[1.085s] -- Up-to-date: /home/a/ws_moveit2/install/realsense2_camera_msgs/share/realsense2_camera_msgs/cmake/realsense2_camera_msgs__rosidl_typesupport_cExport.cmake
[1.085s] -- Up-to-date: /home/a/ws_moveit2/install/realsense2_camera_msgs/share/realsense2_camera_msgs/cmake/realsense2_camera_msgs__rosidl_typesupport_cExport-noconfig.cmake
[1.086s] -- Up-to-date: /home/a/ws_moveit2/install/realsense2_camera_msgs/share/realsense2_camera_msgs/cmake/export_realsense2_camera_msgs__rosidl_generator_cppExport.cmake
[1.086s] -- Up-to-date: /home/a/ws_moveit2/install/realsense2_camera_msgs/share/realsense2_camera_msgs/cmake/export_realsense2_camera_msgs__rosidl_typesupport_fastrtps_cppExport.cmake
[1.086s] -- Up-to-date: /home/a/ws_moveit2/install/realsense2_camera_msgs/share/realsense2_camera_msgs/cmake/export_realsense2_camera_msgs__rosidl_typesupport_fastrtps_cppExport-noconfig.cmake
[1.086s] -- Up-to-date: /home/a/ws_moveit2/install/realsense2_camera_msgs/share/realsense2_camera_msgs/cmake/realsense2_camera_msgs__rosidl_typesupport_introspection_cppExport.cmake
[1.086s] -- Up-to-date: /home/a/ws_moveit2/install/realsense2_camera_msgs/share/realsense2_camera_msgs/cmake/realsense2_camera_msgs__rosidl_typesupport_introspection_cppExport-noconfig.cmake
[1.086s] -- Up-to-date: /home/a/ws_moveit2/install/realsense2_camera_msgs/share/realsense2_camera_msgs/cmake/realsense2_camera_msgs__rosidl_typesupport_cppExport.cmake
[1.086s] -- Up-to-date: /home/a/ws_moveit2/install/realsense2_camera_msgs/share/realsense2_camera_msgs/cmake/realsense2_camera_msgs__rosidl_typesupport_cppExport-noconfig.cmake
[1.086s] -- Up-to-date: /home/a/ws_moveit2/install/realsense2_camera_msgs/share/realsense2_camera_msgs/cmake/export_realsense2_camera_msgs__rosidl_generator_pyExport.cmake
[1.086s] -- Up-to-date: /home/a/ws_moveit2/install/realsense2_camera_msgs/share/realsense2_camera_msgs/cmake/export_realsense2_camera_msgs__rosidl_generator_pyExport-noconfig.cmake
[1.086s] -- Up-to-date: /home/a/ws_moveit2/install/realsense2_camera_msgs/share/realsense2_camera_msgs/cmake/rosidl_cmake-extras.cmake
[1.086s] -- Up-to-date: /home/a/ws_moveit2/install/realsense2_camera_msgs/share/realsense2_camera_msgs/cmake/ament_cmake_export_dependencies-extras.cmake
[1.086s] -- Up-to-date: /home/a/ws_moveit2/install/realsense2_camera_msgs/share/realsense2_camera_msgs/cmake/ament_cmake_export_include_directories-extras.cmake
[1.086s] -- Up-to-date: /home/a/ws_moveit2/install/realsense2_camera_msgs/share/realsense2_camera_msgs/cmake/ament_cmake_export_libraries-extras.cmake
[1.086s] -- Up-to-date: /home/a/ws_moveit2/install/realsense2_camera_msgs/share/realsense2_camera_msgs/cmake/ament_cmake_export_targets-extras.cmake
[1.086s] -- Up-to-date: /home/a/ws_moveit2/install/realsense2_camera_msgs/share/realsense2_camera_msgs/cmake/rosidl_cmake_export_typesupport_targets-extras.cmake
[1.086s] -- Up-to-date: /home/a/ws_moveit2/install/realsense2_camera_msgs/share/realsense2_camera_msgs/cmake/rosidl_cmake_export_typesupport_libraries-extras.cmake
[1.086s] -- Up-to-date: /home/a/ws_moveit2/install/realsense2_camera_msgs/share/realsense2_camera_msgs/cmake/realsense2_camera_msgsConfig.cmake
[1.086s] -- Up-to-date: /home/a/ws_moveit2/install/realsense2_camera_msgs/share/realsense2_camera_msgs/cmake/realsense2_camera_msgsConfig-version.cmake
[1.086s] -- Up-to-date: /home/a/ws_moveit2/install/realsense2_camera_msgs/share/realsense2_camera_msgs/package.xml
