-- The C compiler identification is GNU 11.4.0
-- The CXX compiler identification is GNU 11.4.0
-- The ASM compiler identification is GNU
-- Found assembler: /usr/bin/cc
-- Detecting C compiler ABI info
-- Detecting C compiler ABI info - done
-- Check for working C compiler: /usr/bin/cc - skipped
-- Detecting C compile features
-- Detecting C compile features - done
-- Detecting CXX compiler ABI info
-- Detecting CXX compiler ABI info - done
-- Check for working CXX compiler: /usr/bin/c++ - skipped
-- Detecting CXX compile features
-- Detecting CXX compile features - done
-- Configuring incomplete, errors occurred!
See also "/home/a/ws_moveit2/build/MAVLink_f446re/CMakeFiles/CMakeOutput.log".
[31mCMake Error at CMakeLists.txt:30 (include):
  include could not find requested file:

    cmake/gcc-arm-none-eabi.cmake

[0m
[0mBuild type: Debug[0m
[31mCMake Error at CMakeLists.txt:46 (add_subdirectory):
  add_subdirectory given source "cmake/stm32cubemx" which is not an existing
  directory.

[0m
