running egg_info
writing ../../../build/rogilink_flex_gui/rogilink_flex_gui.egg-info/PKG-INFO
writing dependency_links to ../../../build/rogilink_flex_gui/rogilink_flex_gui.egg-info/dependency_links.txt
writing entry points to ../../../build/rogilink_flex_gui/rogilink_flex_gui.egg-info/entry_points.txt
writing requirements to ../../../build/rogilink_flex_gui/rogilink_flex_gui.egg-info/requires.txt
writing top-level names to ../../../build/rogilink_flex_gui/rogilink_flex_gui.egg-info/top_level.txt
reading manifest file '../../../build/rogilink_flex_gui/rogilink_flex_gui.egg-info/SOURCES.txt'
writing manifest file '../../../build/rogilink_flex_gui/rogilink_flex_gui.egg-info/SOURCES.txt'
running build
running build_py
copying rogilink_flex_gui/modules/transmission_widget.py -> /home/a/ws_moveit2/build/rogilink_flex_gui/build/lib/rogilink_flex_gui/modules
running install
running install_lib
copying /home/a/ws_moveit2/build/rogilink_flex_gui/build/lib/rogilink_flex_gui/modules/transmission_widget.py -> /home/a/ws_moveit2/install/rogilink_flex_gui/lib/python3.10/site-packages/rogilink_flex_gui/modules
byte-compiling /home/a/ws_moveit2/install/rogilink_flex_gui/lib/python3.10/site-packages/rogilink_flex_gui/modules/transmission_widget.py to transmission_widget.cpython-310.pyc
running install_data
running install_egg_info
removing '/home/a/ws_moveit2/install/rogilink_flex_gui/lib/python3.10/site-packages/rogilink_flex_gui-0.0.0-py3.10.egg-info' (and everything under it)
Copying ../../../build/rogilink_flex_gui/rogilink_flex_gui.egg-info to /home/a/ws_moveit2/install/rogilink_flex_gui/lib/python3.10/site-packages/rogilink_flex_gui-0.0.0-py3.10.egg-info
running install_scripts
Installing gui script to /home/a/ws_moveit2/install/rogilink_flex_gui/lib/rogilink_flex_gui
writing list of installed files to '/home/a/ws_moveit2/build/rogilink_flex_gui/install.log'
