[0.431s] Invoking command in '/home/a/ws_moveit2/src/rogilinkFlex-ros2/rogilink_flex_gui': PYTHONPATH=/home/a/ws_moveit2/build/rogilink_flex_gui/prefix_override:/usr/lib/python3/dist-packages/colcon_core/task/python/colcon_distutils_commands:/home/a/ws_moveit2/install/rogilink_flex_gui/lib/python3.10/site-packages:${PYTHONPATH} /usr/bin/python3 -W ignore:setup.py install is deprecated -W ignore:easy_install command is deprecated setup.py egg_info --egg-base ../../../build/rogilink_flex_gui build --build-base /home/a/ws_moveit2/build/rogilink_flex_gui/build install --record /home/a/ws_moveit2/build/rogilink_flex_gui/install.log --single-version-externally-managed install_data
[0.596s] running egg_info
[0.596s] writing ../../../build/rogilink_flex_gui/rogilink_flex_gui.egg-info/PKG-INFO
[0.596s] writing dependency_links to ../../../build/rogilink_flex_gui/rogilink_flex_gui.egg-info/dependency_links.txt
[0.596s] writing entry points to ../../../build/rogilink_flex_gui/rogilink_flex_gui.egg-info/entry_points.txt
[0.596s] writing requirements to ../../../build/rogilink_flex_gui/rogilink_flex_gui.egg-info/requires.txt
[0.596s] writing top-level names to ../../../build/rogilink_flex_gui/rogilink_flex_gui.egg-info/top_level.txt
[0.597s] reading manifest file '../../../build/rogilink_flex_gui/rogilink_flex_gui.egg-info/SOURCES.txt'
[0.598s] writing manifest file '../../../build/rogilink_flex_gui/rogilink_flex_gui.egg-info/SOURCES.txt'
[0.598s] running build
[0.598s] running build_py
[0.598s] copying rogilink_flex_gui/modules/transmission_widget.py -> /home/a/ws_moveit2/build/rogilink_flex_gui/build/lib/rogilink_flex_gui/modules
[0.598s] running install
[0.599s] running install_lib
[0.599s] copying /home/a/ws_moveit2/build/rogilink_flex_gui/build/lib/rogilink_flex_gui/modules/transmission_widget.py -> /home/a/ws_moveit2/install/rogilink_flex_gui/lib/python3.10/site-packages/rogilink_flex_gui/modules
[0.599s] byte-compiling /home/a/ws_moveit2/install/rogilink_flex_gui/lib/python3.10/site-packages/rogilink_flex_gui/modules/transmission_widget.py to transmission_widget.cpython-310.pyc
[0.600s] running install_data
[0.601s] running install_egg_info
[0.602s] removing '/home/a/ws_moveit2/install/rogilink_flex_gui/lib/python3.10/site-packages/rogilink_flex_gui-0.0.0-py3.10.egg-info' (and everything under it)
[0.602s] Copying ../../../build/rogilink_flex_gui/rogilink_flex_gui.egg-info to /home/a/ws_moveit2/install/rogilink_flex_gui/lib/python3.10/site-packages/rogilink_flex_gui-0.0.0-py3.10.egg-info
[0.602s] running install_scripts
[0.615s] Installing gui script to /home/a/ws_moveit2/install/rogilink_flex_gui/lib/rogilink_flex_gui
[0.615s] writing list of installed files to '/home/a/ws_moveit2/build/rogilink_flex_gui/install.log'
[0.630s] Invoked command in '/home/a/ws_moveit2/src/rogilinkFlex-ros2/rogilink_flex_gui' returned '0': PYTHONPATH=/home/a/ws_moveit2/build/rogilink_flex_gui/prefix_override:/usr/lib/python3/dist-packages/colcon_core/task/python/colcon_distutils_commands:/home/a/ws_moveit2/install/rogilink_flex_gui/lib/python3.10/site-packages:${PYTHONPATH} /usr/bin/python3 -W ignore:setup.py install is deprecated -W ignore:easy_install command is deprecated setup.py egg_info --egg-base ../../../build/rogilink_flex_gui build --build-base /home/a/ws_moveit2/build/rogilink_flex_gui/build install --record /home/a/ws_moveit2/build/rogilink_flex_gui/install.log --single-version-externally-managed install_data
