-- The C compiler identification is GNU 11.4.0
-- The CXX compiler identification is GNU 11.4.0
-- Detecting C compiler ABI info
-- Detecting C compiler ABI info - done
-- Check for working C compiler: /usr/bin/cc - skipped
-- Detecting C compile features
-- Detecting C compile features - done
-- Detecting CXX compiler ABI info
-- Detecting CXX compiler ABI info - done
-- Check for working CXX compiler: /usr/bin/c++ - skipped
-- Detecting CXX compile features
-- Detecting CXX compile features - done
-- Found ament_cmake: 1.3.12 (/opt/ros/humble/share/ament_cmake/cmake)
-- Found Python3: /usr/bin/python3 (found version "3.10.12") found components: Interpreter 
-- Found rclcpp: 16.0.14 (/opt/ros/humble/share/rclcpp/cmake)
-- Found rosidl_generator_c: 3.1.7 (/opt/ros/humble/share/rosidl_generator_c/cmake)
-- Found rosidl_adapter: 3.1.7 (/opt/ros/humble/share/rosidl_adapter/cmake)
-- Found rosidl_generator_cpp: 3.1.7 (/opt/ros/humble/share/rosidl_generator_cpp/cmake)
-- Using all available rosidl_typesupport_c: rosidl_typesupport_fastrtps_c;rosidl_typesupport_introspection_c
-- Using all available rosidl_typesupport_cpp: rosidl_typesupport_fastrtps_cpp;rosidl_typesupport_introspection_cpp
-- Found rmw_implementation_cmake: 6.1.2 (/opt/ros/humble/share/rmw_implementation_cmake/cmake)
-- Found rmw_fastrtps_cpp: 6.2.8 (/opt/ros/humble/share/rmw_fastrtps_cpp/cmake)
-- Found OpenSSL: /usr/lib/x86_64-linux-gnu/libcrypto.so (found version "3.0.2")  
-- Found FastRTPS: /opt/ros/humble/include  
-- Using RMW implementation 'rmw_fastrtps_cpp' as default
-- Looking for pthread.h
-- Looking for pthread.h - found
-- Performing Test CMAKE_HAVE_LIBC_PTHREAD
-- Performing Test CMAKE_HAVE_LIBC_PTHREAD - Success
-- Found Threads: TRUE  
-- Found rogilink_flex_interfaces: 0.0.0 (/home/a/ws_moveit2/install/rogilink_flex_interfaces/share/rogilink_flex_interfaces/cmake)
[0mBUILD_TESTS=FALSE, unit tests will NOT be built.[0m
-- Found ament_lint_auto: 0.12.14 (/opt/ros/humble/share/ament_lint_auto/cmake)
-- Added test 'cppcheck' to perform static code analysis on C / C++ code
-- Configured cppcheck include dirs: /home/a/ws_moveit2/src/rogilinkFlex-ros2/rogilink_flex/include/rogilink_flex/;/home/a/ws_moveit2/src/rogilinkFlex-ros2/rogilink_flex/lib/CppLinuxSerial/include/CppLinuxSerial/;/home/a/ws_moveit2/src/rogilinkFlex-ros2/rogilink_flex/lib/json/include/
-- Configured cppcheck exclude dirs and/or files: 
-- Added test 'flake8' to check Python code syntax and style conventions
-- Added test 'lint_cmake' to check CMake code style
-- Added test 'pep257' to check Python code against some of the docstring style conventions in PEP 257
-- Added test 'uncrustify' to check C / C++ code style
-- Configured uncrustify additional arguments: 
-- Added test 'xmllint' to check XML markup files
-- Configuring done
-- Generating done
-- Build files have been written to: /home/a/ws_moveit2/build/rogilink_flex
[ 20%] [32mBuilding CXX object lib/CppLinuxSerial/src/CMakeFiles/CppLinuxSerial.dir/SerialPort.cpp.o[0m
[ 40%] [32m[1mLinking CXX static library libCppLinuxSerial.a[0m
[ 40%] Built target CppLinuxSerial
[ 60%] [32mBuilding CXX object CMakeFiles/rogilink_flex.dir/src/uart_node.cpp.o[0m
[ 80%] [32mBuilding CXX object CMakeFiles/rogilink_flex.dir/src/uart.cpp.o[0m
[01m[K/home/a/ws_moveit2/src/rogilinkFlex-ros2/rogilink_flex/src/uart_node.cpp:1:9:[m[K [01;35m[Kwarning: [m[K#pragma once in main file
    1 | #pragma [01;35m[Konce[m[K
      |         [01;35m[K^~~~[m[K
[100%] [32m[1mLinking CXX executable rogilink_flex[0m
[100%] Built target rogilink_flex
-- Install configuration: ""
-- Installing: /home/a/ws_moveit2/install/rogilink_flex/lib/rogilink_flex/rogilink_flex
-- Set runtime path of "/home/a/ws_moveit2/install/rogilink_flex/lib/rogilink_flex/rogilink_flex" to ""
-- Installing: /home/a/ws_moveit2/install/rogilink_flex/share/rogilink_flex/config
-- Installing: /home/a/ws_moveit2/install/rogilink_flex/share/rogilink_flex/config/config.json
-- Installing: /home/a/ws_moveit2/install/rogilink_flex/share/rogilink_flex/config/config2.json
-- Installing: /home/a/ws_moveit2/install/rogilink_flex/share/ament_index/resource_index/package_run_dependencies/rogilink_flex
-- Installing: /home/a/ws_moveit2/install/rogilink_flex/share/ament_index/resource_index/parent_prefix_path/rogilink_flex
-- Installing: /home/a/ws_moveit2/install/rogilink_flex/share/rogilink_flex/environment/ament_prefix_path.sh
-- Installing: /home/a/ws_moveit2/install/rogilink_flex/share/rogilink_flex/environment/ament_prefix_path.dsv
-- Installing: /home/a/ws_moveit2/install/rogilink_flex/share/rogilink_flex/environment/path.sh
-- Installing: /home/a/ws_moveit2/install/rogilink_flex/share/rogilink_flex/environment/path.dsv
-- Installing: /home/a/ws_moveit2/install/rogilink_flex/share/rogilink_flex/local_setup.bash
-- Installing: /home/a/ws_moveit2/install/rogilink_flex/share/rogilink_flex/local_setup.sh
-- Installing: /home/a/ws_moveit2/install/rogilink_flex/share/rogilink_flex/local_setup.zsh
-- Installing: /home/a/ws_moveit2/install/rogilink_flex/share/rogilink_flex/local_setup.dsv
-- Installing: /home/a/ws_moveit2/install/rogilink_flex/share/rogilink_flex/package.dsv
-- Installing: /home/a/ws_moveit2/install/rogilink_flex/share/ament_index/resource_index/packages/rogilink_flex
-- Installing: /home/a/ws_moveit2/install/rogilink_flex/share/rogilink_flex/cmake/rogilink_flexConfig.cmake
-- Installing: /home/a/ws_moveit2/install/rogilink_flex/share/rogilink_flex/cmake/rogilink_flexConfig-version.cmake
-- Installing: /home/a/ws_moveit2/install/rogilink_flex/share/rogilink_flex/package.xml
-- Installing: /home/a/ws_moveit2/install/rogilink_flex/lib/libCppLinuxSerial.a
-- Installing: /home/a/ws_moveit2/install/rogilink_flex/lib/cmake/CppLinuxSerial/CppLinuxSerialTargets.cmake
-- Installing: /home/a/ws_moveit2/install/rogilink_flex/lib/cmake/CppLinuxSerial/CppLinuxSerialTargets-noconfig.cmake
-- Installing: /home/a/ws_moveit2/install/rogilink_flex/include/CppLinuxSerial
-- Installing: /home/a/ws_moveit2/install/rogilink_flex/include/CppLinuxSerial/SerialPort.hpp
-- Installing: /home/a/ws_moveit2/install/rogilink_flex/include/CppLinuxSerial/Exception.hpp
-- Installing: /home/a/ws_moveit2/install/rogilink_flex/lib/cmake/CppLinuxSerial/CppLinuxSerialConfig.cmake
-- Installing: /home/a/ws_moveit2/install/rogilink_flex/lib/cmake/CppLinuxSerial/CppLinuxSerialConfigVersion.cmake
