[0.177s] Invoking command in '/home/a/ws_moveit2/build/rogilink_flex': CMAKE_PREFIX_PATH=${CMAKE_PREFIX_PATH}:/home/a/ws_moveit2/install/trac_ik_lib:/home/a/ws_moveit2/install/mavlink_controller_client:/home/a/ws_moveit2/install/moveit_configs_utils:/home/a/ws_moveit2/install/srdfdom:/home/a/ws_moveit2/install/ros_tcp_endpoint:/home/a/ws_moveit2/install/realsense2_ros_mqtt_bridge:/home/a/ws_moveit2/install/realsense2_camera_msgs:/home/a/ws_moveit2/install/moveit_task_constructor_msgs:/home/a/ws_moveit2/install/moveit_resources_prbt_support:/home/a/ws_moveit2/install/moveit_resources_pr2_description:/home/a/ws_moveit2/install/moveit_resources_panda_description:/home/a/ws_moveit2/install/moveit_resources_fanuc_description:/home/a/ws_moveit2/install/moveit_common:/home/a/ws_moveit2/install/launch_param_builder:/home/a/ws_moveit2/install/dynamixel_sdk_custom_interfaces:/home/a/ws_moveit2/install/dynamixel_controller_gui:/home/a/ws_moveit2/install/dynamixel_sdk:/home/a/ws_moveit2/install/dynamixel_controller_client:/home/a/ws_moveit2/install/d415_rgb_depth_3d:/home/a/ws_moveit2/install/catch_gazebo_ros2_control:/home/a/ws_moveit2/install/blue_seiretu_description:/opt/ros/humble /usr/bin/cmake /home/a/ws_moveit2/src/rogilinkFlex-ros2/rogilink_flex -DCMAKE_INSTALL_PREFIX=/home/a/ws_moveit2/install/rogilink_flex
[0.229s] -- The C compiler identification is GNU 11.4.0
[0.266s] -- The CXX compiler identification is GNU 11.4.0
[0.272s] -- Detecting C compiler ABI info
[0.333s] -- Detecting C compiler ABI info - done
[0.340s] -- Check for working C compiler: /usr/bin/cc - skipped
[0.340s] -- Detecting C compile features
[0.340s] -- Detecting C compile features - done
[0.342s] -- Detecting CXX compiler ABI info
[0.418s] -- Detecting CXX compiler ABI info - done
[0.426s] -- Check for working CXX compiler: /usr/bin/c++ - skipped
[0.427s] -- Detecting CXX compile features
[0.427s] -- Detecting CXX compile features - done
[0.432s] -- Found ament_cmake: 1.3.12 (/opt/ros/humble/share/ament_cmake/cmake)
[0.562s] -- Found Python3: /usr/bin/python3 (found version "3.10.12") found components: Interpreter 
[0.670s] -- Found rclcpp: 16.0.14 (/opt/ros/humble/share/rclcpp/cmake)
[0.729s] -- Found rosidl_generator_c: 3.1.7 (/opt/ros/humble/share/rosidl_generator_c/cmake)
[0.738s] -- Found rosidl_adapter: 3.1.7 (/opt/ros/humble/share/rosidl_adapter/cmake)
[0.749s] -- Found rosidl_generator_cpp: 3.1.7 (/opt/ros/humble/share/rosidl_generator_cpp/cmake)
[0.765s] -- Using all available rosidl_typesupport_c: rosidl_typesupport_fastrtps_c;rosidl_typesupport_introspection_c
[0.785s] -- Using all available rosidl_typesupport_cpp: rosidl_typesupport_fastrtps_cpp;rosidl_typesupport_introspection_cpp
[0.844s] -- Found rmw_implementation_cmake: 6.1.2 (/opt/ros/humble/share/rmw_implementation_cmake/cmake)
[0.851s] -- Found rmw_fastrtps_cpp: 6.2.8 (/opt/ros/humble/share/rmw_fastrtps_cpp/cmake)
[0.973s] -- Found OpenSSL: /usr/lib/x86_64-linux-gnu/libcrypto.so (found version "3.0.2")  
[0.998s] -- Found FastRTPS: /opt/ros/humble/include  
[1.036s] -- Using RMW implementation 'rmw_fastrtps_cpp' as default
[1.050s] -- Looking for pthread.h
[1.123s] -- Looking for pthread.h - found
[1.123s] -- Performing Test CMAKE_HAVE_LIBC_PTHREAD
[1.189s] -- Performing Test CMAKE_HAVE_LIBC_PTHREAD - Success
[1.190s] -- Found Threads: TRUE  
[1.231s] -- Found rogilink_flex_interfaces: 0.0.0 (/home/a/ws_moveit2/install/rogilink_flex_interfaces/share/rogilink_flex_interfaces/cmake)
[1.239s] [0mBUILD_TESTS=FALSE, unit tests will NOT be built.[0m
[1.245s] -- Found ament_lint_auto: 0.12.14 (/opt/ros/humble/share/ament_lint_auto/cmake)
[1.341s] -- Added test 'cppcheck' to perform static code analysis on C / C++ code
[1.341s] -- Configured cppcheck include dirs: /home/a/ws_moveit2/src/rogilinkFlex-ros2/rogilink_flex/include/rogilink_flex/;/home/a/ws_moveit2/src/rogilinkFlex-ros2/rogilink_flex/lib/CppLinuxSerial/include/CppLinuxSerial/;/home/a/ws_moveit2/src/rogilinkFlex-ros2/rogilink_flex/lib/json/include/
[1.341s] -- Configured cppcheck exclude dirs and/or files: 
[1.344s] -- Added test 'flake8' to check Python code syntax and style conventions
[1.349s] -- Added test 'lint_cmake' to check CMake code style
[1.352s] -- Added test 'pep257' to check Python code against some of the docstring style conventions in PEP 257
[1.370s] -- Added test 'uncrustify' to check C / C++ code style
[1.370s] -- Configured uncrustify additional arguments: 
[1.373s] -- Added test 'xmllint' to check XML markup files
[1.374s] -- Configuring done
[1.380s] -- Generating done
[1.383s] -- Build files have been written to: /home/a/ws_moveit2/build/rogilink_flex
[1.389s] Invoked command in '/home/a/ws_moveit2/build/rogilink_flex' returned '0': CMAKE_PREFIX_PATH=${CMAKE_PREFIX_PATH}:/home/a/ws_moveit2/install/trac_ik_lib:/home/a/ws_moveit2/install/mavlink_controller_client:/home/a/ws_moveit2/install/moveit_configs_utils:/home/a/ws_moveit2/install/srdfdom:/home/a/ws_moveit2/install/ros_tcp_endpoint:/home/a/ws_moveit2/install/realsense2_ros_mqtt_bridge:/home/a/ws_moveit2/install/realsense2_camera_msgs:/home/a/ws_moveit2/install/moveit_task_constructor_msgs:/home/a/ws_moveit2/install/moveit_resources_prbt_support:/home/a/ws_moveit2/install/moveit_resources_pr2_description:/home/a/ws_moveit2/install/moveit_resources_panda_description:/home/a/ws_moveit2/install/moveit_resources_fanuc_description:/home/a/ws_moveit2/install/moveit_common:/home/a/ws_moveit2/install/launch_param_builder:/home/a/ws_moveit2/install/dynamixel_sdk_custom_interfaces:/home/a/ws_moveit2/install/dynamixel_controller_gui:/home/a/ws_moveit2/install/dynamixel_sdk:/home/a/ws_moveit2/install/dynamixel_controller_client:/home/a/ws_moveit2/install/d415_rgb_depth_3d:/home/a/ws_moveit2/install/catch_gazebo_ros2_control:/home/a/ws_moveit2/install/blue_seiretu_description:/opt/ros/humble /usr/bin/cmake /home/a/ws_moveit2/src/rogilinkFlex-ros2/rogilink_flex -DCMAKE_INSTALL_PREFIX=/home/a/ws_moveit2/install/rogilink_flex
[1.392s] Invoking command in '/home/a/ws_moveit2/build/rogilink_flex': CMAKE_PREFIX_PATH=${CMAKE_PREFIX_PATH}:/home/a/ws_moveit2/install/trac_ik_lib:/home/a/ws_moveit2/install/mavlink_controller_client:/home/a/ws_moveit2/install/moveit_configs_utils:/home/a/ws_moveit2/install/srdfdom:/home/a/ws_moveit2/install/ros_tcp_endpoint:/home/a/ws_moveit2/install/realsense2_ros_mqtt_bridge:/home/a/ws_moveit2/install/realsense2_camera_msgs:/home/a/ws_moveit2/install/moveit_task_constructor_msgs:/home/a/ws_moveit2/install/moveit_resources_prbt_support:/home/a/ws_moveit2/install/moveit_resources_pr2_description:/home/a/ws_moveit2/install/moveit_resources_panda_description:/home/a/ws_moveit2/install/moveit_resources_fanuc_description:/home/a/ws_moveit2/install/moveit_common:/home/a/ws_moveit2/install/launch_param_builder:/home/a/ws_moveit2/install/dynamixel_sdk_custom_interfaces:/home/a/ws_moveit2/install/dynamixel_controller_gui:/home/a/ws_moveit2/install/dynamixel_sdk:/home/a/ws_moveit2/install/dynamixel_controller_client:/home/a/ws_moveit2/install/d415_rgb_depth_3d:/home/a/ws_moveit2/install/catch_gazebo_ros2_control:/home/a/ws_moveit2/install/blue_seiretu_description:/opt/ros/humble /usr/bin/cmake --build /home/a/ws_moveit2/build/rogilink_flex -- -j22 -l22
[1.449s] [ 20%] [32mBuilding CXX object lib/CppLinuxSerial/src/CMakeFiles/CppLinuxSerial.dir/SerialPort.cpp.o[0m
[1.768s] [ 40%] [32m[1mLinking CXX static library libCppLinuxSerial.a[0m
[1.805s] [ 40%] Built target CppLinuxSerial
[1.827s] [ 60%] [32mBuilding CXX object CMakeFiles/rogilink_flex.dir/src/uart_node.cpp.o[0m
[1.828s] [ 80%] [32mBuilding CXX object CMakeFiles/rogilink_flex.dir/src/uart.cpp.o[0m
[1.836s] [01m[K/home/a/ws_moveit2/src/rogilinkFlex-ros2/rogilink_flex/src/uart_node.cpp:1:9:[m[K [01;35m[Kwarning: [m[K#pragma once in main file
[1.836s]     1 | #pragma [01;35m[Konce[m[K
[1.836s]       |         [01;35m[K^~~~[m[K
[9.268s] [100%] [32m[1mLinking CXX executable rogilink_flex[0m
[9.569s] [100%] Built target rogilink_flex
[9.579s] Invoked command in '/home/a/ws_moveit2/build/rogilink_flex' returned '0': CMAKE_PREFIX_PATH=${CMAKE_PREFIX_PATH}:/home/a/ws_moveit2/install/trac_ik_lib:/home/a/ws_moveit2/install/mavlink_controller_client:/home/a/ws_moveit2/install/moveit_configs_utils:/home/a/ws_moveit2/install/srdfdom:/home/a/ws_moveit2/install/ros_tcp_endpoint:/home/a/ws_moveit2/install/realsense2_ros_mqtt_bridge:/home/a/ws_moveit2/install/realsense2_camera_msgs:/home/a/ws_moveit2/install/moveit_task_constructor_msgs:/home/a/ws_moveit2/install/moveit_resources_prbt_support:/home/a/ws_moveit2/install/moveit_resources_pr2_description:/home/a/ws_moveit2/install/moveit_resources_panda_description:/home/a/ws_moveit2/install/moveit_resources_fanuc_description:/home/a/ws_moveit2/install/moveit_common:/home/a/ws_moveit2/install/launch_param_builder:/home/a/ws_moveit2/install/dynamixel_sdk_custom_interfaces:/home/a/ws_moveit2/install/dynamixel_controller_gui:/home/a/ws_moveit2/install/dynamixel_sdk:/home/a/ws_moveit2/install/dynamixel_controller_client:/home/a/ws_moveit2/install/d415_rgb_depth_3d:/home/a/ws_moveit2/install/catch_gazebo_ros2_control:/home/a/ws_moveit2/install/blue_seiretu_description:/opt/ros/humble /usr/bin/cmake --build /home/a/ws_moveit2/build/rogilink_flex -- -j22 -l22
[9.588s] Invoking command in '/home/a/ws_moveit2/build/rogilink_flex': CMAKE_PREFIX_PATH=${CMAKE_PREFIX_PATH}:/home/a/ws_moveit2/install/trac_ik_lib:/home/a/ws_moveit2/install/mavlink_controller_client:/home/a/ws_moveit2/install/moveit_configs_utils:/home/a/ws_moveit2/install/srdfdom:/home/a/ws_moveit2/install/ros_tcp_endpoint:/home/a/ws_moveit2/install/realsense2_ros_mqtt_bridge:/home/a/ws_moveit2/install/realsense2_camera_msgs:/home/a/ws_moveit2/install/moveit_task_constructor_msgs:/home/a/ws_moveit2/install/moveit_resources_prbt_support:/home/a/ws_moveit2/install/moveit_resources_pr2_description:/home/a/ws_moveit2/install/moveit_resources_panda_description:/home/a/ws_moveit2/install/moveit_resources_fanuc_description:/home/a/ws_moveit2/install/moveit_common:/home/a/ws_moveit2/install/launch_param_builder:/home/a/ws_moveit2/install/dynamixel_sdk_custom_interfaces:/home/a/ws_moveit2/install/dynamixel_controller_gui:/home/a/ws_moveit2/install/dynamixel_sdk:/home/a/ws_moveit2/install/dynamixel_controller_client:/home/a/ws_moveit2/install/d415_rgb_depth_3d:/home/a/ws_moveit2/install/catch_gazebo_ros2_control:/home/a/ws_moveit2/install/blue_seiretu_description:/opt/ros/humble /usr/bin/cmake --install /home/a/ws_moveit2/build/rogilink_flex
[9.594s] -- Install configuration: ""
[9.594s] -- Installing: /home/a/ws_moveit2/install/rogilink_flex/lib/rogilink_flex/rogilink_flex
[9.597s] -- Set runtime path of "/home/a/ws_moveit2/install/rogilink_flex/lib/rogilink_flex/rogilink_flex" to ""
[9.597s] -- Installing: /home/a/ws_moveit2/install/rogilink_flex/share/rogilink_flex/config
[9.597s] -- Installing: /home/a/ws_moveit2/install/rogilink_flex/share/rogilink_flex/config/config.json
[9.597s] -- Installing: /home/a/ws_moveit2/install/rogilink_flex/share/rogilink_flex/config/config2.json
[9.597s] -- Installing: /home/a/ws_moveit2/install/rogilink_flex/share/ament_index/resource_index/package_run_dependencies/rogilink_flex
[9.597s] -- Installing: /home/a/ws_moveit2/install/rogilink_flex/share/ament_index/resource_index/parent_prefix_path/rogilink_flex
[9.597s] -- Installing: /home/a/ws_moveit2/install/rogilink_flex/share/rogilink_flex/environment/ament_prefix_path.sh
[9.597s] -- Installing: /home/a/ws_moveit2/install/rogilink_flex/share/rogilink_flex/environment/ament_prefix_path.dsv
[9.597s] -- Installing: /home/a/ws_moveit2/install/rogilink_flex/share/rogilink_flex/environment/path.sh
[9.597s] -- Installing: /home/a/ws_moveit2/install/rogilink_flex/share/rogilink_flex/environment/path.dsv
[9.597s] -- Installing: /home/a/ws_moveit2/install/rogilink_flex/share/rogilink_flex/local_setup.bash
[9.597s] -- Installing: /home/a/ws_moveit2/install/rogilink_flex/share/rogilink_flex/local_setup.sh
[9.597s] -- Installing: /home/a/ws_moveit2/install/rogilink_flex/share/rogilink_flex/local_setup.zsh
[9.597s] -- Installing: /home/a/ws_moveit2/install/rogilink_flex/share/rogilink_flex/local_setup.dsv
[9.597s] -- Installing: /home/a/ws_moveit2/install/rogilink_flex/share/rogilink_flex/package.dsv
[9.597s] -- Installing: /home/a/ws_moveit2/install/rogilink_flex/share/ament_index/resource_index/packages/rogilink_flex
[9.597s] -- Installing: /home/a/ws_moveit2/install/rogilink_flex/share/rogilink_flex/cmake/rogilink_flexConfig.cmake
[9.597s] -- Installing: /home/a/ws_moveit2/install/rogilink_flex/share/rogilink_flex/cmake/rogilink_flexConfig-version.cmake
[9.598s] -- Installing: /home/a/ws_moveit2/install/rogilink_flex/share/rogilink_flex/package.xml
[9.598s] -- Installing: /home/a/ws_moveit2/install/rogilink_flex/lib/libCppLinuxSerial.a
[9.598s] -- Installing: /home/a/ws_moveit2/install/rogilink_flex/lib/cmake/CppLinuxSerial/CppLinuxSerialTargets.cmake
[9.598s] -- Installing: /home/a/ws_moveit2/install/rogilink_flex/lib/cmake/CppLinuxSerial/CppLinuxSerialTargets-noconfig.cmake
[9.598s] -- Installing: /home/a/ws_moveit2/install/rogilink_flex/include/CppLinuxSerial
[9.598s] -- Installing: /home/a/ws_moveit2/install/rogilink_flex/include/CppLinuxSerial/SerialPort.hpp
[9.598s] -- Installing: /home/a/ws_moveit2/install/rogilink_flex/include/CppLinuxSerial/Exception.hpp
[9.598s] -- Installing: /home/a/ws_moveit2/install/rogilink_flex/lib/cmake/CppLinuxSerial/CppLinuxSerialConfig.cmake
[9.598s] -- Installing: /home/a/ws_moveit2/install/rogilink_flex/lib/cmake/CppLinuxSerial/CppLinuxSerialConfigVersion.cmake
[9.600s] Invoked command in '/home/a/ws_moveit2/build/rogilink_flex' returned '0': CMAKE_PREFIX_PATH=${CMAKE_PREFIX_PATH}:/home/a/ws_moveit2/install/trac_ik_lib:/home/a/ws_moveit2/install/mavlink_controller_client:/home/a/ws_moveit2/install/moveit_configs_utils:/home/a/ws_moveit2/install/srdfdom:/home/a/ws_moveit2/install/ros_tcp_endpoint:/home/a/ws_moveit2/install/realsense2_ros_mqtt_bridge:/home/a/ws_moveit2/install/realsense2_camera_msgs:/home/a/ws_moveit2/install/moveit_task_constructor_msgs:/home/a/ws_moveit2/install/moveit_resources_prbt_support:/home/a/ws_moveit2/install/moveit_resources_pr2_description:/home/a/ws_moveit2/install/moveit_resources_panda_description:/home/a/ws_moveit2/install/moveit_resources_fanuc_description:/home/a/ws_moveit2/install/moveit_common:/home/a/ws_moveit2/install/launch_param_builder:/home/a/ws_moveit2/install/dynamixel_sdk_custom_interfaces:/home/a/ws_moveit2/install/dynamixel_controller_gui:/home/a/ws_moveit2/install/dynamixel_sdk:/home/a/ws_moveit2/install/dynamixel_controller_client:/home/a/ws_moveit2/install/d415_rgb_depth_3d:/home/a/ws_moveit2/install/catch_gazebo_ros2_control:/home/a/ws_moveit2/install/blue_seiretu_description:/opt/ros/humble /usr/bin/cmake --install /home/a/ws_moveit2/build/rogilink_flex
