[0.252s] Invoking command in '/home/a/ws_moveit2/build/blue_seiretu_description': CMAKE_PREFIX_PATH=${CMAKE_PREFIX_PATH}:/home/a/ws_moveit2/install/trac_ik_lib:/home/a/ws_moveit2/install/mavlink_controller_client:/home/a/ws_moveit2/install/moveit_configs_utils:/home/a/ws_moveit2/install/srdfdom:/home/a/ws_moveit2/install/ros_tcp_endpoint:/home/a/ws_moveit2/install/rogilink_flex_example_py:/home/a/ws_moveit2/install/rogilink_flex_gui:/home/a/ws_moveit2/install/realsense2_ros_mqtt_bridge:/home/a/ws_moveit2/install/realsense2_camera_msgs:/home/a/ws_moveit2/install/moveit_task_constructor_msgs:/home/a/ws_moveit2/install/moveit_resources_prbt_support:/home/a/ws_moveit2/install/moveit_resources_pr2_description:/home/a/ws_moveit2/install/moveit_resources_panda_description:/home/a/ws_moveit2/install/moveit_resources_fanuc_description:/home/a/ws_moveit2/install/moveit_common:/home/a/ws_moveit2/install/launch_param_builder:/home/a/ws_moveit2/install/dynamixel_sdk_custom_interfaces:/home/a/ws_moveit2/install/dynamixel_controller_gui:/home/a/ws_moveit2/install/dynamixel_sdk:/home/a/ws_moveit2/install/dynamixel_controller_client:/home/a/ws_moveit2/install/d415_rgb_depth_3d:/home/a/ws_moveit2/install/catch_gazebo_ros2_control:/home/a/ws_moveit2/install/blue_seiretu_description:/opt/ros/humble /usr/bin/cmake --build /home/a/ws_moveit2/build/blue_seiretu_description -- -j22 -l22
[0.946s] Invoked command in '/home/a/ws_moveit2/build/blue_seiretu_description' returned '0': CMAKE_PREFIX_PATH=${CMAKE_PREFIX_PATH}:/home/a/ws_moveit2/install/trac_ik_lib:/home/a/ws_moveit2/install/mavlink_controller_client:/home/a/ws_moveit2/install/moveit_configs_utils:/home/a/ws_moveit2/install/srdfdom:/home/a/ws_moveit2/install/ros_tcp_endpoint:/home/a/ws_moveit2/install/rogilink_flex_example_py:/home/a/ws_moveit2/install/rogilink_flex_gui:/home/a/ws_moveit2/install/realsense2_ros_mqtt_bridge:/home/a/ws_moveit2/install/realsense2_camera_msgs:/home/a/ws_moveit2/install/moveit_task_constructor_msgs:/home/a/ws_moveit2/install/moveit_resources_prbt_support:/home/a/ws_moveit2/install/moveit_resources_pr2_description:/home/a/ws_moveit2/install/moveit_resources_panda_description:/home/a/ws_moveit2/install/moveit_resources_fanuc_description:/home/a/ws_moveit2/install/moveit_common:/home/a/ws_moveit2/install/launch_param_builder:/home/a/ws_moveit2/install/dynamixel_sdk_custom_interfaces:/home/a/ws_moveit2/install/dynamixel_controller_gui:/home/a/ws_moveit2/install/dynamixel_sdk:/home/a/ws_moveit2/install/dynamixel_controller_client:/home/a/ws_moveit2/install/d415_rgb_depth_3d:/home/a/ws_moveit2/install/catch_gazebo_ros2_control:/home/a/ws_moveit2/install/blue_seiretu_description:/opt/ros/humble /usr/bin/cmake --build /home/a/ws_moveit2/build/blue_seiretu_description -- -j22 -l22
[0.947s] Invoking command in '/home/a/ws_moveit2/build/blue_seiretu_description': CMAKE_PREFIX_PATH=${CMAKE_PREFIX_PATH}:/home/a/ws_moveit2/install/trac_ik_lib:/home/a/ws_moveit2/install/mavlink_controller_client:/home/a/ws_moveit2/install/moveit_configs_utils:/home/a/ws_moveit2/install/srdfdom:/home/a/ws_moveit2/install/ros_tcp_endpoint:/home/a/ws_moveit2/install/rogilink_flex_example_py:/home/a/ws_moveit2/install/rogilink_flex_gui:/home/a/ws_moveit2/install/realsense2_ros_mqtt_bridge:/home/a/ws_moveit2/install/realsense2_camera_msgs:/home/a/ws_moveit2/install/moveit_task_constructor_msgs:/home/a/ws_moveit2/install/moveit_resources_prbt_support:/home/a/ws_moveit2/install/moveit_resources_pr2_description:/home/a/ws_moveit2/install/moveit_resources_panda_description:/home/a/ws_moveit2/install/moveit_resources_fanuc_description:/home/a/ws_moveit2/install/moveit_common:/home/a/ws_moveit2/install/launch_param_builder:/home/a/ws_moveit2/install/dynamixel_sdk_custom_interfaces:/home/a/ws_moveit2/install/dynamixel_controller_gui:/home/a/ws_moveit2/install/dynamixel_sdk:/home/a/ws_moveit2/install/dynamixel_controller_client:/home/a/ws_moveit2/install/d415_rgb_depth_3d:/home/a/ws_moveit2/install/catch_gazebo_ros2_control:/home/a/ws_moveit2/install/blue_seiretu_description:/opt/ros/humble /usr/bin/cmake --install /home/a/ws_moveit2/build/blue_seiretu_description
[0.980s] -- Install configuration: ""
[0.980s] -- Up-to-date: /home/a/ws_moveit2/install/blue_seiretu_description/share/blue_seiretu_description/meshes
[0.980s] -- Up-to-date: /home/a/ws_moveit2/install/blue_seiretu_description/share/blue_seiretu_description/meshes/blue_seiretu_1.stl
[0.980s] -- Up-to-date: /home/a/ws_moveit2/install/blue_seiretu_description/share/blue_seiretu_description/meshes/base_link.stl
[0.980s] -- Up-to-date: /home/a/ws_moveit2/install/blue_seiretu_description/share/blue_seiretu_description/urdf
[0.980s] -- Up-to-date: /home/a/ws_moveit2/install/blue_seiretu_description/share/blue_seiretu_description/urdf/materials.xacro
[0.980s] -- Up-to-date: /home/a/ws_moveit2/install/blue_seiretu_description/share/blue_seiretu_description/urdf/materials.urdf
[0.980s] -- Up-to-date: /home/a/ws_moveit2/install/blue_seiretu_description/share/blue_seiretu_description/urdf/blue_seiretu.urdf
[0.980s] -- Up-to-date: /home/a/ws_moveit2/install/blue_seiretu_description/share/blue_seiretu_description/urdf/blue_seiretu.xacro
[0.980s] -- Up-to-date: /home/a/ws_moveit2/install/blue_seiretu_description/share/blue_seiretu_description/urdf/blue_seiretu.trans
[0.980s] -- Up-to-date: /home/a/ws_moveit2/install/blue_seiretu_description/share/blue_seiretu_description/launch
[0.980s] -- Up-to-date: /home/a/ws_moveit2/install/blue_seiretu_description/share/blue_seiretu_description/launch/robot_description.launch.py
[0.980s] -- Up-to-date: /home/a/ws_moveit2/install/blue_seiretu_description/share/ament_index/resource_index/package_run_dependencies/blue_seiretu_description
[0.980s] -- Up-to-date: /home/a/ws_moveit2/install/blue_seiretu_description/share/ament_index/resource_index/parent_prefix_path/blue_seiretu_description
[0.980s] -- Up-to-date: /home/a/ws_moveit2/install/blue_seiretu_description/share/blue_seiretu_description/environment/ament_prefix_path.sh
[0.980s] -- Up-to-date: /home/a/ws_moveit2/install/blue_seiretu_description/share/blue_seiretu_description/environment/ament_prefix_path.dsv
[0.980s] -- Up-to-date: /home/a/ws_moveit2/install/blue_seiretu_description/share/blue_seiretu_description/environment/path.sh
[0.980s] -- Up-to-date: /home/a/ws_moveit2/install/blue_seiretu_description/share/blue_seiretu_description/environment/path.dsv
[0.980s] -- Up-to-date: /home/a/ws_moveit2/install/blue_seiretu_description/share/blue_seiretu_description/local_setup.bash
[0.980s] -- Up-to-date: /home/a/ws_moveit2/install/blue_seiretu_description/share/blue_seiretu_description/local_setup.sh
[0.980s] -- Up-to-date: /home/a/ws_moveit2/install/blue_seiretu_description/share/blue_seiretu_description/local_setup.zsh
[0.980s] -- Up-to-date: /home/a/ws_moveit2/install/blue_seiretu_description/share/blue_seiretu_description/local_setup.dsv
[0.980s] -- Up-to-date: /home/a/ws_moveit2/install/blue_seiretu_description/share/blue_seiretu_description/package.dsv
[0.980s] -- Up-to-date: /home/a/ws_moveit2/install/blue_seiretu_description/share/ament_index/resource_index/packages/blue_seiretu_description
[0.980s] -- Up-to-date: /home/a/ws_moveit2/install/blue_seiretu_description/share/blue_seiretu_description/cmake/blue_seiretu_descriptionConfig.cmake
[0.980s] -- Up-to-date: /home/a/ws_moveit2/install/blue_seiretu_description/share/blue_seiretu_description/cmake/blue_seiretu_descriptionConfig-version.cmake
[0.980s] -- Up-to-date: /home/a/ws_moveit2/install/blue_seiretu_description/share/blue_seiretu_description/package.xml
