[  1%] Built target stm32_mavlink_interface__cpp
[ 12%] Built target stm32_mavlink_interface__rosidl_generator_c
[ 12%] Built target ament_cmake_python_copy_stm32_mavlink_interface
[ 23%] Built target stm32_mavlink_interface__rosidl_typesupport_cpp
[ 34%] Built target stm32_mavlink_interface__rosidl_typesupport_fastrtps_cpp
[ 46%] Built target stm32_mavlink_interface__rosidl_typesupport_introspection_c
[ 57%] Built target stm32_mavlink_interface__rosidl_typesupport_c
[ 69%] Built target stm32_mavlink_interface__rosidl_typesupport_introspection_cpp
[ 80%] Built target stm32_mavlink_interface__rosidl_typesupport_fastrtps_c
[ 80%] Built target stm32_mavlink_interface
[ 84%] Built target mavlink_serial_node
[ 85%] Built target stm32_mavlink_interface__py
[ 95%] Built target stm32_mavlink_interface__rosidl_generator_py
[ 97%] Built target stm32_mavlink_interface__rosidl_typesupport_fastrtps_c__pyext
[ 99%] Built target stm32_mavlink_interface__rosidl_typesupport_c__pyext
[100%] Built target stm32_mavlink_interface__rosidl_typesupport_introspection_c__pyext
running egg_info
writing stm32_mavlink_interface.egg-info/PKG-INFO
writing dependency_links to stm32_mavlink_interface.egg-info/dependency_links.txt
writing top-level names to stm32_mavlink_interface.egg-info/top_level.txt
reading manifest file 'stm32_mavlink_interface.egg-info/SOURCES.txt'
writing manifest file 'stm32_mavlink_interface.egg-info/SOURCES.txt'
[100%] Built target ament_cmake_python_build_stm32_mavlink_interface_egg
