[0.255s] Invoking command in '/home/a/ws_moveit2/build/stm32_mavlink_interface': CMAKE_PREFIX_PATH=${CMAKE_PREFIX_PATH}:/home/a/ws_moveit2/install/trac_ik_lib:/home/a/ws_moveit2/install/mavlink_controller_client:/home/a/ws_moveit2/install/moveit_configs_utils:/home/a/ws_moveit2/install/srdfdom:/home/a/ws_moveit2/install/ros_tcp_endpoint:/home/a/ws_moveit2/install/rogilink_flex_example_py:/home/a/ws_moveit2/install/rogilink_flex_gui:/home/a/ws_moveit2/install/realsense2_ros_mqtt_bridge:/home/a/ws_moveit2/install/realsense2_camera_msgs:/home/a/ws_moveit2/install/moveit_task_constructor_msgs:/home/a/ws_moveit2/install/moveit_resources_prbt_support:/home/a/ws_moveit2/install/moveit_resources_pr2_description:/home/a/ws_moveit2/install/moveit_resources_panda_description:/home/a/ws_moveit2/install/moveit_resources_fanuc_description:/home/a/ws_moveit2/install/moveit_common:/home/a/ws_moveit2/install/launch_param_builder:/home/a/ws_moveit2/install/dynamixel_sdk_custom_interfaces:/home/a/ws_moveit2/install/dynamixel_controller_gui:/home/a/ws_moveit2/install/dynamixel_sdk:/home/a/ws_moveit2/install/dynamixel_controller_client:/home/a/ws_moveit2/install/d415_rgb_depth_3d:/home/a/ws_moveit2/install/catch_gazebo_ros2_control:/home/a/ws_moveit2/install/blue_seiretu_description:/opt/ros/humble /usr/bin/cmake --build /home/a/ws_moveit2/build/stm32_mavlink_interface -- -j22 -l22
[0.926s] [  1%] Built target stm32_mavlink_interface__cpp
[0.927s] [ 12%] Built target stm32_mavlink_interface__rosidl_generator_c
[0.927s] [ 12%] Built target ament_cmake_python_copy_stm32_mavlink_interface
[0.927s] [ 23%] Built target stm32_mavlink_interface__rosidl_typesupport_cpp
[0.927s] [ 34%] Built target stm32_mavlink_interface__rosidl_typesupport_fastrtps_cpp
[0.927s] [ 46%] Built target stm32_mavlink_interface__rosidl_typesupport_introspection_c
[0.927s] [ 57%] Built target stm32_mavlink_interface__rosidl_typesupport_c
[0.927s] [ 69%] Built target stm32_mavlink_interface__rosidl_typesupport_introspection_cpp
[0.927s] [ 80%] Built target stm32_mavlink_interface__rosidl_typesupport_fastrtps_c
[0.927s] [ 80%] Built target stm32_mavlink_interface
[0.927s] [ 84%] Built target mavlink_serial_node
[0.927s] [ 85%] Built target stm32_mavlink_interface__py
[0.927s] [ 95%] Built target stm32_mavlink_interface__rosidl_generator_py
[0.927s] [ 97%] Built target stm32_mavlink_interface__rosidl_typesupport_fastrtps_c__pyext
[0.927s] [ 99%] Built target stm32_mavlink_interface__rosidl_typesupport_c__pyext
[0.927s] [100%] Built target stm32_mavlink_interface__rosidl_typesupport_introspection_c__pyext
[0.927s] running egg_info
[0.927s] writing stm32_mavlink_interface.egg-info/PKG-INFO
[0.928s] writing dependency_links to stm32_mavlink_interface.egg-info/dependency_links.txt
[0.928s] writing top-level names to stm32_mavlink_interface.egg-info/top_level.txt
[0.928s] reading manifest file 'stm32_mavlink_interface.egg-info/SOURCES.txt'
[0.928s] writing manifest file 'stm32_mavlink_interface.egg-info/SOURCES.txt'
[0.928s] [100%] Built target ament_cmake_python_build_stm32_mavlink_interface_egg
[0.971s] Invoked command in '/home/a/ws_moveit2/build/stm32_mavlink_interface' returned '0': CMAKE_PREFIX_PATH=${CMAKE_PREFIX_PATH}:/home/a/ws_moveit2/install/trac_ik_lib:/home/a/ws_moveit2/install/mavlink_controller_client:/home/a/ws_moveit2/install/moveit_configs_utils:/home/a/ws_moveit2/install/srdfdom:/home/a/ws_moveit2/install/ros_tcp_endpoint:/home/a/ws_moveit2/install/rogilink_flex_example_py:/home/a/ws_moveit2/install/rogilink_flex_gui:/home/a/ws_moveit2/install/realsense2_ros_mqtt_bridge:/home/a/ws_moveit2/install/realsense2_camera_msgs:/home/a/ws_moveit2/install/moveit_task_constructor_msgs:/home/a/ws_moveit2/install/moveit_resources_prbt_support:/home/a/ws_moveit2/install/moveit_resources_pr2_description:/home/a/ws_moveit2/install/moveit_resources_panda_description:/home/a/ws_moveit2/install/moveit_resources_fanuc_description:/home/a/ws_moveit2/install/moveit_common:/home/a/ws_moveit2/install/launch_param_builder:/home/a/ws_moveit2/install/dynamixel_sdk_custom_interfaces:/home/a/ws_moveit2/install/dynamixel_controller_gui:/home/a/ws_moveit2/install/dynamixel_sdk:/home/a/ws_moveit2/install/dynamixel_controller_client:/home/a/ws_moveit2/install/d415_rgb_depth_3d:/home/a/ws_moveit2/install/catch_gazebo_ros2_control:/home/a/ws_moveit2/install/blue_seiretu_description:/opt/ros/humble /usr/bin/cmake --build /home/a/ws_moveit2/build/stm32_mavlink_interface -- -j22 -l22
[0.972s] Invoking command in '/home/a/ws_moveit2/build/stm32_mavlink_interface': CMAKE_PREFIX_PATH=${CMAKE_PREFIX_PATH}:/home/a/ws_moveit2/install/trac_ik_lib:/home/a/ws_moveit2/install/mavlink_controller_client:/home/a/ws_moveit2/install/moveit_configs_utils:/home/a/ws_moveit2/install/srdfdom:/home/a/ws_moveit2/install/ros_tcp_endpoint:/home/a/ws_moveit2/install/rogilink_flex_example_py:/home/a/ws_moveit2/install/rogilink_flex_gui:/home/a/ws_moveit2/install/realsense2_ros_mqtt_bridge:/home/a/ws_moveit2/install/realsense2_camera_msgs:/home/a/ws_moveit2/install/moveit_task_constructor_msgs:/home/a/ws_moveit2/install/moveit_resources_prbt_support:/home/a/ws_moveit2/install/moveit_resources_pr2_description:/home/a/ws_moveit2/install/moveit_resources_panda_description:/home/a/ws_moveit2/install/moveit_resources_fanuc_description:/home/a/ws_moveit2/install/moveit_common:/home/a/ws_moveit2/install/launch_param_builder:/home/a/ws_moveit2/install/dynamixel_sdk_custom_interfaces:/home/a/ws_moveit2/install/dynamixel_controller_gui:/home/a/ws_moveit2/install/dynamixel_sdk:/home/a/ws_moveit2/install/dynamixel_controller_client:/home/a/ws_moveit2/install/d415_rgb_depth_3d:/home/a/ws_moveit2/install/catch_gazebo_ros2_control:/home/a/ws_moveit2/install/blue_seiretu_description:/opt/ros/humble /usr/bin/cmake --install /home/a/ws_moveit2/build/stm32_mavlink_interface
