[  4%] Built target dynamixel_controller__cpp
[ 12%] Built target dynamixel_controller__rosidl_generator_c
[ 12%] Built target ament_cmake_python_copy_dynamixel_controller
[ 22%] Built target dynamixel_controller__rosidl_typesupport_introspection_cpp
[ 42%] Built target dynamixel_controller__rosidl_typesupport_c
[ 42%] Built target dynamixel_controller__rosidl_typesupport_fastrtps_cpp
[ 53%] Built target dynamixel_controller__rosidl_typesupport_introspection_c
[ 63%] Built target dynamixel_controller__rosidl_typesupport_fastrtps_c
[ 73%] Built target dynamixel_controller__rosidl_typesupport_cpp
[ 73%] Built target dynamixel_controller
[ 77%] Built target dynamixel_controller_node
[ 79%] Built target dynamixel_controller__py
[ 87%] Built target dynamixel_controller__rosidl_generator_py
[ 95%] Built target dynamixel_controller__rosidl_typesupport_c__pyext
[ 95%] Built target dynamixel_controller__rosidl_typesupport_fastrtps_c__pyext
[100%] Built target dynamixel_controller__rosidl_typesupport_introspection_c__pyext
running egg_info
writing dynamixel_controller.egg-info/PKG-INFO
writing dependency_links to dynamixel_controller.egg-info/dependency_links.txt
writing top-level names to dynamixel_controller.egg-info/top_level.txt
reading manifest file 'dynamixel_controller.egg-info/SOURCES.txt'
writing manifest file 'dynamixel_controller.egg-info/SOURCES.txt'
[100%] Built target ament_cmake_python_build_dynamixel_controller_egg
-- Install configuration: "Debug"
-- Installing: /home/a/ws_moveit2/install/dynamixel_controller/share/ament_index/resource_index/rosidl_interfaces/dynamixel_controller
-- Up-to-date: /home/a/ws_moveit2/install/dynamixel_controller/include/dynamixel_controller/dynamixel_controller
-- Up-to-date: /home/a/ws_moveit2/install/dynamixel_controller/include/dynamixel_controller/dynamixel_controller/msg
-- Installing: /home/a/ws_moveit2/install/dynamixel_controller/include/dynamixel_controller/dynamixel_controller/msg/rosidl_generator_c__visibility_control.h
-- Installing: /home/a/ws_moveit2/install/dynamixel_controller/include/dynamixel_controller/dynamixel_controller/msg/dynamixel_controller.h
-- Installing: /home/a/ws_moveit2/install/dynamixel_controller/include/dynamixel_controller/dynamixel_controller/msg/dynamixel_response.h
-- Up-to-date: /home/a/ws_moveit2/install/dynamixel_controller/include/dynamixel_controller/dynamixel_controller/msg/detail
-- Installing: /home/a/ws_moveit2/install/dynamixel_controller/include/dynamixel_controller/dynamixel_controller/msg/detail/dynamixel_command__functions.c
-- Installing: /home/a/ws_moveit2/install/dynamixel_controller/include/dynamixel_controller/dynamixel_controller/msg/detail/dynamixel_controller__functions.c
-- Installing: /home/a/ws_moveit2/install/dynamixel_controller/include/dynamixel_controller/dynamixel_controller/msg/detail/dynamixel_controller__functions.h
-- Installing: /home/a/ws_moveit2/install/dynamixel_controller/include/dynamixel_controller/dynamixel_controller/msg/detail/dynamixel_command__type_support.h
-- Installing: /home/a/ws_moveit2/install/dynamixel_controller/include/dynamixel_controller/dynamixel_controller/msg/detail/dynamixel_command__functions.h
-- Installing: /home/a/ws_moveit2/install/dynamixel_controller/include/dynamixel_controller/dynamixel_controller/msg/detail/dynamixel_response__functions.h
-- Installing: /home/a/ws_moveit2/install/dynamixel_controller/include/dynamixel_controller/dynamixel_controller/msg/detail/dynamixel_controller__type_support.h
-- Installing: /home/a/ws_moveit2/install/dynamixel_controller/include/dynamixel_controller/dynamixel_controller/msg/detail/dynamixel_response__struct.h
-- Installing: /home/a/ws_moveit2/install/dynamixel_controller/include/dynamixel_controller/dynamixel_controller/msg/detail/dynamixel_controller__struct.h
-- Installing: /home/a/ws_moveit2/install/dynamixel_controller/include/dynamixel_controller/dynamixel_controller/msg/detail/dynamixel_response__type_support.h
-- Installing: /home/a/ws_moveit2/install/dynamixel_controller/include/dynamixel_controller/dynamixel_controller/msg/detail/dynamixel_response__functions.c
-- Installing: /home/a/ws_moveit2/install/dynamixel_controller/include/dynamixel_controller/dynamixel_controller/msg/detail/dynamixel_command__struct.h
-- Installing: /home/a/ws_moveit2/install/dynamixel_controller/include/dynamixel_controller/dynamixel_controller/msg/dynamixel_command.h
-- Installing: /home/a/ws_moveit2/install/dynamixel_controller/share/dynamixel_controller/environment/library_path.sh
-- Installing: /home/a/ws_moveit2/install/dynamixel_controller/share/dynamixel_controller/environment/library_path.dsv
-- Installing: /home/a/ws_moveit2/install/dynamixel_controller/lib/libdynamixel_controller__rosidl_generator_c.so
-- Set runtime path of "/home/a/ws_moveit2/install/dynamixel_controller/lib/libdynamixel_controller__rosidl_generator_c.so" to ""
-- Up-to-date: /home/a/ws_moveit2/install/dynamixel_controller/include/dynamixel_controller/dynamixel_controller
-- Up-to-date: /home/a/ws_moveit2/install/dynamixel_controller/include/dynamixel_controller/dynamixel_controller/msg
-- Installing: /home/a/ws_moveit2/install/dynamixel_controller/include/dynamixel_controller/dynamixel_controller/msg/rosidl_typesupport_fastrtps_c__visibility_control.h
-- Up-to-date: /home/a/ws_moveit2/install/dynamixel_controller/include/dynamixel_controller/dynamixel_controller/msg/detail
-- Installing: /home/a/ws_moveit2/install/dynamixel_controller/include/dynamixel_controller/dynamixel_controller/msg/detail/dynamixel_controller__rosidl_typesupport_fastrtps_c.h
-- Installing: /home/a/ws_moveit2/install/dynamixel_controller/include/dynamixel_controller/dynamixel_controller/msg/detail/dynamixel_response__rosidl_typesupport_fastrtps_c.h
-- Installing: /home/a/ws_moveit2/install/dynamixel_controller/include/dynamixel_controller/dynamixel_controller/msg/detail/dynamixel_command__rosidl_typesupport_fastrtps_c.h
-- Installing: /home/a/ws_moveit2/install/dynamixel_controller/lib/libdynamixel_controller__rosidl_typesupport_fastrtps_c.so
-- Set runtime path of "/home/a/ws_moveit2/install/dynamixel_controller/lib/libdynamixel_controller__rosidl_typesupport_fastrtps_c.so" to ""
-- Up-to-date: /home/a/ws_moveit2/install/dynamixel_controller/include/dynamixel_controller/dynamixel_controller
-- Up-to-date: /home/a/ws_moveit2/install/dynamixel_controller/include/dynamixel_controller/dynamixel_controller/msg
-- Installing: /home/a/ws_moveit2/install/dynamixel_controller/include/dynamixel_controller/dynamixel_controller/msg/dynamixel_command.hpp
-- Installing: /home/a/ws_moveit2/install/dynamixel_controller/include/dynamixel_controller/dynamixel_controller/msg/dynamixel_response.hpp
-- Installing: /home/a/ws_moveit2/install/dynamixel_controller/include/dynamixel_controller/dynamixel_controller/msg/rosidl_generator_cpp__visibility_control.hpp
-- Installing: /home/a/ws_moveit2/install/dynamixel_controller/include/dynamixel_controller/dynamixel_controller/msg/dynamixel_controller.hpp
-- Up-to-date: /home/a/ws_moveit2/install/dynamixel_controller/include/dynamixel_controller/dynamixel_controller/msg/detail
-- Installing: /home/a/ws_moveit2/install/dynamixel_controller/include/dynamixel_controller/dynamixel_controller/msg/detail/dynamixel_controller__type_support.hpp
-- Installing: /home/a/ws_moveit2/install/dynamixel_controller/include/dynamixel_controller/dynamixel_controller/msg/detail/dynamixel_response__struct.hpp
-- Installing: /home/a/ws_moveit2/install/dynamixel_controller/include/dynamixel_controller/dynamixel_controller/msg/detail/dynamixel_controller__struct.hpp
-- Installing: /home/a/ws_moveit2/install/dynamixel_controller/include/dynamixel_controller/dynamixel_controller/msg/detail/dynamixel_controller__builder.hpp
-- Installing: /home/a/ws_moveit2/install/dynamixel_controller/include/dynamixel_controller/dynamixel_controller/msg/detail/dynamixel_response__builder.hpp
-- Installing: /home/a/ws_moveit2/install/dynamixel_controller/include/dynamixel_controller/dynamixel_controller/msg/detail/dynamixel_response__traits.hpp
-- Installing: /home/a/ws_moveit2/install/dynamixel_controller/include/dynamixel_controller/dynamixel_controller/msg/detail/dynamixel_command__type_support.hpp
-- Installing: /home/a/ws_moveit2/install/dynamixel_controller/include/dynamixel_controller/dynamixel_controller/msg/detail/dynamixel_command__traits.hpp
-- Installing: /home/a/ws_moveit2/install/dynamixel_controller/include/dynamixel_controller/dynamixel_controller/msg/detail/dynamixel_command__builder.hpp
-- Installing: /home/a/ws_moveit2/install/dynamixel_controller/include/dynamixel_controller/dynamixel_controller/msg/detail/dynamixel_command__struct.hpp
-- Installing: /home/a/ws_moveit2/install/dynamixel_controller/include/dynamixel_controller/dynamixel_controller/msg/detail/dynamixel_response__type_support.hpp
-- Installing: /home/a/ws_moveit2/install/dynamixel_controller/include/dynamixel_controller/dynamixel_controller/msg/detail/dynamixel_controller__traits.hpp
-- Up-to-date: /home/a/ws_moveit2/install/dynamixel_controller/include/dynamixel_controller/dynamixel_controller
-- Up-to-date: /home/a/ws_moveit2/install/dynamixel_controller/include/dynamixel_controller/dynamixel_controller/msg
-- Up-to-date: /home/a/ws_moveit2/install/dynamixel_controller/include/dynamixel_controller/dynamixel_controller/msg/detail
-- Installing: /home/a/ws_moveit2/install/dynamixel_controller/include/dynamixel_controller/dynamixel_controller/msg/detail/dynamixel_command__rosidl_typesupport_fastrtps_cpp.hpp
-- Installing: /home/a/ws_moveit2/install/dynamixel_controller/include/dynamixel_controller/dynamixel_controller/msg/detail/dynamixel_controller__rosidl_typesupport_fastrtps_cpp.hpp
-- Installing: /home/a/ws_moveit2/install/dynamixel_controller/include/dynamixel_controller/dynamixel_controller/msg/detail/dynamixel_response__rosidl_typesupport_fastrtps_cpp.hpp
-- Up-to-date: /home/a/ws_moveit2/install/dynamixel_controller/include/dynamixel_controller/dynamixel_controller/msg/detail/dds_fastrtps
-- Installing: /home/a/ws_moveit2/install/dynamixel_controller/include/dynamixel_controller/dynamixel_controller/msg/rosidl_typesupport_fastrtps_cpp__visibility_control.h
-- Installing: /home/a/ws_moveit2/install/dynamixel_controller/lib/libdynamixel_controller__rosidl_typesupport_fastrtps_cpp.so
-- Set runtime path of "/home/a/ws_moveit2/install/dynamixel_controller/lib/libdynamixel_controller__rosidl_typesupport_fastrtps_cpp.so" to ""
-- Up-to-date: /home/a/ws_moveit2/install/dynamixel_controller/include/dynamixel_controller/dynamixel_controller
-- Up-to-date: /home/a/ws_moveit2/install/dynamixel_controller/include/dynamixel_controller/dynamixel_controller/msg
-- Installing: /home/a/ws_moveit2/install/dynamixel_controller/include/dynamixel_controller/dynamixel_controller/msg/rosidl_typesupport_introspection_c__visibility_control.h
-- Up-to-date: /home/a/ws_moveit2/install/dynamixel_controller/include/dynamixel_controller/dynamixel_controller/msg/detail
-- Installing: /home/a/ws_moveit2/install/dynamixel_controller/include/dynamixel_controller/dynamixel_controller/msg/detail/dynamixel_response__type_support.c
-- Installing: /home/a/ws_moveit2/install/dynamixel_controller/include/dynamixel_controller/dynamixel_controller/msg/detail/dynamixel_command__type_support.c
-- Installing: /home/a/ws_moveit2/install/dynamixel_controller/include/dynamixel_controller/dynamixel_controller/msg/detail/dynamixel_controller__type_support.c
-- Installing: /home/a/ws_moveit2/install/dynamixel_controller/include/dynamixel_controller/dynamixel_controller/msg/detail/dynamixel_controller__rosidl_typesupport_introspection_c.h
-- Installing: /home/a/ws_moveit2/install/dynamixel_controller/include/dynamixel_controller/dynamixel_controller/msg/detail/dynamixel_command__rosidl_typesupport_introspection_c.h
-- Installing: /home/a/ws_moveit2/install/dynamixel_controller/include/dynamixel_controller/dynamixel_controller/msg/detail/dynamixel_response__rosidl_typesupport_introspection_c.h
-- Installing: /home/a/ws_moveit2/install/dynamixel_controller/lib/libdynamixel_controller__rosidl_typesupport_introspection_c.so
-- Set runtime path of "/home/a/ws_moveit2/install/dynamixel_controller/lib/libdynamixel_controller__rosidl_typesupport_introspection_c.so" to ""
-- Installing: /home/a/ws_moveit2/install/dynamixel_controller/lib/libdynamixel_controller__rosidl_typesupport_c.so
-- Set runtime path of "/home/a/ws_moveit2/install/dynamixel_controller/lib/libdynamixel_controller__rosidl_typesupport_c.so" to ""
-- Up-to-date: /home/a/ws_moveit2/install/dynamixel_controller/include/dynamixel_controller/dynamixel_controller
-- Up-to-date: /home/a/ws_moveit2/install/dynamixel_controller/include/dynamixel_controller/dynamixel_controller/msg
-- Up-to-date: /home/a/ws_moveit2/install/dynamixel_controller/include/dynamixel_controller/dynamixel_controller/msg/detail
-- Installing: /home/a/ws_moveit2/install/dynamixel_controller/include/dynamixel_controller/dynamixel_controller/msg/detail/dynamixel_controller__type_support.cpp
-- Installing: /home/a/ws_moveit2/install/dynamixel_controller/include/dynamixel_controller/dynamixel_controller/msg/detail/dynamixel_response__type_support.cpp
-- Installing: /home/a/ws_moveit2/install/dynamixel_controller/include/dynamixel_controller/dynamixel_controller/msg/detail/dynamixel_response__rosidl_typesupport_introspection_cpp.hpp
-- Installing: /home/a/ws_moveit2/install/dynamixel_controller/include/dynamixel_controller/dynamixel_controller/msg/detail/dynamixel_command__type_support.cpp
-- Installing: /home/a/ws_moveit2/install/dynamixel_controller/include/dynamixel_controller/dynamixel_controller/msg/detail/dynamixel_controller__rosidl_typesupport_introspection_cpp.hpp
-- Installing: /home/a/ws_moveit2/install/dynamixel_controller/include/dynamixel_controller/dynamixel_controller/msg/detail/dynamixel_command__rosidl_typesupport_introspection_cpp.hpp
-- Installing: /home/a/ws_moveit2/install/dynamixel_controller/lib/libdynamixel_controller__rosidl_typesupport_introspection_cpp.so
-- Set runtime path of "/home/a/ws_moveit2/install/dynamixel_controller/lib/libdynamixel_controller__rosidl_typesupport_introspection_cpp.so" to ""
-- Installing: /home/a/ws_moveit2/install/dynamixel_controller/lib/libdynamixel_controller__rosidl_typesupport_cpp.so
-- Set runtime path of "/home/a/ws_moveit2/install/dynamixel_controller/lib/libdynamixel_controller__rosidl_typesupport_cpp.so" to ""
-- Installing: /home/a/ws_moveit2/install/dynamixel_controller/share/dynamixel_controller/environment/pythonpath.sh
-- Installing: /home/a/ws_moveit2/install/dynamixel_controller/share/dynamixel_controller/environment/pythonpath.dsv
-- Up-to-date: /home/a/ws_moveit2/install/dynamixel_controller/local/lib/python3.10/dist-packages/dynamixel_controller-0.0.0-py3.10.egg-info
-- Installing: /home/a/ws_moveit2/install/dynamixel_controller/local/lib/python3.10/dist-packages/dynamixel_controller-0.0.0-py3.10.egg-info/top_level.txt
-- Installing: /home/a/ws_moveit2/install/dynamixel_controller/local/lib/python3.10/dist-packages/dynamixel_controller-0.0.0-py3.10.egg-info/SOURCES.txt
-- Installing: /home/a/ws_moveit2/install/dynamixel_controller/local/lib/python3.10/dist-packages/dynamixel_controller-0.0.0-py3.10.egg-info/PKG-INFO
-- Installing: /home/a/ws_moveit2/install/dynamixel_controller/local/lib/python3.10/dist-packages/dynamixel_controller-0.0.0-py3.10.egg-info/dependency_links.txt
-- Up-to-date: /home/a/ws_moveit2/install/dynamixel_controller/local/lib/python3.10/dist-packages/dynamixel_controller
-- Up-to-date: /home/a/ws_moveit2/install/dynamixel_controller/local/lib/python3.10/dist-packages/dynamixel_controller/msg
-- Installing: /home/a/ws_moveit2/install/dynamixel_controller/local/lib/python3.10/dist-packages/dynamixel_controller/msg/_dynamixel_response.py
-- Installing: /home/a/ws_moveit2/install/dynamixel_controller/local/lib/python3.10/dist-packages/dynamixel_controller/msg/_dynamixel_controller_s.c
-- Installing: /home/a/ws_moveit2/install/dynamixel_controller/local/lib/python3.10/dist-packages/dynamixel_controller/msg/_dynamixel_controller.py
-- Installing: /home/a/ws_moveit2/install/dynamixel_controller/local/lib/python3.10/dist-packages/dynamixel_controller/msg/__init__.py
-- Installing: /home/a/ws_moveit2/install/dynamixel_controller/local/lib/python3.10/dist-packages/dynamixel_controller/msg/_dynamixel_response_s.c
-- Installing: /home/a/ws_moveit2/install/dynamixel_controller/local/lib/python3.10/dist-packages/dynamixel_controller/msg/_dynamixel_command.py
-- Installing: /home/a/ws_moveit2/install/dynamixel_controller/local/lib/python3.10/dist-packages/dynamixel_controller/msg/_dynamixel_command_s.c
-- Installing: /home/a/ws_moveit2/install/dynamixel_controller/local/lib/python3.10/dist-packages/dynamixel_controller/_dynamixel_controller_s.ep.rosidl_typesupport_introspection_c.c
-- Installing: /home/a/ws_moveit2/install/dynamixel_controller/local/lib/python3.10/dist-packages/dynamixel_controller/dynamixel_controller_s__rosidl_typesupport_fastrtps_c.cpython-310-x86_64-linux-gnu.so
-- Installing: /home/a/ws_moveit2/install/dynamixel_controller/local/lib/python3.10/dist-packages/dynamixel_controller/__init__.py
-- Installing: /home/a/ws_moveit2/install/dynamixel_controller/local/lib/python3.10/dist-packages/dynamixel_controller/dynamixel_controller_s__rosidl_typesupport_introspection_c.cpython-310-x86_64-linux-gnu.so
-- Installing: /home/a/ws_moveit2/install/dynamixel_controller/local/lib/python3.10/dist-packages/dynamixel_controller/_dynamixel_controller_s.ep.rosidl_typesupport_fastrtps_c.c
-- Installing: /home/a/ws_moveit2/install/dynamixel_controller/local/lib/python3.10/dist-packages/dynamixel_controller/dynamixel_controller_s__rosidl_typesupport_c.cpython-310-x86_64-linux-gnu.so
-- Installing: /home/a/ws_moveit2/install/dynamixel_controller/local/lib/python3.10/dist-packages/dynamixel_controller/_dynamixel_controller_s.ep.rosidl_typesupport_c.c
-- Installing: /home/a/ws_moveit2/install/dynamixel_controller/local/lib/python3.10/dist-packages/dynamixel_controller/libdynamixel_controller__rosidl_generator_py.so
Listing '/home/a/ws_moveit2/install/dynamixel_controller/local/lib/python3.10/dist-packages/dynamixel_controller'...
Listing '/home/a/ws_moveit2/install/dynamixel_controller/local/lib/python3.10/dist-packages/dynamixel_controller/msg'...
-- Installing: /home/a/ws_moveit2/install/dynamixel_controller/local/lib/python3.10/dist-packages/dynamixel_controller/dynamixel_controller_s__rosidl_typesupport_fastrtps_c.cpython-310-x86_64-linux-gnu.so
-- Set runtime path of "/home/a/ws_moveit2/install/dynamixel_controller/local/lib/python3.10/dist-packages/dynamixel_controller/dynamixel_controller_s__rosidl_typesupport_fastrtps_c.cpython-310-x86_64-linux-gnu.so" to ""
-- Installing: /home/a/ws_moveit2/install/dynamixel_controller/local/lib/python3.10/dist-packages/dynamixel_controller/dynamixel_controller_s__rosidl_typesupport_introspection_c.cpython-310-x86_64-linux-gnu.so
-- Set runtime path of "/home/a/ws_moveit2/install/dynamixel_controller/local/lib/python3.10/dist-packages/dynamixel_controller/dynamixel_controller_s__rosidl_typesupport_introspection_c.cpython-310-x86_64-linux-gnu.so" to ""
-- Installing: /home/a/ws_moveit2/install/dynamixel_controller/local/lib/python3.10/dist-packages/dynamixel_controller/dynamixel_controller_s__rosidl_typesupport_c.cpython-310-x86_64-linux-gnu.so
-- Set runtime path of "/home/a/ws_moveit2/install/dynamixel_controller/local/lib/python3.10/dist-packages/dynamixel_controller/dynamixel_controller_s__rosidl_typesupport_c.cpython-310-x86_64-linux-gnu.so" to ""
-- Installing: /home/a/ws_moveit2/install/dynamixel_controller/lib/libdynamixel_controller__rosidl_generator_py.so
-- Set runtime path of "/home/a/ws_moveit2/install/dynamixel_controller/lib/libdynamixel_controller__rosidl_generator_py.so" to ""
-- Installing: /home/a/ws_moveit2/install/dynamixel_controller/share/dynamixel_controller/msg/DynamixelController.idl
-- Installing: /home/a/ws_moveit2/install/dynamixel_controller/share/dynamixel_controller/msg/DynamixelCommand.idl
-- Installing: /home/a/ws_moveit2/install/dynamixel_controller/share/dynamixel_controller/msg/DynamixelResponse.idl
-- Installing: /home/a/ws_moveit2/install/dynamixel_controller/share/dynamixel_controller/msg/DynamixelController.msg
-- Installing: /home/a/ws_moveit2/install/dynamixel_controller/share/dynamixel_controller/msg/DynamixelCommand.msg
-- Installing: /home/a/ws_moveit2/install/dynamixel_controller/share/dynamixel_controller/msg/DynamixelResponse.msg
-- Installing: /home/a/ws_moveit2/install/dynamixel_controller/lib/dynamixel_controller/dynamixel_controller_node
-- Set runtime path of "/home/a/ws_moveit2/install/dynamixel_controller/lib/dynamixel_controller/dynamixel_controller_node" to ""
-- Up-to-date: /home/a/ws_moveit2/install/dynamixel_controller/share/dynamixel_controller/config
-- Up-to-date: /home/a/ws_moveit2/install/dynamixel_controller/share/dynamixel_controller/config/bus_config.yaml
-- Installing: /home/a/ws_moveit2/install/dynamixel_controller/share/ament_index/resource_index/package_run_dependencies/dynamixel_controller
-- Installing: /home/a/ws_moveit2/install/dynamixel_controller/share/ament_index/resource_index/parent_prefix_path/dynamixel_controller
-- Installing: /home/a/ws_moveit2/install/dynamixel_controller/share/dynamixel_controller/environment/ament_prefix_path.sh
-- Installing: /home/a/ws_moveit2/install/dynamixel_controller/share/dynamixel_controller/environment/ament_prefix_path.dsv
-- Installing: /home/a/ws_moveit2/install/dynamixel_controller/share/dynamixel_controller/environment/path.sh
-- Installing: /home/a/ws_moveit2/install/dynamixel_controller/share/dynamixel_controller/environment/path.dsv
-- Installing: /home/a/ws_moveit2/install/dynamixel_controller/share/dynamixel_controller/local_setup.bash
-- Installing: /home/a/ws_moveit2/install/dynamixel_controller/share/dynamixel_controller/local_setup.sh
-- Installing: /home/a/ws_moveit2/install/dynamixel_controller/share/dynamixel_controller/local_setup.zsh
-- Installing: /home/a/ws_moveit2/install/dynamixel_controller/share/dynamixel_controller/local_setup.dsv
-- Installing: /home/a/ws_moveit2/install/dynamixel_controller/share/dynamixel_controller/package.dsv
-- Installing: /home/a/ws_moveit2/install/dynamixel_controller/share/ament_index/resource_index/packages/dynamixel_controller
-- Installing: /home/a/ws_moveit2/install/dynamixel_controller/share/dynamixel_controller/cmake/export_dynamixel_controller__rosidl_generator_cExport.cmake
-- Installing: /home/a/ws_moveit2/install/dynamixel_controller/share/dynamixel_controller/cmake/export_dynamixel_controller__rosidl_generator_cExport-debug.cmake
-- Installing: /home/a/ws_moveit2/install/dynamixel_controller/share/dynamixel_controller/cmake/export_dynamixel_controller__rosidl_typesupport_fastrtps_cExport.cmake
-- Installing: /home/a/ws_moveit2/install/dynamixel_controller/share/dynamixel_controller/cmake/export_dynamixel_controller__rosidl_typesupport_fastrtps_cExport-debug.cmake
-- Installing: /home/a/ws_moveit2/install/dynamixel_controller/share/dynamixel_controller/cmake/export_dynamixel_controller__rosidl_generator_cppExport.cmake
-- Installing: /home/a/ws_moveit2/install/dynamixel_controller/share/dynamixel_controller/cmake/export_dynamixel_controller__rosidl_typesupport_fastrtps_cppExport.cmake
-- Installing: /home/a/ws_moveit2/install/dynamixel_controller/share/dynamixel_controller/cmake/export_dynamixel_controller__rosidl_typesupport_fastrtps_cppExport-debug.cmake
-- Installing: /home/a/ws_moveit2/install/dynamixel_controller/share/dynamixel_controller/cmake/dynamixel_controller__rosidl_typesupport_introspection_cExport.cmake
-- Installing: /home/a/ws_moveit2/install/dynamixel_controller/share/dynamixel_controller/cmake/dynamixel_controller__rosidl_typesupport_introspection_cExport-debug.cmake
-- Installing: /home/a/ws_moveit2/install/dynamixel_controller/share/dynamixel_controller/cmake/dynamixel_controller__rosidl_typesupport_cExport.cmake
-- Installing: /home/a/ws_moveit2/install/dynamixel_controller/share/dynamixel_controller/cmake/dynamixel_controller__rosidl_typesupport_cExport-debug.cmake
-- Installing: /home/a/ws_moveit2/install/dynamixel_controller/share/dynamixel_controller/cmake/dynamixel_controller__rosidl_typesupport_introspection_cppExport.cmake
-- Installing: /home/a/ws_moveit2/install/dynamixel_controller/share/dynamixel_controller/cmake/dynamixel_controller__rosidl_typesupport_introspection_cppExport-debug.cmake
-- Installing: /home/a/ws_moveit2/install/dynamixel_controller/share/dynamixel_controller/cmake/dynamixel_controller__rosidl_typesupport_cppExport.cmake
-- Installing: /home/a/ws_moveit2/install/dynamixel_controller/share/dynamixel_controller/cmake/dynamixel_controller__rosidl_typesupport_cppExport-debug.cmake
-- Installing: /home/a/ws_moveit2/install/dynamixel_controller/share/dynamixel_controller/cmake/export_dynamixel_controller__rosidl_generator_pyExport.cmake
-- Installing: /home/a/ws_moveit2/install/dynamixel_controller/share/dynamixel_controller/cmake/export_dynamixel_controller__rosidl_generator_pyExport-debug.cmake
-- Installing: /home/a/ws_moveit2/install/dynamixel_controller/share/dynamixel_controller/cmake/rosidl_cmake-extras.cmake
-- Installing: /home/a/ws_moveit2/install/dynamixel_controller/share/dynamixel_controller/cmake/ament_cmake_export_dependencies-extras.cmake
-- Installing: /home/a/ws_moveit2/install/dynamixel_controller/share/dynamixel_controller/cmake/ament_cmake_export_include_directories-extras.cmake
-- Installing: /home/a/ws_moveit2/install/dynamixel_controller/share/dynamixel_controller/cmake/ament_cmake_export_libraries-extras.cmake
-- Installing: /home/a/ws_moveit2/install/dynamixel_controller/share/dynamixel_controller/cmake/ament_cmake_export_targets-extras.cmake
-- Installing: /home/a/ws_moveit2/install/dynamixel_controller/share/dynamixel_controller/cmake/rosidl_cmake_export_typesupport_targets-extras.cmake
-- Installing: /home/a/ws_moveit2/install/dynamixel_controller/share/dynamixel_controller/cmake/rosidl_cmake_export_typesupport_libraries-extras.cmake
-- Installing: /home/a/ws_moveit2/install/dynamixel_controller/share/dynamixel_controller/cmake/dynamixel_controllerConfig.cmake
-- Installing: /home/a/ws_moveit2/install/dynamixel_controller/share/dynamixel_controller/cmake/dynamixel_controllerConfig-version.cmake
-- Installing: /home/a/ws_moveit2/install/dynamixel_controller/share/dynamixel_controller/package.xml
