[0.417s] Invoking command in '/home/a/ws_moveit2/src/rogilinkFlex-ros2/rogilink_flex_gui': PYTHONPATH=/home/a/ws_moveit2/build/rogilink_flex_gui/prefix_override:/usr/lib/python3/dist-packages/colcon_core/task/python/colcon_distutils_commands:/home/a/ws_moveit2/install/rogilink_flex_gui/lib/python3.10/site-packages:${PYTHONPATH} /usr/bin/python3 -W ignore:setup.py install is deprecated -W ignore:easy_install command is deprecated setup.py egg_info --egg-base ../../../build/rogilink_flex_gui build --build-base /home/a/ws_moveit2/build/rogilink_flex_gui/build install --record /home/a/ws_moveit2/build/rogilink_flex_gui/install.log --single-version-externally-managed install_data
[0.577s] running egg_info
[0.578s] writing ../../../build/rogilink_flex_gui/rogilink_flex_gui.egg-info/PKG-INFO
[0.578s] writing dependency_links to ../../../build/rogilink_flex_gui/rogilink_flex_gui.egg-info/dependency_links.txt
[0.578s] writing entry points to ../../../build/rogilink_flex_gui/rogilink_flex_gui.egg-info/entry_points.txt
[0.578s] writing requirements to ../../../build/rogilink_flex_gui/rogilink_flex_gui.egg-info/requires.txt
[0.578s] writing top-level names to ../../../build/rogilink_flex_gui/rogilink_flex_gui.egg-info/top_level.txt
[0.579s] reading manifest file '../../../build/rogilink_flex_gui/rogilink_flex_gui.egg-info/SOURCES.txt'
[0.579s] writing manifest file '../../../build/rogilink_flex_gui/rogilink_flex_gui.egg-info/SOURCES.txt'
[0.579s] running build
[0.579s] running build_py
[0.580s] running install
[0.580s] running install_lib
[0.581s] running install_data
[0.581s] running install_egg_info
[0.582s] removing '/home/a/ws_moveit2/install/rogilink_flex_gui/lib/python3.10/site-packages/rogilink_flex_gui-0.0.0-py3.10.egg-info' (and everything under it)
[0.582s] Copying ../../../build/rogilink_flex_gui/rogilink_flex_gui.egg-info to /home/a/ws_moveit2/install/rogilink_flex_gui/lib/python3.10/site-packages/rogilink_flex_gui-0.0.0-py3.10.egg-info
[0.582s] running install_scripts
[0.595s] Installing gui script to /home/a/ws_moveit2/install/rogilink_flex_gui/lib/rogilink_flex_gui
[0.595s] writing list of installed files to '/home/a/ws_moveit2/build/rogilink_flex_gui/install.log'
[0.609s] Invoked command in '/home/a/ws_moveit2/src/rogilinkFlex-ros2/rogilink_flex_gui' returned '0': PYTHONPATH=/home/a/ws_moveit2/build/rogilink_flex_gui/prefix_override:/usr/lib/python3/dist-packages/colcon_core/task/python/colcon_distutils_commands:/home/a/ws_moveit2/install/rogilink_flex_gui/lib/python3.10/site-packages:${PYTHONPATH} /usr/bin/python3 -W ignore:setup.py install is deprecated -W ignore:easy_install command is deprecated setup.py egg_info --egg-base ../../../build/rogilink_flex_gui build --build-base /home/a/ws_moveit2/build/rogilink_flex_gui/build install --record /home/a/ws_moveit2/build/rogilink_flex_gui/install.log --single-version-externally-managed install_data
