Built target ament_cmake_python_copy_rogilink_flex_lib
running egg_info
writing rogilink_flex_lib.egg-info/PKG-INFO
writing dependency_links to rogilink_flex_lib.egg-info/dependency_links.txt
writing top-level names to rogilink_flex_lib.egg-info/top_level.txt
reading manifest file 'rogilink_flex_lib.egg-info/SOURCES.txt'
writing manifest file 'rogilink_flex_lib.egg-info/SOURCES.txt'
Built target ament_cmake_python_build_rogilink_flex_lib_egg
-- Install configuration: ""
-- Up-to-date: /home/a/ws_moveit2/install/rogilink_flex_lib/share/rogilink_flex_lib/environment/pythonpath.sh
-- Up-to-date: /home/a/ws_moveit2/install/rogilink_flex_lib/share/rogilink_flex_lib/environment/pythonpath.dsv
-- Up-to-date: /home/a/ws_moveit2/install/rogilink_flex_lib/local/lib/python3.10/dist-packages/rogilink_flex_lib-0.0.0-py3.10.egg-info
-- Installing: /home/a/ws_moveit2/install/rogilink_flex_lib/local/lib/python3.10/dist-packages/rogilink_flex_lib-0.0.0-py3.10.egg-info/top_level.txt
-- Installing: /home/a/ws_moveit2/install/rogilink_flex_lib/local/lib/python3.10/dist-packages/rogilink_flex_lib-0.0.0-py3.10.egg-info/SOURCES.txt
-- Installing: /home/a/ws_moveit2/install/rogilink_flex_lib/local/lib/python3.10/dist-packages/rogilink_flex_lib-0.0.0-py3.10.egg-info/PKG-INFO
-- Installing: /home/a/ws_moveit2/install/rogilink_flex_lib/local/lib/python3.10/dist-packages/rogilink_flex_lib-0.0.0-py3.10.egg-info/dependency_links.txt
-- Up-to-date: /home/a/ws_moveit2/install/rogilink_flex_lib/local/lib/python3.10/dist-packages/rogilink_flex_lib
-- Up-to-date: /home/a/ws_moveit2/install/rogilink_flex_lib/local/lib/python3.10/dist-packages/rogilink_flex_lib/__init__.py
-- Installing: /home/a/ws_moveit2/install/rogilink_flex_lib/local/lib/python3.10/dist-packages/rogilink_flex_lib/rogilink_flex_lib.py
Listing '/home/a/ws_moveit2/install/rogilink_flex_lib/local/lib/python3.10/dist-packages/rogilink_flex_lib'...
Compiling '/home/a/ws_moveit2/install/rogilink_flex_lib/local/lib/python3.10/dist-packages/rogilink_flex_lib/rogilink_flex_lib.py'...
-- Installing: /home/a/ws_moveit2/install/rogilink_flex_lib/lib/rogilink_flex_lib/rogilink_flex_lib.py
-- Up-to-date: /home/a/ws_moveit2/install/rogilink_flex_lib/share/ament_index/resource_index/package_run_dependencies/rogilink_flex_lib
-- Up-to-date: /home/a/ws_moveit2/install/rogilink_flex_lib/share/ament_index/resource_index/parent_prefix_path/rogilink_flex_lib
-- Up-to-date: /home/a/ws_moveit2/install/rogilink_flex_lib/share/rogilink_flex_lib/environment/ament_prefix_path.sh
-- Up-to-date: /home/a/ws_moveit2/install/rogilink_flex_lib/share/rogilink_flex_lib/environment/ament_prefix_path.dsv
-- Up-to-date: /home/a/ws_moveit2/install/rogilink_flex_lib/share/rogilink_flex_lib/environment/path.sh
-- Up-to-date: /home/a/ws_moveit2/install/rogilink_flex_lib/share/rogilink_flex_lib/environment/path.dsv
-- Up-to-date: /home/a/ws_moveit2/install/rogilink_flex_lib/share/rogilink_flex_lib/local_setup.bash
-- Up-to-date: /home/a/ws_moveit2/install/rogilink_flex_lib/share/rogilink_flex_lib/local_setup.sh
-- Up-to-date: /home/a/ws_moveit2/install/rogilink_flex_lib/share/rogilink_flex_lib/local_setup.zsh
-- Up-to-date: /home/a/ws_moveit2/install/rogilink_flex_lib/share/rogilink_flex_lib/local_setup.dsv
-- Up-to-date: /home/a/ws_moveit2/install/rogilink_flex_lib/share/rogilink_flex_lib/package.dsv
-- Up-to-date: /home/a/ws_moveit2/install/rogilink_flex_lib/share/ament_index/resource_index/packages/rogilink_flex_lib
-- Up-to-date: /home/a/ws_moveit2/install/rogilink_flex_lib/share/rogilink_flex_lib/cmake/rogilink_flex_libConfig.cmake
-- Up-to-date: /home/a/ws_moveit2/install/rogilink_flex_lib/share/rogilink_flex_lib/cmake/rogilink_flex_libConfig-version.cmake
-- Up-to-date: /home/a/ws_moveit2/install/rogilink_flex_lib/share/rogilink_flex_lib/package.xml
