[0.266s] Invoking command in '/home/a/ws_moveit2/build/dynamixel_sdk': CMAKE_PREFIX_PATH=${CMAKE_PREFIX_PATH}:/home/a/ws_moveit2/install/trac_ik_lib:/home/a/ws_moveit2/install/mavlink_controller_client:/home/a/ws_moveit2/install/moveit_configs_utils:/home/a/ws_moveit2/install/srdfdom:/home/a/ws_moveit2/install/ros_tcp_endpoint:/home/a/ws_moveit2/install/rogilink_flex_example_py:/home/a/ws_moveit2/install/rogilink_flex_gui:/home/a/ws_moveit2/install/realsense2_ros_mqtt_bridge:/home/a/ws_moveit2/install/realsense2_camera_msgs:/home/a/ws_moveit2/install/moveit_task_constructor_msgs:/home/a/ws_moveit2/install/moveit_resources_prbt_support:/home/a/ws_moveit2/install/moveit_resources_pr2_description:/home/a/ws_moveit2/install/moveit_resources_panda_description:/home/a/ws_moveit2/install/moveit_resources_fanuc_description:/home/a/ws_moveit2/install/moveit_common:/home/a/ws_moveit2/install/launch_param_builder:/home/a/ws_moveit2/install/dynamixel_sdk_custom_interfaces:/home/a/ws_moveit2/install/dynamixel_controller_gui:/home/a/ws_moveit2/install/dynamixel_sdk:/home/a/ws_moveit2/install/dynamixel_controller_client:/home/a/ws_moveit2/install/d415_rgb_depth_3d:/home/a/ws_moveit2/install/catch_gazebo_ros2_control:/home/a/ws_moveit2/install/blue_seiretu_description:/opt/ros/humble /usr/bin/cmake --build /home/a/ws_moveit2/build/dynamixel_sdk -- -j22 -l22
[0.943s] [100%] Built target dynamixel_sdk
[0.982s] Invoked command in '/home/a/ws_moveit2/build/dynamixel_sdk' returned '0': CMAKE_PREFIX_PATH=${CMAKE_PREFIX_PATH}:/home/a/ws_moveit2/install/trac_ik_lib:/home/a/ws_moveit2/install/mavlink_controller_client:/home/a/ws_moveit2/install/moveit_configs_utils:/home/a/ws_moveit2/install/srdfdom:/home/a/ws_moveit2/install/ros_tcp_endpoint:/home/a/ws_moveit2/install/rogilink_flex_example_py:/home/a/ws_moveit2/install/rogilink_flex_gui:/home/a/ws_moveit2/install/realsense2_ros_mqtt_bridge:/home/a/ws_moveit2/install/realsense2_camera_msgs:/home/a/ws_moveit2/install/moveit_task_constructor_msgs:/home/a/ws_moveit2/install/moveit_resources_prbt_support:/home/a/ws_moveit2/install/moveit_resources_pr2_description:/home/a/ws_moveit2/install/moveit_resources_panda_description:/home/a/ws_moveit2/install/moveit_resources_fanuc_description:/home/a/ws_moveit2/install/moveit_common:/home/a/ws_moveit2/install/launch_param_builder:/home/a/ws_moveit2/install/dynamixel_sdk_custom_interfaces:/home/a/ws_moveit2/install/dynamixel_controller_gui:/home/a/ws_moveit2/install/dynamixel_sdk:/home/a/ws_moveit2/install/dynamixel_controller_client:/home/a/ws_moveit2/install/d415_rgb_depth_3d:/home/a/ws_moveit2/install/catch_gazebo_ros2_control:/home/a/ws_moveit2/install/blue_seiretu_description:/opt/ros/humble /usr/bin/cmake --build /home/a/ws_moveit2/build/dynamixel_sdk -- -j22 -l22
[0.984s] Invoking command in '/home/a/ws_moveit2/build/dynamixel_sdk': CMAKE_PREFIX_PATH=${CMAKE_PREFIX_PATH}:/home/a/ws_moveit2/install/trac_ik_lib:/home/a/ws_moveit2/install/mavlink_controller_client:/home/a/ws_moveit2/install/moveit_configs_utils:/home/a/ws_moveit2/install/srdfdom:/home/a/ws_moveit2/install/ros_tcp_endpoint:/home/a/ws_moveit2/install/rogilink_flex_example_py:/home/a/ws_moveit2/install/rogilink_flex_gui:/home/a/ws_moveit2/install/realsense2_ros_mqtt_bridge:/home/a/ws_moveit2/install/realsense2_camera_msgs:/home/a/ws_moveit2/install/moveit_task_constructor_msgs:/home/a/ws_moveit2/install/moveit_resources_prbt_support:/home/a/ws_moveit2/install/moveit_resources_pr2_description:/home/a/ws_moveit2/install/moveit_resources_panda_description:/home/a/ws_moveit2/install/moveit_resources_fanuc_description:/home/a/ws_moveit2/install/moveit_common:/home/a/ws_moveit2/install/launch_param_builder:/home/a/ws_moveit2/install/dynamixel_sdk_custom_interfaces:/home/a/ws_moveit2/install/dynamixel_controller_gui:/home/a/ws_moveit2/install/dynamixel_sdk:/home/a/ws_moveit2/install/dynamixel_controller_client:/home/a/ws_moveit2/install/d415_rgb_depth_3d:/home/a/ws_moveit2/install/catch_gazebo_ros2_control:/home/a/ws_moveit2/install/blue_seiretu_description:/opt/ros/humble /usr/bin/cmake --install /home/a/ws_moveit2/build/dynamixel_sdk
[1.015s] -- Install configuration: ""
[1.015s] -- Up-to-date: /home/a/ws_moveit2/install/dynamixel_sdk/include/
[1.015s] -- Up-to-date: /home/a/ws_moveit2/install/dynamixel_sdk/include//dynamixel_sdk
[1.015s] -- Up-to-date: /home/a/ws_moveit2/install/dynamixel_sdk/include//dynamixel_sdk/port_handler_mac.h
[1.015s] -- Up-to-date: /home/a/ws_moveit2/install/dynamixel_sdk/include//dynamixel_sdk/protocol2_packet_handler.h
[1.015s] -- Up-to-date: /home/a/ws_moveit2/install/dynamixel_sdk/include//dynamixel_sdk/packet_handler.h
[1.015s] -- Up-to-date: /home/a/ws_moveit2/install/dynamixel_sdk/include//dynamixel_sdk/group_sync_read.h
[1.015s] -- Up-to-date: /home/a/ws_moveit2/install/dynamixel_sdk/include//dynamixel_sdk/dynamixel_sdk.h
[1.015s] -- Up-to-date: /home/a/ws_moveit2/install/dynamixel_sdk/include//dynamixel_sdk/port_handler.h
[1.015s] -- Up-to-date: /home/a/ws_moveit2/install/dynamixel_sdk/include//dynamixel_sdk/group_bulk_read.h
[1.015s] -- Up-to-date: /home/a/ws_moveit2/install/dynamixel_sdk/include//dynamixel_sdk/group_bulk_write.h
[1.015s] -- Up-to-date: /home/a/ws_moveit2/install/dynamixel_sdk/include//dynamixel_sdk/port_handler_windows.h
[1.015s] -- Up-to-date: /home/a/ws_moveit2/install/dynamixel_sdk/include//dynamixel_sdk/port_handler_arduino.h
[1.015s] -- Up-to-date: /home/a/ws_moveit2/install/dynamixel_sdk/include//dynamixel_sdk/protocol1_packet_handler.h
[1.015s] -- Up-to-date: /home/a/ws_moveit2/install/dynamixel_sdk/include//dynamixel_sdk/port_handler_linux.h
[1.015s] -- Up-to-date: /home/a/ws_moveit2/install/dynamixel_sdk/include//dynamixel_sdk/group_sync_write.h
[1.015s] -- Up-to-date: /home/a/ws_moveit2/install/dynamixel_sdk/lib/libdynamixel_sdk.so
[1.015s] -- Up-to-date: /home/a/ws_moveit2/install/dynamixel_sdk/share/dynamixel_sdk/environment/library_path.sh
[1.015s] -- Up-to-date: /home/a/ws_moveit2/install/dynamixel_sdk/share/dynamixel_sdk/environment/library_path.dsv
[1.015s] -- Up-to-date: /home/a/ws_moveit2/install/dynamixel_sdk/share/ament_index/resource_index/package_run_dependencies/dynamixel_sdk
[1.015s] -- Up-to-date: /home/a/ws_moveit2/install/dynamixel_sdk/share/ament_index/resource_index/parent_prefix_path/dynamixel_sdk
[1.015s] -- Up-to-date: /home/a/ws_moveit2/install/dynamixel_sdk/share/dynamixel_sdk/environment/ament_prefix_path.sh
[1.015s] -- Up-to-date: /home/a/ws_moveit2/install/dynamixel_sdk/share/dynamixel_sdk/environment/ament_prefix_path.dsv
[1.015s] -- Up-to-date: /home/a/ws_moveit2/install/dynamixel_sdk/share/dynamixel_sdk/environment/path.sh
[1.015s] -- Up-to-date: /home/a/ws_moveit2/install/dynamixel_sdk/share/dynamixel_sdk/environment/path.dsv
[1.015s] -- Up-to-date: /home/a/ws_moveit2/install/dynamixel_sdk/share/dynamixel_sdk/local_setup.bash
[1.015s] -- Up-to-date: /home/a/ws_moveit2/install/dynamixel_sdk/share/dynamixel_sdk/local_setup.sh
[1.015s] -- Up-to-date: /home/a/ws_moveit2/install/dynamixel_sdk/share/dynamixel_sdk/local_setup.zsh
[1.015s] -- Up-to-date: /home/a/ws_moveit2/install/dynamixel_sdk/share/dynamixel_sdk/local_setup.dsv
[1.015s] -- Up-to-date: /home/a/ws_moveit2/install/dynamixel_sdk/share/dynamixel_sdk/package.dsv
[1.015s] -- Up-to-date: /home/a/ws_moveit2/install/dynamixel_sdk/share/ament_index/resource_index/packages/dynamixel_sdk
[1.015s] -- Up-to-date: /home/a/ws_moveit2/install/dynamixel_sdk/share/dynamixel_sdk/cmake/ament_cmake_export_include_directories-extras.cmake
[1.015s] -- Up-to-date: /home/a/ws_moveit2/install/dynamixel_sdk/share/dynamixel_sdk/cmake/ament_cmake_export_libraries-extras.cmake
[1.016s] -- Up-to-date: /home/a/ws_moveit2/install/dynamixel_sdk/share/dynamixel_sdk/cmake/dynamixel_sdkConfig.cmake
[1.016s] -- Up-to-date: /home/a/ws_moveit2/install/dynamixel_sdk/share/dynamixel_sdk/cmake/dynamixel_sdkConfig-version.cmake
[1.016s] -- Up-to-date: /home/a/ws_moveit2/install/dynamixel_sdk/share/dynamixel_sdk/package.xml
